[tyssue_flow] flow_solid_v06_l25: p0=3.6 v0=0.06 l_th=0.25 relax=4  (Nv=378, F=162)
[engine] 180 sim frames -> recording 181 set frames (stride 1), fields every 1 steps (<= 256)
[engine] === tyssue_flow_flow_solid_v06_l25 ===  dim=2  world=[18, 20]  boundary=free  dt=1  frames=180
[engine] sets:      vertex(378)
[engine] fields:    —
[engine] operators: growth: mesh_seed, topo_snapshot   mechanics: shape_energy   topology: t1_transition
           -> T1(cum)=220  MSD=0.019  invalid=0
[tyssue_flow] montage -> /groups/saalfeld/home/allierc/Graph/Plexus/prototype/Tyssue/archive


------------------------------------------------------------
Sender: LSF System <lsfadmin@h08u02>
Subject: Job 153141231: <tv_flow_solid_v06_l25> in cluster <Janelia> Done

Job <tv_flow_solid_v06_l25> was submitted from host <e02u30> by user <allierc> in cluster <Janelia> at Tue Jul 21 03:52:07 2026
Job was executed on host(s) <16*h08u02>, in queue <gpu_l4>, as user <allierc> in cluster <Janelia> at Tue Jul 21 03:52:07 2026
</groups/saalfeld/home/allierc> was used as the home directory.
</groups/saalfeld/home/allierc/Graph/Plexus/prototype/Tyssue> was used as the working directory.
Started at Tue Jul 21 03:52:07 2026
Terminated at Tue Jul 21 03:52:24 2026
Results reported at Tue Jul 21 03:52:24 2026

Your job looked like:

------------------------------------------------------------
# LSBATCH: User input
bash -l /groups/saalfeld/home/allierc/Graph/Plexus/prototype/Tyssue/cluster_logs/flow_solid_v06_l25.sh
------------------------------------------------------------

Successfully completed.

Resource usage summary:

    CPU time :                                   21.17 sec.
    Max Memory :                                 555 MB
    Average Memory :                             351.50 MB
    Total Requested Memory :                     245760.00 MB
    Delta Memory :                               245205.00 MB
    Max Swap :                                   -
    Max Processes :                              7
    Max Threads :                                68
    Run time :                                   20 sec.
    Turnaround time :                            17 sec.

The output (if any) is above this job summary.



PS:

Read file </groups/saalfeld/home/allierc/Graph/Plexus/prototype/Tyssue/cluster_logs/flow_solid_v06_l25.err> for stderr output of this job.

