[resolution] inherited: n_grid=128 particles=16384 substeps=10 dt_sub=0.0002 (frame dt = 2.0e-03)
[resolution] sub_5_g192: n_grid=192 particles=16384 substeps=5 dt_sub=0.0004 (frame dt = 2.0e-03)
[resolution] sub_10_g192: n_grid=192 particles=16384 substeps=10 dt_sub=0.0002 (frame dt = 2.0e-03)
[resolution] sub_20_g192: n_grid=192 particles=16384 substeps=20 dt_sub=0.0001 (frame dt = 2.0e-03)

========================================================================================================
  RESOLUTION -- the same configuration at different discretisations
========================================================================================================
  variant        parts  magnitude   opening    loopy  direction  orient rad
  inherited      16384     1.8277    1.7695   0.7312     0.6721      0.4031
  sub_5_g192     16384     1.5012    1.7067   0.9339     0.6582      0.3914
  sub_10_g192    16384     1.5018    1.7938   0.9687     0.6636      0.3937
  sub_20_g192    16384     1.5144    1.7391   0.9550     0.6550      0.3995
  grid_96        16384     1.9458    1.6939   0.6427     0.6574      0.3948
  grid_192       16384     1.5018    1.7938   0.9687     0.6636      0.3937
  part_8k         8192     1.6546    2.0185   0.9304     0.6559      0.4316
  part_32k       32768     1.9592    1.6609   0.6216     0.6587      0.3952
  sub_5          16384     1.8499    1.8093   0.7256     0.6719      0.4007
  sub_20         16384     1.8213    1.7503   0.7315     0.6671      0.4017

  Read as DELTA from the inherited point. A delta larger than the seed-noise
  floor (Phase 2) means the discretisation is a lever and must be declared.
