This is pdfTeX, Version 3.141592653-2.6-1.40.26 (TeX Live 2025/dev/Debian) (preloaded format=pdflatex 2026.7.2)  2 AUG 2026 09:31
entering extended mode
 restricted \write18 enabled.
 %&-line parsing enabled.
**atlas_note.tex
(./atlas_note.tex
LaTeX2e <2024-11-01> patch level 2
L3 programming layer <2025-01-18>
(/usr/share/texlive/texmf-dist/tex/latex/base/article.cls
Document Class: article 2024/06/29 v1.4n Standard LaTeX document class
(/usr/share/texlive/texmf-dist/tex/latex/base/size11.clo
File: size11.clo 2024/06/29 v1.4n Standard LaTeX file (size option)
)
\c@part=\count196
\c@section=\count197
\c@subsection=\count198
\c@subsubsection=\count199
\c@paragraph=\count266
\c@subparagraph=\count267
\c@figure=\count268
\c@table=\count269
\abovecaptionskip=\skip49
\belowcaptionskip=\skip50
\bibindent=\dimen141
)
(/usr/share/texlive/texmf-dist/tex/latex/geometry/geometry.sty
Package: geometry 2020/01/02 v5.9 Page Geometry

(/usr/share/texlive/texmf-dist/tex/latex/graphics/keyval.sty
Package: keyval 2022/05/29 v1.15 key=value parser (DPC)
\KV@toks@=\toks17
)
(/usr/share/texlive/texmf-dist/tex/generic/iftex/ifvtex.sty
Package: ifvtex 2019/10/25 v1.7 ifvtex legacy package. Use iftex instead.

(/usr/share/texlive/texmf-dist/tex/generic/iftex/iftex.sty
Package: iftex 2024/12/12 v1.0g TeX engine tests
))
\Gm@cnth=\count270
\Gm@cntv=\count271
\c@Gm@tempcnt=\count272
\Gm@bindingoffset=\dimen142
\Gm@wd@mp=\dimen143
\Gm@odd@mp=\dimen144
\Gm@even@mp=\dimen145
\Gm@layoutwidth=\dimen146
\Gm@layoutheight=\dimen147
\Gm@layouthoffset=\dimen148
\Gm@layoutvoffset=\dimen149
\Gm@dimlist=\toks18
)
(/usr/share/texlive/texmf-dist/tex/latex/base/fontenc.sty
Package: fontenc 2021/04/29 v2.0v Standard LaTeX package
)
(/usr/share/texlive/texmf-dist/tex/latex/booktabs/booktabs.sty
Package: booktabs 2020/01/12 v1.61803398 Publication quality tables
\heavyrulewidth=\dimen150
\lightrulewidth=\dimen151
\cmidrulewidth=\dimen152
\belowrulesep=\dimen153
\belowbottomsep=\dimen154
\aboverulesep=\dimen155
\abovetopsep=\dimen156
\cmidrulesep=\dimen157
\cmidrulekern=\dimen158
\defaultaddspace=\dimen159
\@cmidla=\count273
\@cmidlb=\count274
\@aboverulesep=\dimen160
\@belowrulesep=\dimen161
\@thisruleclass=\count275
\@lastruleclass=\count276
\@thisrulewidth=\dimen162
)
(/usr/share/texlive/texmf-dist/tex/latex/tools/array.sty
Package: array 2024/10/17 v2.6g Tabular extension package (FMi)
\col@sep=\dimen163
\ar@mcellbox=\box52
\extrarowheight=\dimen164
\NC@list=\toks19
\extratabsurround=\skip51
\backup@length=\skip52
\ar@cellbox=\box53
)
(/usr/share/texlive/texmf-dist/tex/latex/xcolor/xcolor.sty
Package: xcolor 2024/09/29 v3.02 LaTeX color extensions (UK)

(/usr/share/texlive/texmf-dist/tex/latex/graphics-cfg/color.cfg
File: color.cfg 2016/01/02 v1.6 sample color configuration
)
Package xcolor Info: Driver file: pdftex.def on input line 274.

(/usr/share/texlive/texmf-dist/tex/latex/graphics-def/pdftex.def
File: pdftex.def 2024/04/13 v1.2c Graphics/color driver for pdftex
)
(/usr/share/texlive/texmf-dist/tex/latex/graphics/mathcolor.ltx)
Package xcolor Info: Model `cmy' substituted by `cmy0' on input line 1349.
Package xcolor Info: Model `hsb' substituted by `rgb' on input line 1353.
Package xcolor Info: Model `RGB' extended on input line 1365.
Package xcolor Info: Model `HTML' substituted by `rgb' on input line 1367.
Package xcolor Info: Model `Hsb' substituted by `hsb' on input line 1368.
Package xcolor Info: Model `tHsb' substituted by `hsb' on input line 1369.
Package xcolor Info: Model `HSB' substituted by `hsb' on input line 1370.
Package xcolor Info: Model `Gray' substituted by `gray' on input line 1371.
Package xcolor Info: Model `wave' substituted by `hsb' on input line 1372.
)
(/usr/share/texlive/texmf-dist/tex/latex/titlesec/titlesec.sty
Package: titlesec 2025/01/04 v2.17 Sectioning titles
\ttl@box=\box54
\beforetitleunit=\skip53
\aftertitleunit=\skip54
\ttl@plus=\dimen165
\ttl@minus=\dimen166
\ttl@toksa=\toks20
\titlewidth=\dimen167
\titlewidthlast=\dimen168
\titlewidthfirst=\dimen169
)
(/usr/share/texlive/texmf-dist/tex/latex/enumitem/enumitem.sty
Package: enumitem 2025/02/06 v3.11 Customized lists
\labelindent=\skip55
\enit@outerparindent=\dimen170
\enit@toks=\toks21
\enit@inbox=\box55
\enit@count@id=\count277
\enitdp@description=\count278
)
(/usr/share/texlive/texmf-dist/tex/latex/tcolorbox/tcolorbox.sty
Package: tcolorbox 2024/10/22 version 6.4.1 text color boxes

(/usr/share/texlive/texmf-dist/tex/latex/pgf/frontendlayer/tikz.sty
(/usr/share/texlive/texmf-dist/tex/latex/pgf/basiclayer/pgf.sty
(/usr/share/texlive/texmf-dist/tex/latex/pgf/utilities/pgfrcs.sty
(/usr/share/texlive/texmf-dist/tex/generic/pgf/utilities/pgfutil-common.tex
\pgfutil@everybye=\toks22
\pgfutil@tempdima=\dimen171
\pgfutil@tempdimb=\dimen172
)
(/usr/share/texlive/texmf-dist/tex/generic/pgf/utilities/pgfutil-latex.def
\pgfutil@abb=\box56
)
(/usr/share/texlive/texmf-dist/tex/generic/pgf/utilities/pgfrcs.code.tex
(/usr/share/texlive/texmf-dist/tex/generic/pgf/pgf.revision.tex)
Package: pgfrcs 2023-01-15 v3.1.10 (3.1.10)
))
Package: pgf 2023-01-15 v3.1.10 (3.1.10)

(/usr/share/texlive/texmf-dist/tex/latex/pgf/basiclayer/pgfcore.sty
(/usr/share/texlive/texmf-dist/tex/latex/graphics/graphicx.sty
Package: graphicx 2021/09/16 v1.2d Enhanced LaTeX Graphics (DPC,SPQR)

(/usr/share/texlive/texmf-dist/tex/latex/graphics/graphics.sty
Package: graphics 2024/08/06 v1.4g Standard LaTeX Graphics (DPC,SPQR)

(/usr/share/texlive/texmf-dist/tex/latex/graphics/trig.sty
Package: trig 2023/12/02 v1.11 sin cos tan (DPC)
)
(/usr/share/texlive/texmf-dist/tex/latex/graphics-cfg/graphics.cfg
File: graphics.cfg 2016/06/04 v1.11 sample graphics configuration
)
Package graphics Info: Driver file: pdftex.def on input line 106.
)
\Gin@req@height=\dimen173
\Gin@req@width=\dimen174
)
(/usr/share/texlive/texmf-dist/tex/latex/pgf/systemlayer/pgfsys.sty
(/usr/share/texlive/texmf-dist/tex/generic/pgf/systemlayer/pgfsys.code.tex
Package: pgfsys 2023-01-15 v3.1.10 (3.1.10)

(/usr/share/texlive/texmf-dist/tex/generic/pgf/utilities/pgfkeys.code.tex
\pgfkeys@pathtoks=\toks23
\pgfkeys@temptoks=\toks24

(/usr/share/texlive/texmf-dist/tex/generic/pgf/utilities/pgfkeyslibraryfiltered
.code.tex
\pgfkeys@tmptoks=\toks25
))
\pgf@x=\dimen175
\pgf@y=\dimen176
\pgf@xa=\dimen177
\pgf@ya=\dimen178
\pgf@xb=\dimen179
\pgf@yb=\dimen180
\pgf@xc=\dimen181
\pgf@yc=\dimen182
\pgf@xd=\dimen183
\pgf@yd=\dimen184
\w@pgf@writea=\write3
\r@pgf@reada=\read2
\c@pgf@counta=\count279
\c@pgf@countb=\count280
\c@pgf@countc=\count281
\c@pgf@countd=\count282
\t@pgf@toka=\toks26
\t@pgf@tokb=\toks27
\t@pgf@tokc=\toks28
\pgf@sys@id@count=\count283
 (/usr/share/texlive/texmf-dist/tex/generic/pgf/systemlayer/pgf.cfg
File: pgf.cfg 2023-01-15 v3.1.10 (3.1.10)
)
Driver file for pgf: pgfsys-pdftex.def
(/usr/share/texlive/texmf-dist/tex/generic/pgf/systemlayer/pgfsys-pdftex.def
File: pgfsys-pdftex.def 2023-01-15 v3.1.10 (3.1.10)

(/usr/share/texlive/texmf-dist/tex/generic/pgf/systemlayer/pgfsys-common-pdf.de
f
File: pgfsys-common-pdf.def 2023-01-15 v3.1.10 (3.1.10)
)))
(/usr/share/texlive/texmf-dist/tex/generic/pgf/systemlayer/pgfsyssoftpath.code.
tex
File: pgfsyssoftpath.code.tex 2023-01-15 v3.1.10 (3.1.10)
\pgfsyssoftpath@smallbuffer@items=\count284
\pgfsyssoftpath@bigbuffer@items=\count285
)
(/usr/share/texlive/texmf-dist/tex/generic/pgf/systemlayer/pgfsysprotocol.code.
tex
File: pgfsysprotocol.code.tex 2023-01-15 v3.1.10 (3.1.10)
))
(/usr/share/texlive/texmf-dist/tex/generic/pgf/basiclayer/pgfcore.code.tex
Package: pgfcore 2023-01-15 v3.1.10 (3.1.10)

(/usr/share/texlive/texmf-dist/tex/generic/pgf/math/pgfmath.code.tex
(/usr/share/texlive/texmf-dist/tex/generic/pgf/math/pgfmathutil.code.tex)
(/usr/share/texlive/texmf-dist/tex/generic/pgf/math/pgfmathparser.code.tex
\pgfmath@dimen=\dimen185
\pgfmath@count=\count286
\pgfmath@box=\box57
\pgfmath@toks=\toks29
\pgfmath@stack@operand=\toks30
\pgfmath@stack@operation=\toks31
)
(/usr/share/texlive/texmf-dist/tex/generic/pgf/math/pgfmathfunctions.code.tex)
(/usr/share/texlive/texmf-dist/tex/generic/pgf/math/pgfmathfunctions.basic.code
.tex)
(/usr/share/texlive/texmf-dist/tex/generic/pgf/math/pgfmathfunctions.trigonomet
ric.code.tex)
(/usr/share/texlive/texmf-dist/tex/generic/pgf/math/pgfmathfunctions.random.cod
e.tex)
(/usr/share/texlive/texmf-dist/tex/generic/pgf/math/pgfmathfunctions.comparison
.code.tex)
(/usr/share/texlive/texmf-dist/tex/generic/pgf/math/pgfmathfunctions.base.code.
tex)
(/usr/share/texlive/texmf-dist/tex/generic/pgf/math/pgfmathfunctions.round.code
.tex)
(/usr/share/texlive/texmf-dist/tex/generic/pgf/math/pgfmathfunctions.misc.code.
tex)
(/usr/share/texlive/texmf-dist/tex/generic/pgf/math/pgfmathfunctions.integerari
thmetics.code.tex)
(/usr/share/texlive/texmf-dist/tex/generic/pgf/math/pgfmathcalc.code.tex)
(/usr/share/texlive/texmf-dist/tex/generic/pgf/math/pgfmathfloat.code.tex
\c@pgfmathroundto@lastzeros=\count287
))
(/usr/share/texlive/texmf-dist/tex/generic/pgf/math/pgfint.code.tex)
(/usr/share/texlive/texmf-dist/tex/generic/pgf/basiclayer/pgfcorepoints.code.te
x
File: pgfcorepoints.code.tex 2023-01-15 v3.1.10 (3.1.10)
\pgf@picminx=\dimen186
\pgf@picmaxx=\dimen187
\pgf@picminy=\dimen188
\pgf@picmaxy=\dimen189
\pgf@pathminx=\dimen190
\pgf@pathmaxx=\dimen191
\pgf@pathminy=\dimen192
\pgf@pathmaxy=\dimen193
\pgf@xx=\dimen194
\pgf@xy=\dimen195
\pgf@yx=\dimen196
\pgf@yy=\dimen197
\pgf@zx=\dimen198
\pgf@zy=\dimen199
)
(/usr/share/texlive/texmf-dist/tex/generic/pgf/basiclayer/pgfcorepathconstruct.
code.tex
File: pgfcorepathconstruct.code.tex 2023-01-15 v3.1.10 (3.1.10)
\pgf@path@lastx=\dimen256
\pgf@path@lasty=\dimen257
)
(/usr/share/texlive/texmf-dist/tex/generic/pgf/basiclayer/pgfcorepathusage.code
.tex
File: pgfcorepathusage.code.tex 2023-01-15 v3.1.10 (3.1.10)
\pgf@shorten@end@additional=\dimen258
\pgf@shorten@start@additional=\dimen259
)
(/usr/share/texlive/texmf-dist/tex/generic/pgf/basiclayer/pgfcorescopes.code.te
x
File: pgfcorescopes.code.tex 2023-01-15 v3.1.10 (3.1.10)
\pgfpic=\box58
\pgf@hbox=\box59
\pgf@layerbox@main=\box60
\pgf@picture@serial@count=\count288
)
(/usr/share/texlive/texmf-dist/tex/generic/pgf/basiclayer/pgfcoregraphicstate.c
ode.tex
File: pgfcoregraphicstate.code.tex 2023-01-15 v3.1.10 (3.1.10)
\pgflinewidth=\dimen260
)
(/usr/share/texlive/texmf-dist/tex/generic/pgf/basiclayer/pgfcoretransformation
s.code.tex
File: pgfcoretransformations.code.tex 2023-01-15 v3.1.10 (3.1.10)
\pgf@pt@x=\dimen261
\pgf@pt@y=\dimen262
\pgf@pt@temp=\dimen263
)
(/usr/share/texlive/texmf-dist/tex/generic/pgf/basiclayer/pgfcorequick.code.tex
File: pgfcorequick.code.tex 2023-01-15 v3.1.10 (3.1.10)
)
(/usr/share/texlive/texmf-dist/tex/generic/pgf/basiclayer/pgfcoreobjects.code.t
ex
File: pgfcoreobjects.code.tex 2023-01-15 v3.1.10 (3.1.10)
)
(/usr/share/texlive/texmf-dist/tex/generic/pgf/basiclayer/pgfcorepathprocessing
.code.tex
File: pgfcorepathprocessing.code.tex 2023-01-15 v3.1.10 (3.1.10)
)
(/usr/share/texlive/texmf-dist/tex/generic/pgf/basiclayer/pgfcorearrows.code.te
x
File: pgfcorearrows.code.tex 2023-01-15 v3.1.10 (3.1.10)
\pgfarrowsep=\dimen264
)
(/usr/share/texlive/texmf-dist/tex/generic/pgf/basiclayer/pgfcoreshade.code.tex
File: pgfcoreshade.code.tex 2023-01-15 v3.1.10 (3.1.10)
\pgf@max=\dimen265
\pgf@sys@shading@range@num=\count289
\pgf@shadingcount=\count290
)
(/usr/share/texlive/texmf-dist/tex/generic/pgf/basiclayer/pgfcoreimage.code.tex
File: pgfcoreimage.code.tex 2023-01-15 v3.1.10 (3.1.10)
)
(/usr/share/texlive/texmf-dist/tex/generic/pgf/basiclayer/pgfcoreexternal.code.
tex
File: pgfcoreexternal.code.tex 2023-01-15 v3.1.10 (3.1.10)
\pgfexternal@startupbox=\box61
)
(/usr/share/texlive/texmf-dist/tex/generic/pgf/basiclayer/pgfcorelayers.code.te
x
File: pgfcorelayers.code.tex 2023-01-15 v3.1.10 (3.1.10)
)
(/usr/share/texlive/texmf-dist/tex/generic/pgf/basiclayer/pgfcoretransparency.c
ode.tex
File: pgfcoretransparency.code.tex 2023-01-15 v3.1.10 (3.1.10)
)
(/usr/share/texlive/texmf-dist/tex/generic/pgf/basiclayer/pgfcorepatterns.code.
tex
File: pgfcorepatterns.code.tex 2023-01-15 v3.1.10 (3.1.10)
)
(/usr/share/texlive/texmf-dist/tex/generic/pgf/basiclayer/pgfcorerdf.code.tex
File: pgfcorerdf.code.tex 2023-01-15 v3.1.10 (3.1.10)
)))
(/usr/share/texlive/texmf-dist/tex/generic/pgf/modules/pgfmoduleshapes.code.tex
File: pgfmoduleshapes.code.tex 2023-01-15 v3.1.10 (3.1.10)
\pgfnodeparttextbox=\box62
) (/usr/share/texlive/texmf-dist/tex/generic/pgf/modules/pgfmoduleplot.code.tex
File: pgfmoduleplot.code.tex 2023-01-15 v3.1.10 (3.1.10)
)
(/usr/share/texlive/texmf-dist/tex/latex/pgf/compatibility/pgfcomp-version-0-65
.sty
Package: pgfcomp-version-0-65 2023-01-15 v3.1.10 (3.1.10)
\pgf@nodesepstart=\dimen266
\pgf@nodesepend=\dimen267
)
(/usr/share/texlive/texmf-dist/tex/latex/pgf/compatibility/pgfcomp-version-1-18
.sty
Package: pgfcomp-version-1-18 2023-01-15 v3.1.10 (3.1.10)
)) (/usr/share/texlive/texmf-dist/tex/latex/pgf/utilities/pgffor.sty
(/usr/share/texlive/texmf-dist/tex/latex/pgf/utilities/pgfkeys.sty
(/usr/share/texlive/texmf-dist/tex/generic/pgf/utilities/pgfkeys.code.tex))
(/usr/share/texlive/texmf-dist/tex/latex/pgf/math/pgfmath.sty
(/usr/share/texlive/texmf-dist/tex/generic/pgf/math/pgfmath.code.tex))
(/usr/share/texlive/texmf-dist/tex/generic/pgf/utilities/pgffor.code.tex
Package: pgffor 2023-01-15 v3.1.10 (3.1.10)
\pgffor@iter=\dimen268
\pgffor@skip=\dimen269
\pgffor@stack=\toks32
\pgffor@toks=\toks33
))
(/usr/share/texlive/texmf-dist/tex/generic/pgf/frontendlayer/tikz/tikz.code.tex
Package: tikz 2023-01-15 v3.1.10 (3.1.10)

(/usr/share/texlive/texmf-dist/tex/generic/pgf/libraries/pgflibraryplothandlers
.code.tex
File: pgflibraryplothandlers.code.tex 2023-01-15 v3.1.10 (3.1.10)
\pgf@plot@mark@count=\count291
\pgfplotmarksize=\dimen270
)
\tikz@lastx=\dimen271
\tikz@lasty=\dimen272
\tikz@lastxsaved=\dimen273
\tikz@lastysaved=\dimen274
\tikz@lastmovetox=\dimen275
\tikz@lastmovetoy=\dimen276
\tikzleveldistance=\dimen277
\tikzsiblingdistance=\dimen278
\tikz@figbox=\box63
\tikz@figbox@bg=\box64
\tikz@tempbox=\box65
\tikz@tempbox@bg=\box66
\tikztreelevel=\count292
\tikznumberofchildren=\count293
\tikznumberofcurrentchild=\count294
\tikz@fig@count=\count295

(/usr/share/texlive/texmf-dist/tex/generic/pgf/modules/pgfmodulematrix.code.tex
File: pgfmodulematrix.code.tex 2023-01-15 v3.1.10 (3.1.10)
\pgfmatrixcurrentrow=\count296
\pgfmatrixcurrentcolumn=\count297
\pgf@matrix@numberofcolumns=\count298
)
\tikz@expandcount=\count299

(/usr/share/texlive/texmf-dist/tex/generic/pgf/frontendlayer/tikz/libraries/tik
zlibrarytopaths.code.tex
File: tikzlibrarytopaths.code.tex 2023-01-15 v3.1.10 (3.1.10)
)))
(/usr/share/texlive/texmf-dist/tex/latex/tools/verbatim.sty
Package: verbatim 2024-01-22 v1.5x LaTeX2e package for verbatim enhancements
\every@verbatim=\toks34
\verbatim@line=\toks35
\verbatim@in@stream=\read3
)
(/usr/share/texlive/texmf-dist/tex/latex/environ/environ.sty
Package: environ 2014/05/04 v0.3 A new way to define environments

(/usr/share/texlive/texmf-dist/tex/latex/trimspaces/trimspaces.sty
Package: trimspaces 2009/09/17 v1.1 Trim spaces around a token list
)
\@envbody=\toks36
)
(/usr/share/texlive/texmf-dist/tex/latex/etoolbox/etoolbox.sty
Package: etoolbox 2025/02/11 v2.5l e-TeX tools for LaTeX (JAW)
\etb@tempcnta=\count300
)
\tcb@titlebox=\box67
\tcb@upperbox=\box68
\tcb@lowerbox=\box69
\tcb@phantombox=\box70
\c@tcbbreakpart=\count301
\c@tcblayer=\count302
\c@tcolorbox@number=\count303
\l__tcobox_tmpa_box=\box71
\l__tcobox_tmpa_dim=\dimen279
\tcb@temp=\box72
\tcb@temp=\box73
\tcb@temp=\box74
\tcb@temp=\box75
)
(/usr/share/texlive/texmf-dist/tex/latex/amsmath/amsmath.sty
Package: amsmath 2024/11/05 v2.17t AMS math features
\@mathmargin=\skip56

For additional information on amsmath, use the `?' option.
(/usr/share/texlive/texmf-dist/tex/latex/amsmath/amstext.sty
Package: amstext 2021/08/26 v2.01 AMS text

(/usr/share/texlive/texmf-dist/tex/latex/amsmath/amsgen.sty
File: amsgen.sty 1999/11/30 v2.0 generic functions
\@emptytoks=\toks37
\ex@=\dimen280
))
(/usr/share/texlive/texmf-dist/tex/latex/amsmath/amsbsy.sty
Package: amsbsy 1999/11/29 v1.2d Bold Symbols
\pmbraise@=\dimen281
)
(/usr/share/texlive/texmf-dist/tex/latex/amsmath/amsopn.sty
Package: amsopn 2022/04/08 v2.04 operator names
)
\inf@bad=\count304
LaTeX Info: Redefining \frac on input line 233.
\uproot@=\count305
\leftroot@=\count306
LaTeX Info: Redefining \overline on input line 398.
LaTeX Info: Redefining \colon on input line 409.
\classnum@=\count307
\DOTSCASE@=\count308
LaTeX Info: Redefining \ldots on input line 495.
LaTeX Info: Redefining \dots on input line 498.
LaTeX Info: Redefining \cdots on input line 619.
\Mathstrutbox@=\box76
\strutbox@=\box77
LaTeX Info: Redefining \big on input line 721.
LaTeX Info: Redefining \Big on input line 722.
LaTeX Info: Redefining \bigg on input line 723.
LaTeX Info: Redefining \Bigg on input line 724.
\big@size=\dimen282
LaTeX Font Info:    Redeclaring font encoding OML on input line 742.
LaTeX Font Info:    Redeclaring font encoding OMS on input line 743.
\macc@depth=\count309
LaTeX Info: Redefining \bmod on input line 904.
LaTeX Info: Redefining \pmod on input line 909.
LaTeX Info: Redefining \smash on input line 939.
LaTeX Info: Redefining \relbar on input line 969.
LaTeX Info: Redefining \Relbar on input line 970.
\c@MaxMatrixCols=\count310
\dotsspace@=\muskip17
\c@parentequation=\count311
\dspbrk@lvl=\count312
\tag@help=\toks38
\row@=\count313
\column@=\count314
\maxfields@=\count315
\andhelp@=\toks39
\eqnshift@=\dimen283
\alignsep@=\dimen284
\tagshift@=\dimen285
\tagwidth@=\dimen286
\totwidth@=\dimen287
\lineht@=\dimen288
\@envbody=\toks40
\multlinegap=\skip57
\multlinetaggap=\skip58
\mathdisplay@stack=\toks41
LaTeX Info: Redefining \[ on input line 2953.
LaTeX Info: Redefining \] on input line 2954.
)
(/usr/share/texlive/texmf-dist/tex/latex/amsfonts/amssymb.sty
Package: amssymb 2013/01/14 v3.01 AMS font symbols

(/usr/share/texlive/texmf-dist/tex/latex/amsfonts/amsfonts.sty
Package: amsfonts 2013/01/14 v3.01 Basic AMSFonts support
\symAMSa=\mathgroup4
\symAMSb=\mathgroup5
LaTeX Font Info:    Redeclaring math symbol \hbar on input line 98.
LaTeX Font Info:    Overwriting math alphabet `\mathfrak' in version `bold'
(Font)                  U/euf/m/n --> U/euf/b/n on input line 106.
))
(/usr/share/texlive/texmf-dist/tex/latex/tools/longtable.sty
Package: longtable 2024-10-27 v4.22 Multi-page Table package (DPC)
\LTleft=\skip59
\LTright=\skip60
\LTpre=\skip61
\LTpost=\skip62
\LTchunksize=\count316
\LTcapwidth=\dimen289
\LT@head=\box78
\LT@firsthead=\box79
\LT@foot=\box80
\LT@lastfoot=\box81
\LT@gbox=\box82
\LT@cols=\count317
\LT@rows=\count318
\c@LT@tables=\count319
\c@LT@chunks=\count320
\LT@p@ftn=\toks42
)
(/usr/share/texlive/texmf-dist/tex/latex/hyperref/hyperref.sty
Package: hyperref 2024-11-05 v7.01l Hypertext links for LaTeX

(/usr/share/texlive/texmf-dist/tex/latex/kvsetkeys/kvsetkeys.sty
Package: kvsetkeys 2022-10-05 v1.19 Key value parser (HO)
)
(/usr/share/texlive/texmf-dist/tex/generic/kvdefinekeys/kvdefinekeys.sty
Package: kvdefinekeys 2019-12-19 v1.6 Define keys (HO)
)
(/usr/share/texlive/texmf-dist/tex/generic/pdfescape/pdfescape.sty
Package: pdfescape 2019/12/09 v1.15 Implements pdfTeX's escape features (HO)

(/usr/share/texlive/texmf-dist/tex/generic/ltxcmds/ltxcmds.sty
Package: ltxcmds 2023-12-04 v1.26 LaTeX kernel commands for general use (HO)
)
(/usr/share/texlive/texmf-dist/tex/generic/pdftexcmds/pdftexcmds.sty
Package: pdftexcmds 2020-06-27 v0.33 Utility functions of pdfTeX for LuaTeX (HO
)

(/usr/share/texlive/texmf-dist/tex/generic/infwarerr/infwarerr.sty
Package: infwarerr 2019/12/03 v1.5 Providing info/warning/error messages (HO)
)
Package pdftexcmds Info: \pdf@primitive is available.
Package pdftexcmds Info: \pdf@ifprimitive is available.
Package pdftexcmds Info: \pdfdraftmode found.
))
(/usr/share/texlive/texmf-dist/tex/latex/hycolor/hycolor.sty
Package: hycolor 2020-01-27 v1.10 Color options for hyperref/bookmark (HO)
)
(/usr/share/texlive/texmf-dist/tex/latex/hyperref/nameref.sty
Package: nameref 2023-11-26 v2.56 Cross-referencing by name of section

(/usr/share/texlive/texmf-dist/tex/latex/refcount/refcount.sty
Package: refcount 2019/12/15 v3.6 Data extraction from label references (HO)
)
(/usr/share/texlive/texmf-dist/tex/generic/gettitlestring/gettitlestring.sty
Package: gettitlestring 2019/12/15 v1.6 Cleanup title references (HO)

(/usr/share/texlive/texmf-dist/tex/latex/kvoptions/kvoptions.sty
Package: kvoptions 2022-06-15 v3.15 Key value format for package options (HO)
))
\c@section@level=\count321
)
(/usr/share/texlive/texmf-dist/tex/generic/stringenc/stringenc.sty
Package: stringenc 2019/11/29 v1.12 Convert strings between diff. encodings (HO
)
)
\@linkdim=\dimen290
\Hy@linkcounter=\count322
\Hy@pagecounter=\count323

(/usr/share/texlive/texmf-dist/tex/latex/hyperref/pd1enc.def
File: pd1enc.def 2024-11-05 v7.01l Hyperref: PDFDocEncoding definition (HO)
Now handling font encoding PD1 ...
... no UTF-8 mapping file for font encoding PD1
)
(/usr/share/texlive/texmf-dist/tex/generic/intcalc/intcalc.sty
Package: intcalc 2019/12/15 v1.3 Expandable calculations with integers (HO)
)
\Hy@SavedSpaceFactor=\count324

(/usr/share/texlive/texmf-dist/tex/latex/hyperref/puenc.def
File: puenc.def 2024-11-05 v7.01l Hyperref: PDF Unicode definition (HO)
Now handling font encoding PU ...
... no UTF-8 mapping file for font encoding PU
)
Package hyperref Info: Hyper figures OFF on input line 4157.
Package hyperref Info: Link nesting OFF on input line 4162.
Package hyperref Info: Hyper index ON on input line 4165.
Package hyperref Info: Plain pages OFF on input line 4172.
Package hyperref Info: Backreferencing OFF on input line 4177.
Package hyperref Info: Implicit mode ON; LaTeX internals redefined.
Package hyperref Info: Bookmarks ON on input line 4424.
\c@Hy@tempcnt=\count325

(/usr/share/texlive/texmf-dist/tex/latex/url/url.sty
\Urlmuskip=\muskip18
Package: url 2013/09/16  ver 3.4  Verb mode for urls, etc.
)
LaTeX Info: Redefining \url on input line 4763.
\XeTeXLinkMargin=\dimen291

(/usr/share/texlive/texmf-dist/tex/generic/bitset/bitset.sty
Package: bitset 2019/12/09 v1.3 Handle bit-vector datatype (HO)

(/usr/share/texlive/texmf-dist/tex/generic/bigintcalc/bigintcalc.sty
Package: bigintcalc 2019/12/15 v1.5 Expandable calculations on big integers (HO
)
))
\Fld@menulength=\count326
\Field@Width=\dimen292
\Fld@charsize=\dimen293
Package hyperref Info: Hyper figures OFF on input line 6042.
Package hyperref Info: Link nesting OFF on input line 6047.
Package hyperref Info: Hyper index ON on input line 6050.
Package hyperref Info: backreferencing OFF on input line 6057.
Package hyperref Info: Link coloring OFF on input line 6062.
Package hyperref Info: Link coloring with OCG OFF on input line 6067.
Package hyperref Info: PDF/A mode OFF on input line 6072.

(/usr/share/texlive/texmf-dist/tex/latex/base/atbegshi-ltx.sty
Package: atbegshi-ltx 2021/01/10 v1.0c Emulation of the original atbegshi
package with kernel methods
)
\Hy@abspage=\count327
\c@Item=\count328
\c@Hfootnote=\count329
)
Package hyperref Info: Driver (autodetected): hpdftex.

(/usr/share/texlive/texmf-dist/tex/latex/hyperref/hpdftex.def
File: hpdftex.def 2024-11-05 v7.01l Hyperref driver for pdfTeX

(/usr/share/texlive/texmf-dist/tex/latex/base/atveryend-ltx.sty
Package: atveryend-ltx 2020/08/19 v1.0a Emulation of the original atveryend pac
kage
with kernel methods
)
\Fld@listcount=\count330
\c@bookmark@seq@number=\count331

(/usr/share/texlive/texmf-dist/tex/latex/rerunfilecheck/rerunfilecheck.sty
Package: rerunfilecheck 2022-07-10 v1.10 Rerun checks for auxiliary files (HO)

(/usr/share/texlive/texmf-dist/tex/generic/uniquecounter/uniquecounter.sty
Package: uniquecounter 2019/12/15 v1.4 Provide unlimited unique counter (HO)
)
Package uniquecounter Info: New unique counter `rerunfilecheck' on input line 2
85.
)
\Hy@SectionHShift=\skip63
)
(/usr/share/texlive/texmf-dist/tex/latex/l3backend/l3backend-pdftex.def
File: l3backend-pdftex.def 2024-05-08 L3 backend support: PDF output (pdfTeX)
\l__color_backend_stack_int=\count332
\l__pdf_internal_box=\box83
)
(./atlas_note.aux)
\openout1 = `atlas_note.aux'.

LaTeX Font Info:    Checking defaults for OML/cmm/m/it on input line 57.
LaTeX Font Info:    ... okay on input line 57.
LaTeX Font Info:    Checking defaults for OMS/cmsy/m/n on input line 57.
LaTeX Font Info:    ... okay on input line 57.
LaTeX Font Info:    Checking defaults for OT1/cmr/m/n on input line 57.
LaTeX Font Info:    ... okay on input line 57.
LaTeX Font Info:    Checking defaults for T1/cmr/m/n on input line 57.
LaTeX Font Info:    ... okay on input line 57.
LaTeX Font Info:    Checking defaults for TS1/cmr/m/n on input line 57.
LaTeX Font Info:    ... okay on input line 57.
LaTeX Font Info:    Checking defaults for OMX/cmex/m/n on input line 57.
LaTeX Font Info:    ... okay on input line 57.
LaTeX Font Info:    Checking defaults for U/cmr/m/n on input line 57.
LaTeX Font Info:    ... okay on input line 57.
LaTeX Font Info:    Checking defaults for PD1/pdf/m/n on input line 57.
LaTeX Font Info:    ... okay on input line 57.
LaTeX Font Info:    Checking defaults for PU/pdf/m/n on input line 57.
LaTeX Font Info:    ... okay on input line 57.

*geometry* driver: auto-detecting
*geometry* detected driver: pdftex
*geometry* verbose mode - [ preamble ] result:
* driver: pdftex
* paper: a4paper
* layout: <same size as paper>
* layoutoffset:(h,v)=(0.0pt,0.0pt)
* modes: 
* h-part:(L,W,R)=(68.28644pt, 460.935pt, 68.28644pt)
* v-part:(T,H,B)=(68.28644pt, 708.47397pt, 68.28644pt)
* \paperwidth=597.50787pt
* \paperheight=845.04684pt
* \textwidth=460.935pt
* \textheight=708.47397pt
* \oddsidemargin=-3.98355pt
* \evensidemargin=-3.98355pt
* \topmargin=-40.98355pt
* \headheight=12.0pt
* \headsep=25.0pt
* \topskip=11.0pt
* \footskip=30.0pt
* \marginparwidth=50.0pt
* \marginparsep=10.0pt
* \columnsep=10.0pt
* \skip\footins=10.0pt plus 4.0pt minus 2.0pt
* \hoffset=0.0pt
* \voffset=0.0pt
* \mag=1000
* \@twocolumnfalse
* \@twosidefalse
* \@mparswitchfalse
* \@reversemarginfalse
* (1in=72.27pt=25.4mm, 1cm=28.453pt)

(/usr/share/texlive/texmf-dist/tex/context/base/mkii/supp-pdf.mkii
[Loading MPS to PDF converter (version 2006.09.02).]
\scratchcounter=\count333
\scratchdimen=\dimen294
\scratchbox=\box84
\nofMPsegments=\count334
\nofMParguments=\count335
\everyMPshowfont=\toks43
\MPscratchCnt=\count336
\MPscratchDim=\dimen295
\MPnumerator=\count337
\makeMPintoPDFobject=\count338
\everyMPtoPDFconversion=\toks44
) (/usr/share/texlive/texmf-dist/tex/latex/epstopdf-pkg/epstopdf-base.sty
Package: epstopdf-base 2020-01-24 v2.11 Base part for package epstopdf
Package epstopdf-base Info: Redefining graphics rule for `.eps' on input line 4
85.

(/usr/share/texlive/texmf-dist/tex/latex/latexconfig/epstopdf-sys.cfg
File: epstopdf-sys.cfg 2010/07/13 v1.3 Configuration of (r)epstopdf for TeX Liv
e
))
Package hyperref Info: Link coloring OFF on input line 57.

(./atlas_note.out) (./atlas_note.out)
\@outlinefile=\write4
\openout4 = `atlas_note.out'.

LaTeX Font Info:    Trying to load font information for U+msa on input line 59.


(/usr/share/texlive/texmf-dist/tex/latex/amsfonts/umsa.fd
File: umsa.fd 2013/01/14 v3.01 AMS symbols A
)
LaTeX Font Info:    Trying to load font information for U+msb on input line 59.


(/usr/share/texlive/texmf-dist/tex/latex/amsfonts/umsb.fd
File: umsb.fd 2013/01/14 v3.01 AMS symbols B
)

[1

{/var/lib/texmf/fonts/map/pdftex/updmap/pdftex.map}{/usr/share/texmf/fonts/enc/
dvips/cm-super/cm-super-t1.enc}]
LaTeX Font Info:    Font shape `T1/cmtt/bx/n' in size <10.95> not available
(Font)              Font shape `T1/cmtt/m/n' tried instead on input line 141.


[2]
<_state/saturation.png, id=163, 404.712pt x 260.172pt>
File: _state/saturation.png Graphic file (type png)
<use _state/saturation.png>
Package pdftex.def Info: _state/saturation.png  used on input line 189.
(pdftex.def)             Requested size: 285.77744pt x 183.72298pt.


[3{/usr/share/texmf/fonts/enc/dvips/cm-super/cm-super-ts1.enc} <./_state/satura
tion.png>]

[4]

[5]
<_oracle/runs/smoke/reference.png, id=185, 1107.9547pt x 224.59293pt>
File: _oracle/runs/smoke/reference.png Graphic file (type png)
<use _oracle/runs/smoke/reference.png>
Package pdftex.def Info: _oracle/runs/smoke/reference.png  used on input line 3
50.
(pdftex.def)             Requested size: 460.935pt x 93.43393pt.


[6 <./_oracle/runs/smoke/reference.png>]

[7]

[8]
Overfull \vbox (1.62663pt too high) has occurred while \output is active []



[9]

[10]

[11]
! Missing $ inserted.
<inserted text> 
                $
l.659 ...ph composition.} \code{config/atlas_jax/}
                                                   is
I've inserted a begin-math/end-math symbol since I think
you left one out. Proceed, with fingers crossed.

! Extra }, or forgotten $.
<recently read> \egroup 
                        
l.659 ...ph composition.} \code{config/atlas_jax/}
                                                   is
I've deleted a group-closing symbol because it seems to be
spurious, as in `$x}$'. But perhaps the } is legitimate and
you forgot something else, as in `\hbox{$x}'. In such cases
the way to recover is to insert both the forgotten and the
deleted material, e.g., by typing `I$}'.


! LaTeX Error: Command \item invalid in math mode.

See the LaTeX manual or LaTeX Companion for explanation.
Type  H <return>  for immediate help.
 ...                                              
                                                  
l.661 \item
            \textbf{The differential metric is unwritten, and it is not obvi...

Try typing  <return>  to proceed.
If that doesn't work, type  X <return>  to quit.

! Missing $ inserted.
<inserted text> 
                $
l.661 \item \textbf
                   {The differential metric is unwritten, and it is not obvi...
I've inserted a begin-math/end-math symbol since I think
you left one out. Proceed, with fingers crossed.


Overfull \hbox (340.94237pt too wide) in paragraph at lines 659--661
[]\T1/cmr/bx/n/10.95 No Plexus-side spec ex-ists for any jax-morph com-po-si-ti
on. \T1/cmtt/m/n/10.95 config/atlas$[]\OML/cmm/m/it/10.95 ax=isempty\OT1/cmr/m/
n/10.95 ; \OML/cmm/m/it/10.95 Phase\OT1/cmr/m/n/10.95 4\OML/cmm/m/it/10.95 cann
otstartuntilaspeccanexpresstheirinitialconditionexactly:
 []


Underfull \hbox (badness 10000) in paragraph at lines 659--661

 []


Overfull \hbox (12.636pt too wide) in paragraph at lines 661--665
[]\T1/cmtt/m/n/10.95 The differential metric is unwritten, and it is not obviou
s. Their macro-step is
 []


Overfull \hbox (35.26949pt too wide) in paragraph at lines 661--665
\T1/cmtt/m/n/10.95 an operator split; ours is a schedule. Two integrators of th
e same equations diverge
 []


Overfull \hbox (23.95274pt too wide) in paragraph at lines 661--665
\T1/cmtt/m/n/10.95 trajectory-wise while agreeing on everything that matters. T
he metric must measure
 []


Overfull \hbox (6.97763pt too wide) in paragraph at lines 665--667
[]\T1/cmtt/m/n/10.95 Two mechanisms have no torch equivalent yet: their screene
d-diffusion solve and
 []


Overfull \hbox (35.26949pt too wide) in paragraph at lines 665--667
\T1/cmtt/m/n/10.95 their neural-ODE controller. Either may be more work than th
e rest of the repository
 []


Overfull \hbox (12.636pt too wide) in paragraph at lines 667--671
[]\T1/cmtt/m/n/10.95 The agent could not run record.py itself --- it is approva
l-gated in this image ---
 []


Overfull \hbox (12.636pt too wide) in paragraph at lines 667--671
\T1/cmtt/m/n/10.95 so it checked the rules by hand and the driver validated aft
erwards. That is the
 []


Overfull \hbox (23.95274pt too wide) in paragraph at lines 667--671
\T1/cmtt/m/n/10.95 design, but it means an agent cannot iterate against the val
idator inside one call,
 []



[12]
! Missing } inserted.
<inserted text> 
                }
l.671 \end{enumerate}
                     
I've inserted something that you may have forgotten.
(See the <inserted text> above.)
With luck, this will get me unwedged. But if you
really didn't forget anything, try typing `2' now; then
my insertion and my current dilemma will both disappear.

(./_state/phase1_operators.tex
Overfull \hbox (3.84822pt too wide) in alignment at lines 4--7
 [] [] [] [] 
 []


Overfull \hbox (3.84822pt too wide) in alignment at lines 7--10
 [] [] [] [] 
 []


Overfull \hbox (39.34114pt too wide) in paragraph at lines 13--14
\T1/cmtt/m/n/8 gene_network_connectionist|  
 []


Overfull \hbox (39.34114pt too wide) in paragraph at lines 15--16
\T1/cmtt/m/n/8 gene_network_connectionist|  
 []


Overfull \hbox (39.34114pt too wide) in paragraph at lines 17--18
\T1/cmtt/m/n/8 gene_network_connectionist|  
 []


Overfull \hbox (6.73418pt too wide) in paragraph at lines 35--35
\T1/cmtt/m/n/8 attraction_repulsion|  
 []


Overfull \hbox (13.84737pt too wide) in paragraph at lines 35--36
\T1/cmtt/m/n/8 attraction_repulsion|  
 []


Overfull \hbox (6.73418pt too wide) in paragraph at lines 37--37
\T1/cmtt/m/n/8 attraction_repulsion|  
 []


Overfull \hbox (13.84737pt too wide) in paragraph at lines 37--38
\T1/cmtt/m/n/8 attraction_repulsion|  
 []


Overfull \hbox (3.84822pt too wide) in alignment at lines 10--60
 [] [] [] [] 
 []

[13] [14])

[15]
Underfull \hbox (badness 10000) in paragraph at lines 743--744
[]|\T1/cmr/m/n/10 already in the lan-guage (both to
 []



[16]
<_state/phase5_forward.png, id=279, 1019.007pt x 650.43pt>
File: _state/phase5_forward.png Graphic file (type png)
<use _state/phase5_forward.png>
Package pdftex.def Info: _state/phase5_forward.png  used on input line 818.
(pdftex.def)             Requested size: 460.935pt x 294.20927pt.


[17]

[18 <./_state/phase5_forward.png>]
Overfull \hbox (2.81102pt too wide) in paragraph at lines 866--874
\T1/cmr/m/n/10.95 with a big-ger bud-get rather than qui-etly dropped, and both
 landed: \T1/cmtt/m/n/10.95 gene_network_connectionist
 []



[19]
LaTeX Font Info:    Font shape `T1/cmtt/bx/n' in size <10> not available
(Font)              Font shape `T1/cmtt/m/n' tried instead on input line 950.

! Missing $ inserted.
<inserted text> 
                $
l.977 ....py} runs a real \code{config/atlas_jax/}
                                                   spec through \code{engine...
I've inserted a begin-math/end-math symbol since I think
you left one out. Proceed, with fingers crossed.

! Extra }, or forgotten $.
<recently read> \egroup 
                        
l.977 ....py} runs a real \code{config/atlas_jax/}
                                                   spec through \code{engine...
I've deleted a group-closing symbol because it seems to be
spurious, as in `$x}$'. But perhaps the } is legitimate and
you forgot something else, as in `\hbox{$x}'. In such cases
the way to recover is to insert both the forgotten and the
deleted material, e.g., by typing `I$}'.

! Missing $ inserted.
<inserted text> 
                $
l.979 
      
I've inserted a begin-math/end-math symbol since I think
you left one out. Proceed, with fingers crossed.


Overfull \hbox (207.07404pt too wide) in paragraph at lines 972--979
\T1/cmtt/m/n/10.95 config/atlas$[]\OML/cmm/m/it/10.95 ax=specthrough[]; soitmea
sureswhetheraknobislearnable[]:$ 
 []


Underfull \hbox (badness 10000) in paragraph at lines 987--990
[]|\T1/cmtt/m/n/10 end to end through a real
 []


Underfull \hbox (badness 10000) in paragraph at lines 987--990
\T1/cmtt/m/n/10 spec: grow_radius.max_radius,
 []


Underfull \hbox (badness 10000) in paragraph at lines 987--990
\T1/cmtt/m/n/10 morphogen.diffusion/degradation, regulate.gamma
 []


Underfull \hbox (badness 10000) in paragraph at lines 987--990
\T1/cmtt/m/n/10 --- precisely the operators that already store a
 []


Underfull \hbox (badness 10000) in paragraph at lines 991--993
[]|\T1/cmtt/m/n/10 the adhere family. The maths is differentiable;
 []


Underfull \hbox (badness 10000) in paragraph at lines 991--993
\T1/cmtt/m/n/10 self.eps = float(params.get(...)) drops the tape
 []


Underfull \hbox (badness 10000) in paragraph at lines 994--996
[]|\T1/cmtt/m/n/10 agitate (math.sqrt on a tensor), apoptose,
 []


Underfull \hbox (badness 10000) in paragraph at lines 997--998
[]|\T1/cmtt/m/n/10 one source only --- reported as unknown, never as
 []



[20]
Overfull \hbox (25.6849pt too wide) in paragraph at lines 1002--1008
[]\T1/cmtt/m/n/10.95 The two-instrument design earned itself. The synthetic har
ness invented three defects
 []


Overfull \hbox (14.36816pt too wide) in paragraph at lines 1002--1008
\T1/cmtt/m/n/10.95 that were its own: an empty neighbour graph condemned the wh
ole interaction family,
 []


Overfull \hbox (14.36816pt too wide) in paragraph at lines 1002--1008
\T1/cmtt/m/n/10.95 a division that never fired condemned cell_divide, and makin
g the level's own tensor
 []


Overfull \hbox (3.05142pt too wide) in paragraph at lines 1002--1008
\T1/cmtt/m/n/10.95 the leaf condemned every structural operator. Each was caugh
t by the second route
 []


Overfull \hbox (95.48593pt too wide) in paragraph at lines 1002--1008
\T1/cmtt/m/n/10.95 disagreeing. And where they still disagree, the disagreement
 \T1/cmtt/m/it/10.95 is \T1/cmtt/m/n/10.95 the finding: constructor-blocked
 []


Overfull \hbox (21.92711pt too wide) in paragraph at lines 1009--1020
[]\T1/cmtt/m/n/10.95 Two corrections to what this note said before. cell_divide
 is \T1/cmtt/m/it/10.95 not \T1/cmtt/m/n/10.95 a dead end --- once
 []


Overfull \hbox (3.05142pt too wide) in paragraph at lines 1009--1020
\T1/cmtt/m/n/10.95 divisions actually fire, both implementations pass a gradien
t back to the per-cell
 []


Overfull \hbox (14.42429pt too wide) in paragraph at lines 1009--1020
\T1/cmtt/m/n/10.95 rate ($\OMS/cmsy/m/n/10.95 j\OML/cmm/m/it/10.95 @ []=@ []\OM
S/cmsy/m/n/10.95 j \OT1/cmr/m/n/10.95 = 46\OML/cmm/m/it/10.95 :\OT1/cmr/m/n/10.
95 8$\T1/cmtt/m/n/10.95 ), because the straight-through estimator works and
 []


Overfull \hbox (25.6849pt too wide) in paragraph at lines 1009--1020
\T1/cmtt/m/n/10.95 because jax-morph drives division from a state block the gen
e network writes, not from
 []


Overfull \hbox (52.87662pt too wide) in paragraph at lines 1009--1020
\T1/cmtt/m/n/10.95 the operator's own parameter. The Figure 5 path loss $\OMS/c
msy/m/n/10.95 !$ \T1/cmtt/m/n/10.95 positions $\OMS/cmsy/m/n/10.95 !$ \T1/cmtt/
m/n/10.95 draw $\OMS/cmsy/m/n/10.95 !$ \T1/cmtt/m/n/10.95 division_rate
 []


Overfull \hbox (77.77739pt too wide) in paragraph at lines 1009--1020
\OMS/cmsy/m/n/10.95 !$ \T1/cmtt/m/n/10.95 gene $\OMS/cmsy/m/n/10.95 !$ \T1/cmtt
/m/n/10.95 regulate is intact. What remains true is the \T1/cmtt/m/it/10.95 var
iance \T1/cmtt/m/n/10.95 argument: a straight-through
 []


Overfull \hbox (25.6849pt too wide) in paragraph at lines 1009--1020
\T1/cmtt/m/n/10.95 gradient through one sampled rollout still optimises against
 that sample's luck, which
 []


Overfull \hbox (53.97676pt too wide) in paragraph at lines 1009--1020
\T1/cmtt/m/n/10.95 is what the trace contract addresses. And relax gives no par
ameter gradient by \T1/cmtt/m/it/10.95 declaration
 []


Overfull \hbox (20.02654pt too wide) in paragraph at lines 1009--1020
\T1/cmtt/m/n/10.95 --- it sets DIFFERENTIABLE = False and says why: the FIRE pa
th runs detached, and the
 []


Overfull \hbox (3.05142pt too wide) in paragraph at lines 1022--1025
[]\T1/cmtt/m/n/10.95 So the single highest-value next step is now scoped by two
 instruments rather than
 []


Overfull \hbox (25.6849pt too wide) in paragraph at lines 1022--1025
\T1/cmtt/m/n/10.95 by opinion: promote the _tunable helper --- today a one-off 
inside one atlas candidate
 []


Overfull \hbox (3.05142pt too wide) in paragraph at lines 1022--1025
\T1/cmtt/m/n/10.95 --- onto the operator base class, which converts constructor
-blocked into learnable
 []


Overfull \hbox (20.02654pt too wide) in paragraph at lines 1028--1033
\T1/cmtt/m/n/10.95 That step is taken. Operator.tunable() now lives on the base
 class: a tensor handed
 []


Overfull \hbox (3.05142pt too wide) in paragraph at lines 1028--1033
\T1/cmtt/m/n/10.95 in by a spec passes through untouched, anything else is coer
ced to a float exactly
 []


Overfull \hbox (59.63513pt too wide) in paragraph at lines 1028--1033
\T1/cmtt/m/n/10.95 as before. Applied to the adhere family's fifteen knobs, the
 independent route re-certifies
 []


Overfull \hbox (13.63474pt too wide) in paragraph at lines 1028--1033
\T1/cmtt/m/n/10.95 learnable 4 $\OMS/cmsy/m/n/10.95 !$ \T1/cmtt/m/n/10.95 8 and
 constructor-blocked 4 $\OMS/cmsy/m/n/10.95 !$ \T1/cmtt/m/n/10.95 1. All 141 te
sts still pass, which is
 []


Overfull \hbox (3.05142pt too wide) in paragraph at lines 1034--1039
[]\T1/cmtt/m/n/10.95 So the blocker is no longer mechanical, and the real quest
ion is the one this note
 []


Overfull \hbox (87.92699pt too wide) in paragraph at lines 1034--1039
\T1/cmtt/m/n/10.95 has carried since the first gradient probe. The division dra
w is discrete, so a straight-through
 []


Overfull \hbox (14.36816pt too wide) in paragraph at lines 1034--1039
\T1/cmtt/m/n/10.95 gradient taken through one sampled rollout is a gradient thr
ough that sample's \T1/cmtt/m/it/10.95 luck\T1/cmtt/m/n/10.95 .
 []


Overfull \hbox (14.36816pt too wide) in paragraph at lines 1034--1039
\T1/cmtt/m/n/10.95 Optimising against it may be optimising noise --- and that i
s a measurable claim, not
 []


Overfull \hbox (6.24254pt too wide) in paragraph at lines 1042--1044
\T1/cmtt/m/n/10.95 Fit the same target $\OML/cmm/m/it/10.95 K$ \T1/cmtt/m/n/10.
95 times over, averaging the loss over $\OML/cmm/m/it/10.95 K$ \T1/cmtt/m/n/10.
95 independent seeds per
 []


Overfull \hbox (3.05142pt too wide) in paragraph at lines 1042--1044
\T1/cmtt/m/n/10.95 Adam step, across independent replicates with disjoint seed 
bases, and look at the
 []



[21]
Underfull \hbox (badness 10000) in paragraph at lines 1049--1051
[]|\T1/cmtt/m/n/10 the estimator is noisy but consistent; the fix is simply mor
e
 []


Underfull \hbox (badness 10000) in paragraph at lines 1051--1053
[]|\T1/cmtt/m/n/10 the pathwise gradient is biased, and the reference's
 []


Overfull \hbox (37.00165pt too wide) in paragraph at lines 1057--1065
[]\T1/cmtt/m/n/10.95 Why the cluster, with numbers rather than preference. A 40
-frame differentiable rollout
 []


Overfull \hbox (1.04099pt too wide) in paragraph at lines 1057--1065
\T1/cmtt/m/n/10.95 takes 52.9s on the devcontainer's CPU and 32.5s on an A6000 
--- only $\OT1/cmr/m/n/10.95 1\OML/cmm/m/it/10.95 :\OT1/cmr/m/n/10.95 6\OMS/cms
y/m/n/10.95 ^^B$\T1/cmtt/m/n/10.95 , because
 []


Overfull \hbox (65.2935pt too wide) in paragraph at lines 1057--1065
\T1/cmtt/m/n/10.95 146 cells is not enough work to hide Python and kernel-launc
h overhead. Per-run acceleration
 []


Overfull \hbox (53.97676pt too wide) in paragraph at lines 1057--1065
\T1/cmtt/m/n/10.95 is therefore nearly pointless, while the replicates are comp
letely independent: wall-clock
 []


Overfull \hbox (14.36816pt too wide) in paragraph at lines 1057--1065
\T1/cmtt/m/n/10.95 comes from running 32 fits at once, which is what gpu_l4 is 
for. cluster6.py reuses
 []


Overfull \hbox (25.6849pt too wide) in paragraph at lines 1057--1065
\T1/cmtt/m/n/10.95 discovery/cluster.py's hardened primitives --- detached subm
ission, job IDs as the only
 []


Overfull \hbox (20.02654pt too wide) in paragraph at lines 1057--1065
\T1/cmtt/m/n/10.95 ground truth, ssh wall-timeout, completion only on positive 
evidence --- under its own
 []


Overfull \hbox (20.24234pt too wide) in paragraph at lines 1066--1068
[]\T1/cmtt/m/n/10.95 The answer. 32 jobs, $\OML/cmm/m/it/10.95 K \OMS/cmsy/m/n/
10.95 2 f\OT1/cmr/m/n/10.95 1\OML/cmm/m/it/10.95 ; \OT1/cmr/m/n/10.95 2\OML/cmm
/m/it/10.95 ; \OT1/cmr/m/n/10.95 4\OML/cmm/m/it/10.95 ; \OT1/cmr/m/n/10.95 8\OM
S/cmsy/m/n/10.95 g$ $^^B$ \T1/cmtt/m/n/10.95 8 replicates, 24 frames, 20 Adam s
teps, fitting
 []

<_state/phase6_variance.png, id=311, 896.148pt x 353.85533pt>
File: _state/phase6_variance.png Graphic file (type png)
<use _state/phase6_variance.png>
Package pdftex.def Info: _state/phase6_variance.png  used on input line 1070.
(pdftex.def)             Requested size: 460.935pt x 182.00806pt.

Overfull \hbox (39.39545pt too wide) in paragraph at lines 1087--1093
[]\T1/cmtt/m/n/10.95 Precision: fixable, exactly as hoped. $\OML/cmm/m/it/10.95
 ^^[ \OMS/cmsy/m/n/10.95 / \OML/cmm/m/it/10.95 K[]$\T1/cmtt/m/n/10.95 , against
 the $\OML/cmm/m/it/10.95 K[]$ \T1/cmtt/m/n/10.95 a plain Monte-Carlo
 []


Overfull \hbox (46.67403pt too wide) in paragraph at lines 1087--1093
\T1/cmtt/m/n/10.95 average would give --- and with $\OML/cmm/m/it/10.95 n \OT1/
cmr/m/n/10.95 = 8$ \T1/cmtt/m/n/10.95 the standard error on an estimated standa
rd deviation
 []


Overfull \hbox (19.40959pt too wide) in paragraph at lines 1087--1093
\T1/cmtt/m/n/10.95 is about 27%, so $\OMS/cmsy/m/n/10.95 ^^@\OT1/cmr/m/n/10.95 
0\OML/cmm/m/it/10.95 :\OT1/cmr/m/n/10.95 58$ \T1/cmtt/m/n/10.95 and $\OMS/cmsy/
m/n/10.95 ^^@\OT1/cmr/m/n/10.95 0\OML/cmm/m/it/10.95 :\OT1/cmr/m/n/10.95 50$ \T
1/cmtt/m/n/10.95 are the same number. Averaging seeds buys precision
 []


Overfull \hbox (37.00165pt too wide) in paragraph at lines 1087--1093
\T1/cmtt/m/n/10.95 at the ordinary rate. The straight-through gradient through 
a discrete division behaves
 []


Overfull \hbox (3.05142pt too wide) in paragraph at lines 1087--1093
\T1/cmtt/m/n/10.95 like a noisy estimator, not a broken one, which is the good 
half of the result and
 []


Overfull \hbox (20.02654pt too wide) in paragraph at lines 1094--1099
[]\T1/cmtt/m/n/10.95 Correctness: the centre moves, and that is the finding. Th
e right-hand panel is the
 []


Overfull \hbox (5.3751pt too wide) in paragraph at lines 1094--1099
\T1/cmtt/m/n/10.95 one to read. A $\OML/cmm/m/it/10.95 K \OT1/cmr/m/n/10.95 = 1
$ \T1/cmtt/m/n/10.95 fit lands at $\OT1/cmr/m/n/10.95 1\OML/cmm/m/it/10.95 :\OT
1/cmr/m/n/10.95 2072$ \T1/cmtt/m/n/10.95 and a $\OML/cmm/m/it/10.95 K \OT1/cmr/
m/n/10.95 = 8$ \T1/cmtt/m/n/10.95 fit at $\OT1/cmr/m/n/10.95 1\OML/cmm/m/it/10.
95 :\OT1/cmr/m/n/10.95 2885$ \T1/cmtt/m/n/10.95 --- a difference
 []


Overfull \hbox (8.93835pt too wide) in paragraph at lines 1094--1099
\T1/cmtt/m/n/10.95 of $\OT1/cmr/m/n/10.95 +0\OML/cmm/m/it/10.95 :\OT1/cmr/m/n/1
0.95 081$ \T1/cmtt/m/n/10.95 against a combined standard error of $\OT1/cmr/m/n
/10.95 0\OML/cmm/m/it/10.95 :\OT1/cmr/m/n/10.95 028$\T1/cmtt/m/n/10.95 , $\OML/
cmm/m/it/10.95 t \OT1/cmr/m/n/10.95 = 2\OML/cmm/m/it/10.95 :\OT1/cmr/m/n/10.95 
90$\T1/cmtt/m/n/10.95 . A single-seed fit is
 []


Overfull \hbox (8.7098pt too wide) in paragraph at lines 1094--1099
\T1/cmtt/m/n/10.95 not merely imprecise; it is systematically wrong, by about 6
%. And the sequence is
 []


Overfull \hbox (6.78378pt too wide) in paragraph at lines 1094--1099
\T1/cmtt/m/n/10.95 still climbing at $\OML/cmm/m/it/10.95 K \OT1/cmr/m/n/10.95 
= 8$\T1/cmtt/m/n/10.95 , so we cannot claim the $\OML/cmm/m/it/10.95 K \OT1/cmr
/m/n/10.95 = 8$ \T1/cmtt/m/n/10.95 answer has converged either. 
 []



[22 <./_state/phase6_variance.png>]
Overfull \hbox (25.6849pt too wide) in paragraph at lines 1100--1106
[]\T1/cmtt/m/n/10.95 That is precisely the failure this note predicted --- ``op
timising against that sample's
 []


Overfull \hbox (37.00165pt too wide) in paragraph at lines 1100--1106
\T1/cmtt/m/n/10.95 luck'' --- caught by measurement rather than by argument, an
d it would have been invisible
 []


Overfull \hbox (33.24385pt too wide) in paragraph at lines 1100--1106
\T1/cmtt/m/n/10.95 to anyone who ran one fit and believed it. \T1/cmtt/m/it/10.
95 It is also not the end of the story: \T1/cmtt/m/n/10.95 Ÿ[]13.4[]
 []


Overfull \hbox (20.02654pt too wide) in paragraph at lines 1100--1106
\T1/cmtt/m/n/10.95 runs the same grid four times longer and finds the drift was
 the step budget, not the
 []


Overfull \hbox (20.02654pt too wide) in paragraph at lines 1100--1106
\T1/cmtt/m/n/10.95 estimator. The paragraph above is kept as it stood, because 
the intermediate reading
 []


Overfull \hbox (14.36816pt too wide) in paragraph at lines 1109--1113
\T1/cmtt/m/n/10.95 The 20-step drift had two possible causes and that sweep cou
ld not separate them. A
 []


Overfull \hbox (16.26874pt too wide) in paragraph at lines 1109--1113
\T1/cmtt/m/it/10.95 biased \T1/cmtt/m/n/10.95 estimator points somewhere other 
than downhill and no step budget fixes it ---
 []


Overfull \hbox (4.952pt too wide) in paragraph at lines 1109--1113
\T1/cmtt/m/n/10.95 the trace contract would then be required. A \T1/cmtt/m/it/1
0.95 truncated \T1/cmtt/m/n/10.95 budget means the estimator
 []


Overfull \hbox (30.10965pt too wide) in paragraph at lines 1109--1113
\T1/cmtt/m/n/10.95 is fine but a noisier gradient converges more slowly, so at 
a fixed 20 steps the low-$\OML/cmm/m/it/10.95 K$
 []


Overfull \hbox (3.05142pt too wide) in paragraph at lines 1114--1116
[]\T1/cmtt/m/n/10.95 The discriminator is to run the same grid four times longe
r and Polyak-average the
 []

<_state/phase6_verdict.png, id=319, 549.252pt x 361.35pt>
File: _state/phase6_verdict.png Graphic file (type png)
<use _state/phase6_verdict.png>
Package pdftex.def Info: _state/phase6_verdict.png  used on input line 1138.
(pdftex.def)             Requested size: 331.87375pt x 218.33347pt.

Overfull \hbox (53.97676pt too wide) in paragraph at lines 1144--1150
[]\T1/cmtt/m/n/10.95 And the mechanism is identifiable, not merely inferred. Re
ading the trajectories directly:
 []


Overfull \hbox (4.49275pt too wide) in paragraph at lines 1144--1150
\T1/cmtt/m/n/10.95 in every $\OML/cmm/m/it/10.95 K[]\OT1/cmr/m/n/10.95 8$ \T1/c
mtt/m/n/10.95 run the parameter rises past its target, peaks at step 22--26 (me
dian
 []


Overfull \hbox (31.34328pt too wide) in paragraph at lines 1144--1150
\T1/cmtt/m/n/10.95 24.5), and settles back. \T1/cmtt/m/it/10.95 A 20-step budge
t stops on the rising edge of Adam's overshoot
 []


Overfull \hbox (20.02654pt too wide) in paragraph at lines 1144--1150
\T1/cmtt/m/n/10.95 --- it samples a transient rather than an optimum. That is a
lso why the apparent bias
 []


Overfull \hbox (23.21765pt too wide) in paragraph at lines 1144--1150
\T1/cmtt/m/n/10.95 was $\OML/cmm/m/it/10.95 K$\T1/cmtt/m/n/10.95 -dependent: mi
d-climb, a noisier gradient has climbed less far, so low $\OML/cmm/m/it/10.95 K
$ \T1/cmtt/m/n/10.95 reads
 []



[23 <./_state/phase6_verdict.png>]
Overfull \hbox (20.02654pt too wide) in paragraph at lines 1151--1156
[]\T1/cmtt/m/n/10.95 So: truncation, not bias. The straight-through gradient th
rough a discrete division
 []


Overfull \hbox (30.18126pt too wide) in paragraph at lines 1151--1156
\T1/cmtt/m/n/10.95 is a sound estimator --- noisy, converging at the ordinary $
\OT1/cmr/m/n/10.95 1\OML/cmm/m/it/10.95 =[]$ \T1/cmtt/m/n/10.95 rate ($\OML/cmm
/m/it/10.95 ^^[ \OMS/cmsy/m/n/10.95 / \OML/cmm/m/it/10.95 K[]$ \T1/cmtt/m/n/10.
95 here),
 []


Overfull \hbox (20.02654pt too wide) in paragraph at lines 1151--1156
\T1/cmtt/m/n/10.95 and unbiased as far as this can measure. Figure 5 is an engi
neering problem, and the
 []


Overfull \hbox (25.6849pt too wide) in paragraph at lines 1151--1156
\T1/cmtt/m/n/10.95 reference's trace/replay/score contract is an optimisation r
ather than a prerequisite.
 []


Overfull \hbox (3.05142pt too wide) in paragraph at lines 1151--1156
\T1/cmtt/m/n/10.95 That is the opposite of what this note assumed two sections 
ago, and the reason to
 []


Overfull \hbox (7.12198pt too wide) in paragraph at lines 1157--1162
[]\T1/cmtt/m/n/10.95 What is still not proven. $\OML/cmm/m/it/10.95 t \OT1/cmr/
m/n/10.95 = 1\OML/cmm/m/it/10.95 :\OT1/cmr/m/n/10.95 54$ \T1/cmtt/m/n/10.95 is 
not significance, but it is not a strong null
 []


Overfull \hbox (34.88979pt too wide) in paragraph at lines 1157--1162
\T1/cmtt/m/n/10.95 either: $\OML/cmm/m/it/10.95 K[]\OT1/cmr/m/n/10.95 1$ \T1/cm
tt/m/n/10.95 still sits $\OT1/cmr/m/n/10.95 0\OML/cmm/m/it/10.95 :\OT1/cmr/m/n/
10.95 045$ \T1/cmtt/m/n/10.95 below $\OML/cmm/m/it/10.95 K[]\OT1/cmr/m/n/10.95 
8$\T1/cmtt/m/n/10.95 , and with $\OML/cmm/m/it/10.95 n \OT1/cmr/m/n/10.95 = 8$ 
\T1/cmtt/m/n/10.95 the power to detect a residual
 []


Overfull \hbox (3.05142pt too wide) in paragraph at lines 1157--1162
\T1/cmtt/m/n/10.95 bias that size is poor. What the data support is that any re
maining bias is small
 []


Overfull \hbox (3.05142pt too wide) in paragraph at lines 1157--1162
\T1/cmtt/m/n/10.95 compared with the one truncation produced. And this is one p
arameter, one target,
 []


Overfull \hbox (13.13454pt too wide) in paragraph at lines 1163--1165
[]\T1/cmtt/m/n/10.95 The operational rule survives either way: average $\OML/cm
m/m/it/10.95 K$ \T1/cmtt/m/n/10.95 seeds per step, never one, and
 []


Overfull \hbox (59.63513pt too wide) in paragraph at lines 1168--1172
\T1/cmtt/m/n/10.95 With the tunable stored as a tensor rather than a float --- 
the torch form of the reference's
 []


Overfull \hbox (25.6849pt too wide) in paragraph at lines 1168--1172
\T1/cmtt/m/n/10.95 own rule, ``store as an array anything you want to learn'' -
-- the loop closes. A target
 []


Overfull \hbox (3.05142pt too wide) in paragraph at lines 1168--1172
\T1/cmtt/m/n/10.95 mean cell radius, a squared-error loss on the final state, t
welve Adam steps, each
 []


Overfull \hbox (31.34328pt too wide) in paragraph at lines 1168--1172
\T1/cmtt/m/n/10.95 one a full differentiable rollout of the real engine with gr
owth, adhesion and division
 []


Overfull \hbox (42.66002pt too wide) in paragraph at lines 1187--1189
[]\T1/cmtt/m/n/10.95 Three orders of magnitude, and the overshoot-and-return in
 the middle is Adam's momentum,
 []


Overfull \hbox (3.05142pt too wide) in paragraph at lines 1187--1189
\T1/cmtt/m/n/10.95 not noise. Inverse design through the Plexus engine works to
day, for a continuous
 []


Overfull \hbox (37.00165pt too wide) in paragraph at lines 1190--1196
[]\T1/cmtt/m/n/10.95 What Figure 5 still needs, stated precisely so it is not a
 surprise later: the division
 []


Overfull \hbox (10.61037pt too wide) in paragraph at lines 1190--1196
\T1/cmtt/m/it/10.95 draw \T1/cmtt/m/n/10.95 is discrete, and a gradient through
 one sampled rollout optimises against that
 []


Overfull \hbox (20.02654pt too wide) in paragraph at lines 1190--1196
\T1/cmtt/m/n/10.95 sample's luck. The reference's answer is exactly the mechani
sm this atlas catalogued
 []


Overfull \hbox (20.02654pt too wide) in paragraph at lines 1190--1196
\T1/cmtt/m/n/10.95 and set aside as ``not biology'' --- record the sampled acti
on, replay it, score it, and
 []


Overfull \hbox (20.02654pt too wide) in paragraph at lines 1190--1196
\T1/cmtt/m/n/10.95 take a score-function gradient over recorded histories. That
 contract is the largest
 []


Overfull \hbox (14.36816pt too wide) in paragraph at lines 1190--1196
\T1/cmtt/m/n/10.95 single thing the language is missing, and it is now specifie
d, in our own record, by
 []


Overfull \hbox (65.2935pt too wide) in paragraph at lines 1197--1204
[]\T1/cmtt/m/n/10.95 And here the two halves of the atlas meet. Phase 2 classif
ied jax-morph's four architectural
 []


Overfull \hbox (20.02654pt too wide) in paragraph at lines 1197--1204
\T1/cmtt/m/n/10.95 mechanisms --- the operator split, the time-scale taxonomy, 
the declared dataflow, the
 []


Overfull \hbox (25.6849pt too wide) in paragraph at lines 1197--1204
\T1/cmtt/m/n/10.95 stochastic trace/replay/score contract --- as \T1/cmtt/m/it/
10.95 out of scope\T1/cmtt/m/n/10.95 , because none of them models
 []


Overfull \hbox (14.36816pt too wide) in paragraph at lines 1197--1204
\T1/cmtt/m/n/10.95 any biology. That was the right call and it is only half the
 story: those four are
 []


Overfull \hbox (21.92711pt too wide) in paragraph at lines 1197--1204
\T1/cmtt/m/n/10.95 precisely the infrastructure the \T1/cmtt/m/it/10.95 inverse
 \T1/cmtt/m/n/10.95 half of Plexus turns out to need. The trace
 []


Overfull \hbox (31.34328pt too wide) in paragraph at lines 1197--1204
\T1/cmtt/m/n/10.95 contract in particular is how the reference gets a gradient 
through a discrete division
 []



[24]
Overfull \hbox (14.36816pt too wide) in paragraph at lines 1205--1207
[]\T1/cmtt/m/n/10.95 So the atlas's first repository has produced, unprompted, 
a shortlist of what to add
 []

LaTeX Font Info:    Font shape `T1/cmtt/bx/n' in size <12> not available
(Font)              Font shape `T1/cmtt/m/n' tried instead on input line 1209.

Package hyperref Warning: Token not allowed in a PDF string (Unicode):
(hyperref)                removing `math shift' on input line 1209.


Package hyperref Warning: Token not allowed in a PDF string (Unicode):
(hyperref)                removing `\times' on input line 1209.


Package hyperref Warning: Token not allowed in a PDF string (Unicode):
(hyperref)                removing `math shift' on input line 1209.


Overfull \hbox (25.6849pt too wide) in paragraph at lines 1211--1216
\T1/cmtt/m/n/10.95 Three of the eight new contracts --- regulate, morphogen, me
chanosense --- are the \T1/cmtt/m/it/10.95 sense
 []


Overfull \hbox (1.1942pt too wide) in paragraph at lines 1211--1216
\T1/cmtt/m/it/10.95 and decide \T1/cmtt/m/n/10.95 half of a cell. grow_radius a
nd cell_divide are the \T1/cmtt/m/it/10.95 act \T1/cmtt/m/n/10.95 half, and the

 []


Overfull \hbox (48.31839pt too wide) in paragraph at lines 1211--1216
\T1/cmtt/m/n/10.95 language already had those. What regulate adds is the piece 
that was missing: a per-cell
 []


Overfull \hbox (8.7098pt too wide) in paragraph at lines 1211--1216
\T1/cmtt/m/n/10.95 internal dynamical state, heritable and integrated. Before i
t, a Plexus cell was a
 []


Overfull \hbox (25.6849pt too wide) in paragraph at lines 1217--1221
[]\T1/cmtt/m/n/10.95 The coupling needs no new machinery, which is the point. r
egulate reads sensed fields
 []


Overfull \hbox (14.36816pt too wide) in paragraph at lines 1217--1221
\T1/cmtt/m/n/10.95 and writes the same per-cell blocks --- growth_rate, divisio
n_rate, secretion_rate ---
 []


Overfull \hbox (14.36816pt too wide) in paragraph at lines 1217--1221
\T1/cmtt/m/n/10.95 that growth, division and secretion already consume. So the 
loop closes through the
 []


Overfull \hbox (14.36816pt too wide) in paragraph at lines 1229--1233
[]\T1/cmtt/m/n/10.95 Direct morphogen-to-growth is Turing-shaped: the field dec
ides. Inserting regulate
 []


Overfull \hbox (14.36816pt too wide) in paragraph at lines 1229--1233
\T1/cmtt/m/n/10.95 makes it programmable --- the network's weights become the d
esign variables, which is
 []


Overfull \hbox (31.34328pt too wide) in paragraph at lines 1229--1233
\T1/cmtt/m/n/10.95 Hiscock's framing and exactly what Figure 5 optimises. And t
he chain is differentiable
 []


Overfull \hbox (6.87622pt too wide) in paragraph at lines 1229--1233
\T1/cmtt/m/n/10.95 end to end (Ÿ[]13.1[]): loss $\OMS/cmsy/m/n/10.95 !$ \T1/cmt
t/m/n/10.95 positions $\OMS/cmsy/m/n/10.95 !$ \T1/cmtt/m/n/10.95 division draw 
$\OMS/cmsy/m/n/10.95 !$ \T1/cmtt/m/n/10.95 division_rate $\OMS/cmsy/m/n/10.95 !
$ \T1/cmtt/m/n/10.95 gene $\OMS/cmsy/m/n/10.95 !$
 []

! Missing $ inserted.
<inserted text> 
                $
l.1234 ...config/atlas_jax/regulated\_growth.yaml}
                                                   ---
I've inserted a begin-math/end-math symbol since I think
you left one out. Proceed, with fingers crossed.

! Extra }, or forgotten $.
<recently read> \egroup 
                        
l.1234 ...config/atlas_jax/regulated\_growth.yaml}
                                                   ---
I've deleted a group-closing symbol because it seems to be
spurious, as in `$x}$'. But perhaps the } is legitimate and
you forgot something else, as in `\hbox{$x}'. In such cases
the way to recover is to insert both the forgotten and the
deleted material, e.g., by typing `I$}'.

! Missing $ inserted.
<inserted text> 
                $
l.1236 ..., none new. 40 macro-steps, 4 cells $\to
                                                  $ 68, every
I've inserted a begin-math/end-math symbol since I think
you left one out. Proceed, with fingers crossed.


Overfull \hbox (718.68005pt too wide) in paragraph at lines 1234--1238
[]\T1/cmtt/m/n/10.95 It runs, and the loop is real. config/atlas$[]\OML/cmm/m/i
t/10.95 ax=regulated[]growth:yaml \OMS/cmsy/m/n/10.95 ^^@ ^^@ ^^@ []\OML/cmm/m/
it/10.95 ; sixoperators; allpreviouslyvalidatedagainsttheauthors[]code; nonenew
:\OT1/cmr/m/n/10.95 40\OML/cmm/m/it/10.95 macro \OMS/cmsy/m/n/10.95 ^^@
 []

<_state/regulated_growth.png, id=334, 982.872pt x 592.614pt>
File: _state/regulated_growth.png Graphic file (type png)
<use _state/regulated_growth.png>
Package pdftex.def Info: _state/regulated_growth.png  used on input line 1240.
(pdftex.def)             Requested size: 460.935pt x 277.92276pt.

Overfull \hbox (14.36816pt too wide) in paragraph at lines 1243--1249
[]\T1/cmtt/m/n/10.95 The pattern is emergent, and nothing in the spec asks for 
it. growth_rate is seeded
 []


Overfull \hbox (20.02654pt too wide) in paragraph at lines 1243--1249
\T1/cmtt/m/n/10.95 at \T1/cmtt/m/it/10.95 zero\T1/cmtt/m/n/10.95 , so every bit
 of growth in the run is something regulate decided. What comes
 []


Overfull \hbox (14.36816pt too wide) in paragraph at lines 1243--1249
\T1/cmtt/m/n/10.95 out is a radial gradient: cells in the crowded interior read
 a higher concentration
 []


Overfull \hbox (5.543pt too wide) in paragraph at lines 1243--1249
\T1/cmtt/m/n/10.95 (the field is a superposition over live sources) and grow at
 $\OT1/cmr/m/n/10.95 0\OML/cmm/m/it/10.95 :\OT1/cmr/m/n/10.95 96$\T1/cmtt/m/n/1
0.95 , cells on the rim
 []


Overfull \hbox (36.21217pt too wide) in paragraph at lines 1243--1249
\T1/cmtt/m/n/10.95 at $\OT1/cmr/m/n/10.95 0\OML/cmm/m/it/10.95 :\OT1/cmr/m/n/10
.95 63$ \T1/cmtt/m/n/10.95 --- a 41% range, correlated with what each cell sens
ed at $\OML/cmm/m/it/10.95 r \OT1/cmr/m/n/10.95 = +0\OML/cmm/m/it/10.95 :\OT1/c
mr/m/n/10.95 995$\T1/cmtt/m/n/10.95 . No operator
 []



[25 <./_state/regulated_growth.png>]
Overfull \hbox (14.36816pt too wide) in paragraph at lines 1250--1257
[]\T1/cmtt/m/n/10.95 And the control is what makes that a claim rather than a p
icture. Ablate one number
 []


Overfull \hbox (19.38596pt too wide) in paragraph at lines 1250--1257
\T1/cmtt/m/n/10.95 --- $\OML/cmm/m/it/10.95 W[] \OT1/cmr/m/n/10.95 = 0$\T1/cmtt
/m/n/10.95 , the single weight that lets a cell read the field --- and \T1/cmtt
/m/it/10.95 everything still
 []


Overfull \hbox (16.26874pt too wide) in paragraph at lines 1250--1257
\T1/cmtt/m/it/10.95 runs\T1/cmtt/m/n/10.95 : morphogen still computes a field, 
regulate still integrates, cells still grow
 []


Overfull \hbox (8.7098pt too wide) in paragraph at lines 1250--1257
\T1/cmtt/m/n/10.95 and divide, the same 68 of them, and the acted ledger is unc
hanged. What collapses
 []


Overfull \hbox (22.15138pt too wide) in paragraph at lines 1250--1257
\T1/cmtt/m/n/10.95 is the spatial structure: growth_rate becomes uniform to mac
hine precision at $\OT1/cmr/m/n/10.95 0\OML/cmm/m/it/10.95 :\OT1/cmr/m/n/10.95 
3034$\T1/cmtt/m/n/10.95 ,
 []


Overfull \hbox (39.66417pt too wide) in paragraph at lines 1250--1257
\T1/cmtt/m/n/10.95 which is exactly the autonomous fixed point $\OML/cmm/m/it/1
0.95 ^^[[]\OT1/cmr/m/n/10.95 (\OML/cmm/m/it/10.95 b\OT1/cmr/m/n/10.95 )\OML/cmm
/m/it/10.95 =^^M \OT1/cmr/m/n/10.95 = 0\OML/cmm/m/it/10.95 :\OT1/cmr/m/n/10.95 
30342$ \T1/cmtt/m/n/10.95 the operator's own equation
 []


Overfull \hbox (31.34328pt too wide) in paragraph at lines 1270--1274
[]\T1/cmtt/m/n/10.95 That ablation also exposes a limit of this campaign's own 
discipline. The acted ledger
 []


Overfull \hbox (14.36816pt too wide) in paragraph at lines 1270--1274
\T1/cmtt/m/n/10.95 --- ``did this operator ever do anything?'' --- is what caug
ht the silent zero-division
 []


Overfull \hbox (8.7098pt too wide) in paragraph at lines 1270--1274
\T1/cmtt/m/n/10.95 bug in Ÿ[]11[], and it passes the ablated run without compla
int. \T1/cmtt/m/it/10.95 Acted is not coupled.
 []


Overfull \hbox (25.6849pt too wide) in paragraph at lines 1276--1281
[]\T1/cmtt/m/n/10.95 One thing had to be tuned, and it is worth recording as a 
modelling lesson rather than
 []


Overfull \hbox (16.58589pt too wide) in paragraph at lines 1276--1281
\T1/cmtt/m/n/10.95 a detail. The first attempt used $\OML/cmm/m/it/10.95 W[] \O
T1/cmr/m/n/10.95 = 2\OML/cmm/m/it/10.95 :\OT1/cmr/m/n/10.95 5$\T1/cmtt/m/n/10.9
5 . The loop closed --- per-cell correlation
 []


Overfull \hbox (2.55957pt too wide) in paragraph at lines 1276--1281
\OT1/cmr/m/n/10.95 0\OML/cmm/m/it/10.95 :\OT1/cmr/m/n/10.95 97$ \T1/cmtt/m/n/10
.95 --- and was biologically pointless: with a sensed concentration around $\OT
1/cmr/m/n/10.95 2\OML/cmm/m/it/10.95 :\OT1/cmr/m/n/10.95 7$ \T1/cmtt/m/n/10.95 
the
 []


Overfull \hbox (12.40945pt too wide) in paragraph at lines 1276--1281
\T1/cmtt/m/n/10.95 sigmoid sits at $\OML/cmm/m/it/10.95 x \OMS/cmsy/m/n/10.95 ^
^Y \OT1/cmr/m/n/10.95 6$\T1/cmtt/m/n/10.95 , deep in saturation, where a cell r
eading twice as much signal
 []


Overfull \hbox (48.31839pt too wide) in paragraph at lines 1276--1281
\T1/cmtt/m/n/10.95 grows 1% faster. A coupling can be statistically perfect and
 dynamically inert. Choosing
 []


Overfull \hbox (14.36816pt too wide) in paragraph at lines 1276--1281
\T1/cmtt/m/n/10.95 the gain so the drive lands in the responsive band is what t
urned a correlation into
 []


Overfull \hbox (25.6849pt too wide) in paragraph at lines 1282--1289
[]\T1/cmtt/m/n/10.95 What this does not do is optimise anything. The gene circu
it here is written by hand,
 []


Overfull \hbox (14.36816pt too wide) in paragraph at lines 1282--1289
\T1/cmtt/m/n/10.95 not fitted; it is Figure 5's forward half, and the inverse h
alf is Ÿ[]13.4[]'s business.
 []


Overfull \hbox (42.66002pt too wide) in paragraph at lines 1282--1289
\T1/cmtt/m/n/10.95 And it remains a composition, not a fourth contract --- regi
stering ``gene--growth coupling''
 []


Overfull \hbox (27.58548pt too wide) in paragraph at lines 1282--1289
\T1/cmtt/m/n/10.95 as new vocabulary would be exactly the inflated \T1/cmtt/m/i
t/10.95 new \T1/cmtt/m/n/10.95 the ledger exists to prevent. The
 []


Overfull \hbox (42.66002pt too wide) in paragraph at lines 1282--1289
\T1/cmtt/m/n/10.95 claim is the narrower and stronger one: \T1/cmtt/m/it/10.95 
three new contracts plus the growth the language
 []


Overfull \hbox (7.97636pt too wide) in paragraph at lines 1282--1289
\T1/cmtt/m/it/10.95 already had close a sense $\OMS/cmsy/m/n/10.95 !$ \T1/cmtt/
m/it/10.95 regulate $\OMS/cmsy/m/n/10.95 !$ \T1/cmtt/m/it/10.95 grow loop that 
Plexus previously could not
 []


Overfull \hbox (33.24385pt too wide) in paragraph at lines 1293--1296
\T1/cmtt/m/n/10.95 Ÿ[]14[] wrote the circuit by hand. This asks for the \T1/cmt
t/m/it/10.95 opposite \T1/cmtt/m/n/10.95 morphology and lets gradient
 []


Overfull \hbox (42.66002pt too wide) in paragraph at lines 1293--1296
\T1/cmtt/m/n/10.95 descent find the circuit --- Figure 5's structure, at two pa
rameters instead of a network. 
 []


Overfull \hbox (31.34328pt too wide) in paragraph at lines 1297--1301
[]\T1/cmtt/m/n/10.95 The target is chosen so the answer cannot be a tweak. The 
hand-written activator grows
 []


Overfull \hbox (20.02654pt too wide) in paragraph at lines 1297--1301
\T1/cmtt/m/n/10.95 the crowded interior fastest. Ask instead that the rim grow 
fastest, and a cell must
 []


Overfull \hbox (0.55362pt too wide) in paragraph at lines 1297--1301
\T1/cmtt/m/n/10.95 grow \T1/cmtt/m/it/10.95 less \T1/cmtt/m/n/10.95 where it se
nses \T1/cmtt/m/it/10.95 more \T1/cmtt/m/n/10.95 --- an inhibitor, $\OML/cmm/m/
it/10.95 W[] < \OT1/cmr/m/n/10.95 0$\T1/cmtt/m/n/10.95 . The fit starts from th
e
 []

<_state/phase6_invert.png, id=345, 1026.234pt x 607.068pt>
File: _state/phase6_invert.png Graphic file (type png)
<use _state/phase6_invert.png>
Package pdftex.def Info: _state/phase6_invert.png  used on input line 1303.
(pdftex.def)             Requested size: 460.935pt x 272.6686pt.


[26]
Overfull \hbox (56.87973pt too wide) in paragraph at lines 1308--1318
 [] 
 []


Overfull \hbox (3.05142pt too wide) in paragraph at lines 1320--1326
[]\T1/cmtt/m/n/10.95 It crossed zero on its own. 50 Adam steps, two seeds avera
ged per step, each step
 []


Overfull \hbox (8.7098pt too wide) in paragraph at lines 1320--1326
\T1/cmtt/m/n/10.95 a full differentiable rollout of the real engine --- growth,
 adhesion, the morphogen
 []


Overfull \hbox (9.8856pt too wide) in paragraph at lines 1320--1326
\T1/cmtt/m/n/10.95 solve, the intracellular ODE and the discrete division draw.
 $\OML/cmm/m/it/10.95 W[]$\T1/cmtt/m/n/10.95 : $\OT1/cmr/m/n/10.95 +0\OML/cmm/m
/it/10.95 :\OT1/cmr/m/n/10.95 35 \OMS/cmsy/m/n/10.95 ! ^^@\OT1/cmr/m/n/10.95 0\
OML/cmm/m/it/10.95 :\OT1/cmr/m/n/10.95 253$\T1/cmtt/m/n/10.95 .
 []


Overfull \hbox (20.02654pt too wide) in paragraph at lines 1320--1326
\T1/cmtt/m/n/10.95 three orders of magnitude. Nobody told it the sign had to ch
ange; that is simply the
 []


Overfull \hbox (48.31839pt too wide) in paragraph at lines 1320--1326
\T1/cmtt/m/n/10.95 answer to the morphology it was given, and the middle panel 
is the morphology it produced. 
 []


Overfull \hbox (8.7098pt too wide) in paragraph at lines 1328--1336
[]\T1/cmtt/m/n/10.95 Getting there required fixing a differentiability bug that
 only a COMPOSITION could
 []


Overfull \hbox (20.02654pt too wide) in paragraph at lines 1328--1336
\T1/cmtt/m/n/10.95 expose. cell_divide copies the mother's state into the daugh
ter slot by looping over
 []


Overfull \hbox (3.05142pt too wide) in paragraph at lines 1328--1336
\T1/cmtt/m/n/10.95 the set's per-node buffers --- and state is itself a registe
red per-node buffer, so
 []


Overfull \hbox (44.5606pt too wide) in paragraph at lines 1328--1336
\T1/cmtt/m/n/10.95 that loop wrote \T1/cmtt/m/it/10.95 in place \T1/cmtt/m/n/10
.95 into the very tensor the operator had just cloned. Forward-only
 []


Overfull \hbox (42.66002pt too wide) in paragraph at lines 1328--1336
\T1/cmtt/m/n/10.95 it is invisible (the write is superseded two lines later) an
d the jax_morph_proliferation
 []


Overfull \hbox (48.31839pt too wide) in paragraph at lines 1328--1336
\T1/cmtt/m/n/10.95 run never noticed. It becomes fatal the moment an upstream o
perator holds a live gradient
 []


Overfull \hbox (14.36816pt too wide) in paragraph at lines 1328--1336
\T1/cmtt/m/n/10.95 on a slice of state across a division --- which is exactly w
hat regulate does when it
 []


Overfull \hbox (20.02654pt too wide) in paragraph at lines 1328--1336
\T1/cmtt/m/n/10.95 integrates growth_rate. Six mechanisms each validated in iso
lation; the defect lived
 []


Overfull \hbox (53.97676pt too wide) in paragraph at lines 1337--1343
[]\T1/cmtt/m/n/10.95 And one modelling lesson, recorded because the loss lied c
onvincingly. The first objective
 []


Overfull \hbox (15.23373pt too wide) in paragraph at lines 1337--1343
\T1/cmtt/m/n/10.95 asked for a pointwise target $\OML/cmm/m/it/10.95 k[] \OT1/c
mr/m/n/10.95 = \OML/cmm/m/it/10.95 k[] \OMS/cmsy/m/n/10.95 ^^@ \OML/cmm/m/it/10
.95 g\OT1/cmr/m/n/10.95 (\OML/cmm/m/it/10.95 c[] \OMS/cmsy/m/n/10.95 ^^@ []\OT1
/cmr/m/n/10.95 )$\T1/cmtt/m/n/10.95 , which \T1/cmtt/m/it/10.95 looks \T1/cmtt/
m/n/10.95 like it asks for a negative
 []


Overfull \hbox (8.7098pt too wide) in paragraph at lines 1337--1343
\T1/cmtt/m/n/10.95 slope. It does not: the population-mean term dominates it, a
nd the fit cheerfully
 []


Overfull \hbox (0.34554pt too wide) in paragraph at lines 1337--1343
\T1/cmtt/m/n/10.95 drove $\OML/cmm/m/it/10.95 W[]$ \T1/cmtt/m/it/10.95 upward \
T1/cmtt/m/n/10.95 --- the wrong sign --- because that moved the mean toward $\O
ML/cmm/m/it/10.95 k[]$\T1/cmtt/m/n/10.95 . The
 []


Overfull \hbox (8.7098pt too wide) in paragraph at lines 1337--1343
\T1/cmtt/m/n/10.95 loss improved while the morphology got worse. Regressing the
 slope explicitly, and
 []


Overfull \hbox (31.34328pt too wide) in paragraph at lines 1344--1351
[]\T1/cmtt/m/n/10.95 What this is not. Two parameters, not a gene network; a ta
rget on the growth \T1/cmtt/m/it/10.95 response\T1/cmtt/m/n/10.95 ,
 []


Overfull \hbox (20.02654pt too wide) in paragraph at lines 1344--1351
\T1/cmtt/m/n/10.95 not on a shape directly (the current loss cannot tell a sphe
re from a dumbbell of the
 []


Overfull \hbox (3.05142pt too wide) in paragraph at lines 1344--1351
\T1/cmtt/m/n/10.95 same profile). Figure 5 proper is this with more genes and a
 spatial objective ---
 []


Overfull \hbox (70.95187pt too wide) in paragraph at lines 1344--1351
\T1/cmtt/m/n/10.95 but every piece of the path is now measured rather than assu
med: the engine is differentiable
 []


Overfull \hbox (20.02654pt too wide) in paragraph at lines 1344--1351
\T1/cmtt/m/n/10.95 (Ÿ[]13.1[]), the straight-through gradient through division 
is a sound estimator (Ÿ[]13.4[]),
 []


Overfull \hbox (48.31839pt too wide) in paragraph at lines 1344--1351
\T1/cmtt/m/n/10.95 and the loop it optimises through is a composition of valida
ted operators with an ablation
 []



[27 <./_state/phase6_invert.png>]
Overfull \hbox (31.34328pt too wide) in paragraph at lines 1355--1360
\T1/cmtt/m/n/10.95 Decided (31 July). Run Phases 1--3 straight through, and sto
p for a joint review before
 []


Overfull \hbox (25.6849pt too wide) in paragraph at lines 1355--1360
\T1/cmtt/m/n/10.95 any figure work. Then the figure in two steps: forward only 
in Phase 5, and Figure 5
 []


Overfull \hbox (37.00165pt too wide) in paragraph at lines 1355--1360
\T1/cmtt/m/n/10.95 proper in Phase 6, through differentiability --- treated as 
an expected feature of Plexus
 []


Overfull \hbox (53.97676pt too wide) in paragraph at lines 1355--1360
\T1/cmtt/m/n/10.95 2 rather than an optional extra, building on prototype/inver
se_slime/ and the ParticleGraph
 []


Overfull \hbox (13.23642pt too wide) in paragraph at lines 1364--1368
[]\T1/cmtt/m/n/10.95 After this repository, which one? A saturation curve only 
becomes an argument at
 []


Overfull \hbox (13.23642pt too wide) in paragraph at lines 1364--1368
\T1/cmtt/m/n/10.95 the second and third framework. Cellular Potts (CompuCell3D)
 is the biggest step
 []


Overfull \hbox (18.89479pt too wide) in paragraph at lines 1364--1368
\T1/cmtt/m/n/10.95 away from everything we have --- cells as lattice domains ra
ther than points --- and
 []


Overfull \hbox (13.23642pt too wide) in paragraph at lines 1368--1372
[]\T1/cmtt/m/n/10.95 What happens to a refinement that breaks an existing user?
 Widening a registered
 []


Overfull \hbox (1.91968pt too wide) in paragraph at lines 1368--1372
\T1/cmtt/m/n/10.95 signature to admit a jax-morph mechanism can invalidate spec
s that already run.
 []


Overfull \hbox (35.8699pt too wide) in paragraph at lines 1368--1372
\T1/cmtt/m/n/10.95 The record forces the cost to be stated; it does not say who
 pays it. I would rather
 []


Overfull \hbox (6.20093pt too wide) in paragraph at lines 1378--1382
[]\T1/cmtt/m/n/10 Where things are. atlas_record.yaml --- the record, the produ
ct. campaign/analysis.md ---
 []


Overfull \hbox (16.69836pt too wide) in paragraph at lines 1378--1382
\T1/cmtt/m/n/10 the append-only log. _oracle/runs/ --- reference artefacts with
 provenance. _state/ --- the
 []


Overfull \hbox (32.44452pt too wide) in paragraph at lines 1378--1382
\T1/cmtt/m/n/10 frozen baseline, the extracted paper, the ledger, the reverts a
nd the blocked list. README.md
 []



[28] (./atlas_note.aux)
 ***********
LaTeX2e <2024-11-01> patch level 2
L3 programming layer <2025-01-18>
 ***********
Package rerunfilecheck Info: File `atlas_note.out' has not changed.
(rerunfilecheck)             Checksum: AA750CD43DFAC3CE83CF6F4166ED6A2D;8742.
 )
(\end occurred inside a group at level 2)

### simple group (level 2) entered at line 1234 ({)
### simple group (level 1) entered at line 977 ({)
### bottom level 
Here is how much of TeX's memory you used:
 24047 strings out of 475102
 452763 string characters out of 5764878
 870544 words of memory out of 5000000
 46555 multiletter control sequences out of 15000+600000
 586434 words of font info for 107 fonts, out of 8000000 for 9000
 59 hyphenation exceptions out of 8191
 116i,11n,121p,650b,791s stack positions out of 10000i,1000n,20000p,200000b,200000s
</usr/share/texlive/texmf-dist/fonts/type1/public/amsfonts/cm/c
mbx10.pfb></usr/share/texlive/texmf-dist/fonts/type1/public/amsfonts/cm/cmbx7.p
fb></usr/share/texlive/texmf-dist/fonts/type1/public/amsfonts/cmextra/cmex9.pfb
></usr/share/texlive/texmf-dist/fonts/type1/public/amsfonts/cm/cmmi10.pfb></usr
/share/texlive/texmf-dist/fonts/type1/public/amsfonts/cm/cmmi5.pfb></usr/share/
texlive/texmf-dist/fonts/type1/public/amsfonts/cm/cmmi6.pfb></usr/share/texlive
/texmf-dist/fonts/type1/public/amsfonts/cm/cmmi7.pfb></usr/share/texlive/texmf-
dist/fonts/type1/public/amsfonts/cm/cmmi8.pfb></usr/share/texlive/texmf-dist/fo
nts/type1/public/amsfonts/cm/cmmi9.pfb></usr/share/texlive/texmf-dist/fonts/typ
e1/public/amsfonts/cm/cmr10.pfb></usr/share/texlive/texmf-dist/fonts/type1/publ
ic/amsfonts/cm/cmr5.pfb></usr/share/texlive/texmf-dist/fonts/type1/public/amsfo
nts/cm/cmr6.pfb></usr/share/texlive/texmf-dist/fonts/type1/public/amsfonts/cm/c
mr7.pfb></usr/share/texlive/texmf-dist/fonts/type1/public/amsfonts/cm/cmr8.pfb>
</usr/share/texlive/texmf-dist/fonts/type1/public/amsfonts/cm/cmr9.pfb></usr/sh
are/texlive/texmf-dist/fonts/type1/public/amsfonts/cm/cmsy10.pfb></usr/share/te
xlive/texmf-dist/fonts/type1/public/amsfonts/cm/cmsy6.pfb></usr/share/texlive/t
exmf-dist/fonts/type1/public/amsfonts/cm/cmsy7.pfb></usr/share/texlive/texmf-di
st/fonts/type1/public/amsfonts/cm/cmsy8.pfb></usr/share/texlive/texmf-dist/font
s/type1/public/amsfonts/cm/cmsy9.pfb></usr/share/texlive/texmf-dist/fonts/type1
/public/amsfonts/symbols/msbm10.pfb></usr/share/texmf/fonts/type1/public/cm-sup
er/sfbi1095.pfb></usr/share/texmf/fonts/type1/public/cm-super/sfbx0900.pfb></us
r/share/texmf/fonts/type1/public/cm-super/sfbx1000.pfb></usr/share/texmf/fonts/
type1/public/cm-super/sfbx1095.pfb></usr/share/texmf/fonts/type1/public/cm-supe
r/sfbx1200.pfb></usr/share/texmf/fonts/type1/public/cm-super/sfbx1728.pfb></usr
/share/texmf/fonts/type1/public/cm-super/sfit1095.pfb></usr/share/texmf/fonts/t
ype1/public/cm-super/sfrm0800.pfb></usr/share/texmf/fonts/type1/public/cm-super
/sfrm0900.pfb></usr/share/texmf/fonts/type1/public/cm-super/sfrm1000.pfb></usr/
share/texmf/fonts/type1/public/cm-super/sfrm1095.pfb></usr/share/texmf/fonts/ty
pe1/public/cm-super/sfrm1200.pfb></usr/share/texmf/fonts/type1/public/cm-super/
sfti0800.pfb></usr/share/texmf/fonts/type1/public/cm-super/sfti0900.pfb></usr/s
hare/texmf/fonts/type1/public/cm-super/sfti1000.pfb></usr/share/texmf/fonts/typ
e1/public/cm-super/sfti1095.pfb></usr/share/texmf/fonts/type1/public/cm-super/s
ftt0800.pfb></usr/share/texmf/fonts/type1/public/cm-super/sftt0900.pfb></usr/sh
are/texmf/fonts/type1/public/cm-super/sftt1000.pfb></usr/share/texmf/fonts/type
1/public/cm-super/sftt1095.pfb></usr/share/texmf/fonts/type1/public/cm-super/sf
tt1200.pfb>
Output written on atlas_note.pdf (28 pages, 1659297 bytes).
PDF statistics:
 565 PDF objects out of 1000 (max. 8388607)
 431 compressed objects within 5 object streams
 101 named destinations out of 1000 (max. 500000)
 304 words of extra memory for PDF output out of 10000 (max. 10000000)

