[p1_ko_reconnect_t1_3d] comp=Cdf6723053e5 region='growth-driven monolayer (Okuda route)' frames=500 dt=0.02 device=cuda:1
[engine] 500 sim frames -> recording 501 set frames (stride 1), fields every 2 steps (<= 256)
[engine] === p1_ko_reconnect_t1_3d ===  dim=3  world=[80, 80, 80]  boundary=free  dt=0.02  frames=500
[engine] sets:      vertex(30000)  cell(16000)
[engine] fields:    —
[engine] operators: growth: seed_mesh_3d, cell_rd_seed, morphogen_growth_3d, divide_3d, topo_snapshot_3d   hierarchy: cell_geometry_3d   topology: cell_adjacency   fields: cell_diffuse, cell_react   mechanics: shape_energy_3d
[p1_ko_reconnect_t1_3d] evidence horizon at frame 487: peak/final taken over the first 488 of 501 frames
[p1_ko_reconnect_t1_3d] mechanics: p_tube/p_body = 0.414 (~3 = forced protrusion, ~1 = growth-driven equilibrium)
[p1_ko_reconnect_t1_3d] {"saturated": false, "inert_operators": [], "retention": 1.0, "valid_evidence": true, "protr_final": 1.276, "protr_peak": 1.276, "horizon_frame": 487, "horizon_why": "last frame with broken_n < 1 was 487; damage from there never recovers (reaching 1). First damage anywhere: frame 500.", "first_damage_frame": 500, "valid_frac": 0.974, "protr_peak_untruncated": 1.283, "protr_final_untruncated": 1.283, "n_cells_final": 12836, "red_frac_final": 0.056, "act_max_final": 0.483, "frames": 501, "wall_s": 270.6, "ta_hollow_n_peak": 6681, "ta_hollow_n_final": 6681, "ta_area_cv_final": 0.99, "ta_vol_cv_final": 1.091, "ta_tube_diam_final": 1.56, "ta_n_tubes_final": 12, "ta_tube_len_final": 2.837, "ta_protr_final": 1.275, "ta_red_frac_final": 0.056, "ta_tip_act_final": -0.021, "ta_aspect_len_over_diam": 1.819, "mech_force_mean": 23.3171, "mech_p_body": 12.4214, "mech_p_tube": 5.1474, "mech_p_ratio": 0.414, "mech_tension_mean": 2.442, "mech_migration": 0.20252}
[p1_ko_reconnect_t1_3d] D4 ok: all 10 scheduled operators acted ({'seed_mesh_3d': 1, 'cell_adjacency': 389, 'morphogen_growth_3d': 401} ...)
[p1_ko_reconnect_t1_3d] camera: FIXED Lbox=11.468 for all 501 frames and both views (per-frame autofit would have run 5.601 -> 11.468, x2.05: that rescaling is what hid growth)
[p1_ko_reconnect_t1_3d] no per-cell age recorded -- movie drawn WITHOUT the divided colour (older run, or topo_snapshot predates it)
[p1_ko_reconnect_t1_3d] no per-cell age recorded -- movie drawn WITHOUT the divided colour (older run, or topo_snapshot predates it)
[p1_ko_reconnect_t1_3d] no per-cell age recorded -- movie drawn WITHOUT the divided colour (older run, or topo_snapshot predates it)
[p1_ko_reconnect_t1_3d] no per-cell age recorded -- movie drawn WITHOUT the divided colour (older run, or topo_snapshot predates it)
[p1_ko_reconnect_t1_3d] no per-cell age recorded -- movie drawn WITHOUT the divided colour (older run, or topo_snapshot predates it)
[p1_ko_reconnect_t1_3d] no per-cell age recorded -- movie drawn WITHOUT the divided colour (older run, or topo_snapshot predates it)
[p1_ko_reconnect_t1_3d] no per-cell age recorded -- movie drawn WITHOUT the divided colour (older run, or topo_snapshot predates it)
[p1_ko_reconnect_t1_3d] no per-cell age recorded -- movie drawn WITHOUT the divided colour (older run, or topo_snapshot predates it)
[p1_ko_reconnect_t1_3d] no per-cell age recorded -- movie drawn WITHOUT the divided colour (older run, or topo_snapshot predates it)
[p1_ko_reconnect_t1_3d] no per-cell age recorded -- movie drawn WITHOUT the divided colour (older run, or topo_snapshot predates it)
[p1_ko_reconnect_t1_3d] no per-cell age recorded -- movie drawn WITHOUT the divided colour (older run, or topo_snapshot predates it)
[p1_ko_reconnect_t1_3d] no per-cell age recorded -- movie drawn WITHOUT the divided colour (older run, or topo_snapshot predates it)
[p1_ko_reconnect_t1_3d] no per-cell age recorded -- movie drawn WITHOUT the divided colour (older run, or topo_snapshot predates it)
[p1_ko_reconnect_t1_3d] no per-cell age recorded -- movie drawn WITHOUT the divided colour (older run, or topo_snapshot predates it)
