[p1_without_cell_rd_seed] comp=Cffa1030a113 region='growth-driven monolayer (Okuda route)' frames=500 dt=0.02 device=cuda:0
[engine] 500 sim frames -> recording 501 set frames (stride 1), fields every 2 steps (<= 256)
[engine] === p1_without_cell_rd_seed ===  dim=3  world=[80, 80, 80]  boundary=free  dt=0.02  frames=500
[engine] sets:      vertex(30000)  cell(16000)
[engine] fields:    —
[engine] operators: growth: seed_mesh_3d, morphogen_growth_3d, divide_3d, topo_snapshot_3d   hierarchy: cell_geometry_3d   topology: cell_adjacency, reconnect_t1_3d   fields: cell_diffuse, cell_react   mechanics: shape_energy_3d
[p1_without_cell_rd_seed] evidence horizon at frame 333: peak/final taken over the first 334 of 501 frames
[p1_without_cell_rd_seed] mechanics: p_tube/p_body = 0.528 (~3 = forced protrusion, ~1 = growth-driven equilibrium)
[p1_without_cell_rd_seed] {"saturated": false, "inert_operators": [], "retention": 1.0, "valid_evidence": true, "protr_final": 1.192, "protr_peak": 1.192, "horizon_frame": 333, "horizon_why": "last frame with broken_n < 1 was 333; damage from there never recovers (reaching 9). First damage anywhere: frame 230.", "first_damage_frame": 230, "valid_frac": 0.667, "protr_peak_untruncated": 1.225, "protr_final_untruncated": 1.223, "n_cells_final": 8274, "red_frac_final": 0.0, "act_max_final": 0.0, "frames": 501, "wall_s": 411.4, "ta_hollow_n_peak": 3850, "ta_hollow_n_final": 3850, "ta_area_cv_final": 1.062, "ta_vol_cv_final": 1.09, "ta_tube_diam_final": 1.932, "ta_n_tubes_final": 2, "ta_tube_len_final": 2.488, "ta_protr_final": 1.218, "ta_red_frac_final": 0.0, "ta_tip_act_final": 0.0, "ta_aspect_len_over_diam": 1.288, "mech_force_mean": 19.7573, "mech_p_body": 12.0439, "mech_p_tube": 6.3651, "mech_p_ratio": 0.528, "mech_tension_mean": 1.6322, "mech_migration": 0.1946}
[p1_without_cell_rd_seed] D4 ok: all 10 scheduled operators acted ({'seed_mesh_3d': 1, 'cell_adjacency': 381, 'morphogen_growth_3d': 401} ...)
[p1_without_cell_rd_seed] camera: FIXED Lbox=10.618 for all 501 frames and both views (per-frame autofit would have run 5.605 -> 10.330, x1.84: that rescaling is what hid growth)
[p1_without_cell_rd_seed] no per-cell age recorded -- movie drawn WITHOUT the divided colour (older run, or topo_snapshot predates it)
[p1_without_cell_rd_seed] no per-cell age recorded -- movie drawn WITHOUT the divided colour (older run, or topo_snapshot predates it)
[p1_without_cell_rd_seed] no per-cell age recorded -- movie drawn WITHOUT the divided colour (older run, or topo_snapshot predates it)
[p1_without_cell_rd_seed] no per-cell age recorded -- movie drawn WITHOUT the divided colour (older run, or topo_snapshot predates it)
[p1_without_cell_rd_seed] no per-cell age recorded -- movie drawn WITHOUT the divided colour (older run, or topo_snapshot predates it)
[p1_without_cell_rd_seed] no per-cell age recorded -- movie drawn WITHOUT the divided colour (older run, or topo_snapshot predates it)
[p1_without_cell_rd_seed] no per-cell age recorded -- movie drawn WITHOUT the divided colour (older run, or topo_snapshot predates it)
[p1_without_cell_rd_seed] no per-cell age recorded -- movie drawn WITHOUT the divided colour (older run, or topo_snapshot predates it)
[p1_without_cell_rd_seed] no per-cell age recorded -- movie drawn WITHOUT the divided colour (older run, or topo_snapshot predates it)
[p1_without_cell_rd_seed] no per-cell age recorded -- movie drawn WITHOUT the divided colour (older run, or topo_snapshot predates it)
[p1_without_cell_rd_seed] no per-cell age recorded -- movie drawn WITHOUT the divided colour (older run, or topo_snapshot predates it)
[p1_without_cell_rd_seed] no per-cell age recorded -- movie drawn WITHOUT the divided colour (older run, or topo_snapshot predates it)
[p1_without_cell_rd_seed] no per-cell age recorded -- movie drawn WITHOUT the divided colour (older run, or topo_snapshot predates it)
[p1_without_cell_rd_seed] no per-cell age recorded -- movie drawn WITHOUT the divided colour (older run, or topo_snapshot predates it)
