
------------------------------------------------------------
Sender: LSF System <lsfadmin@e11u02>
Subject: Job 153423336: <eye_bench_run_06_touch> in cluster <Janelia> Exited

Job <eye_bench_run_06_touch> was submitted from host <e02u30> by user <allierc> in cluster <Janelia> at Fri Aug 14 17:43:14 2026
Job was executed on host(s) <8*e11u02>, in queue <gpu_l4>, as user <allierc> in cluster <Janelia> at Fri Aug 14 17:43:15 2026
</groups/saalfeld/home/allierc> was used as the home directory.
</groups/saalfeld/home/allierc/Graph/Plexus/prototype/eye> was used as the working directory.
Started at Fri Aug 14 17:43:15 2026
Terminated at Fri Aug 14 17:43:20 2026
Results reported at Fri Aug 14 17:43:20 2026

Your job looked like:

------------------------------------------------------------
# LSBATCH: User input
bash -l /groups/saalfeld/home/allierc/Graph/Plexus/prototype/eye/archive/_cluster/bench_run_06_touch.sh
------------------------------------------------------------

Exited with exit code 1.

Resource usage summary:

    CPU time :                                   2.61 sec.
    Max Memory :                                 22 MB
    Average Memory :                             15.33 MB
    Total Requested Memory :                     122880.00 MB
    Delta Memory :                               122858.00 MB
    Max Swap :                                   -
    Max Processes :                              5
    Max Threads :                                6
    Run time :                                   9 sec.
    Turnaround time :                            6 sec.

The output (if any) is above this job summary.



PS:

Read file </groups/saalfeld/home/allierc/Graph/Plexus/prototype/eye/archive/_cluster/bench_run_06_touch.err> for stderr output of this job.

[bench run_06_touch] 1800 frames, E 240.0, A 67.0
[engine] 1800 sim frames -> recording 1801 set frames (stride 1), fields every 1 steps (<= 4000)
[engine] === bench_run_06_touch ===  dim=3  world=[1, 1, 1]  boundary=wall  dt=0.003  frames=1800
[build] units: NONE DECLARED -- this run is dimensionless and no result from it may be quoted with a unit
[engine] sets:      eye(1)  muscle(2)  bone(1)  orbit(1)  mpm_particle(40000)  muscle_particle(18000)  bone_particle(16000)
[engine] fields:    mpm_grid
[engine] operators: anatomy: eye_anatomy, bone_block, muscle_morphogenesis   hierarchy: eye_pose, muscle_geometry   signalling: muscle_probe   mechanics: muscle_contract, pin_region, orbit_socket   motion: drag, drag   mpm: mpm_strain, mpm_strain, mpm_strain, mpm_scatter, mpm_scatter, mpm_scatter, mpm_grid_update, mpm_gather, mpm_gather, mpm_gather
[eye_anatomy] ovoid a=0.105 c=0.105 (ratio 1.00); 40000 points, 6767 on the shell, 0 in the lens
[bone_block] 16000 points, [0.1 0.4 0.4] -> [0.24 0.6  0.6 ], E 1600.0
[muscle_morphogenesis:tube] 18000 points, length 0.3276, radius 0.022, E 240.0
[bench run_06_touch] path -19.75%  end-to-end -14.17%  DELIVERED 1.3498  anchor slip 0.8654  [535.8s]
    [render] 0/301
    [render] 40/301
    [render] 80/301
    [render] 120/301
    [render] 160/301
    [render] 200/301
    [render] 240/301
    [render] 280/301
[bench run_06_touch] -> /groups/saalfeld/home/allierc/Graph/Plexus/prototype/eye/archive/run_06_touch/run_06_touch.mp4


------------------------------------------------------------
Sender: LSF System <lsfadmin@e10u26>
Subject: Job 153423340: <eye_bench_run_06_touch> in cluster <Janelia> Done

Job <eye_bench_run_06_touch> was submitted from host <e02u30> by user <allierc> in cluster <Janelia> at Fri Aug 14 17:45:29 2026
Job was executed on host(s) <8*e10u26>, in queue <gpu_l4>, as user <allierc> in cluster <Janelia> at Fri Aug 14 17:45:29 2026
</groups/saalfeld/home/allierc> was used as the home directory.
</groups/saalfeld/home/allierc/Graph/Plexus/prototype/eye> was used as the working directory.
Started at Fri Aug 14 17:45:29 2026
Terminated at Fri Aug 14 17:54:52 2026
Results reported at Fri Aug 14 17:54:52 2026

Your job looked like:

------------------------------------------------------------
# LSBATCH: User input
bash -l /groups/saalfeld/home/allierc/Graph/Plexus/prototype/eye/archive/_cluster/bench_run_06_touch.sh
------------------------------------------------------------

Successfully completed.

Resource usage summary:

    CPU time :                                   578.90 sec.
    Max Memory :                                 4271 MB
    Average Memory :                             2152.81 MB
    Total Requested Memory :                     122880.00 MB
    Delta Memory :                               118609.00 MB
    Max Swap :                                   -
    Max Processes :                              7
    Max Threads :                                75
    Run time :                                   566 sec.
    Turnaround time :                            563 sec.

The output (if any) is above this job summary.



PS:

Read file </groups/saalfeld/home/allierc/Graph/Plexus/prototype/eye/archive/_cluster/bench_run_06_touch.err> for stderr output of this job.

