[grid96] substep 1.2e-04 (25 per frame), grid 96^3, 32000 particles, strap 1.8 cells thick
[engine] 834 sim frames -> recording 835 set frames (stride 1), fields every 835 steps (<= 1)
[engine] === eye_F_fish_larva_stair_LR ===  dim=3  world=[1, 1, 1]  boundary=wall  dt=0.003  frames=834
[build] units: NONE DECLARED -- this run is dimensionless and no result from it may be quoted with a unit
[engine] sets:      eye(1)  muscle(6)  orbit(1)  mpm_particle(32000)  muscle_particle(13200)
[engine] fields:    mpm_grid
[engine] operators: anatomy: eye_anatomy, muscle_morphogenesis   hierarchy: eye_pose, muscle_geometry   signalling: muscle_probe   mechanics: muscle_contract, bone_anchor, muscle_sleeve, orbit_socket   motion: drag, drag   mpm: mpm_strain, mpm_strain, mpm_scatter, mpm_scatter, mpm_grid_update, mpm_gather, mpm_gather
[eye_anatomy] ovoid a=0.115 c=0.078 (ratio 0.68); 32000 points, 5485 on the shell, 1380 in the lens
[muscle_morphogenesis] 6 muscles x 2200 points; rest lengths LR=0.193 SR=0.155 MR=0.128 IR=0.112 SO=0.112 IO=0.171
    [vtk] 0/140
    [vtk] 40/140
    [vtk] 80/140
    [vtk] 120/140
[grid96] pose [5.693, -1.9134, 3.1258] deg  p-p [0.0322, 0.025, 0.0142]  257.4s (0.3087 s/frame)

variant    pose (h,v,t) deg           d|pose|   s/frame   verdict (tol 0.05 deg)
grid96     [5.693, -1.9134, 3.1258]   0.0000    0.3087    SAFE  1.00x faster

-> /groups/saalfeld/home/allierc/Graph/Plexus/prototype/eye/archive/derisk


------------------------------------------------------------
Sender: LSF System <lsfadmin@e10u26>
Subject: Job 153421096: <eye_derisk_grid96> in cluster <Janelia> Done

Job <eye_derisk_grid96> was submitted from host <e02u30> by user <allierc> in cluster <Janelia> at Fri Aug 14 10:26:39 2026
Job was executed on host(s) <8*e10u26>, in queue <gpu_l4>, as user <allierc> in cluster <Janelia> at Fri Aug 14 10:26:39 2026
</groups/saalfeld/home/allierc> was used as the home directory.
</groups/saalfeld/home/allierc/Graph/Plexus/prototype/eye> was used as the working directory.
Started at Fri Aug 14 10:26:39 2026
Terminated at Fri Aug 14 10:31:13 2026
Results reported at Fri Aug 14 10:31:13 2026

Your job looked like:

------------------------------------------------------------
# LSBATCH: User input
bash -l /groups/saalfeld/home/allierc/Graph/Plexus/prototype/eye/archive/_cluster/derisk_grid96.sh
------------------------------------------------------------

Successfully completed.

Resource usage summary:

    CPU time :                                   284.01 sec.
    Max Memory :                                 2494 MB
    Average Memory :                             1411.71 MB
    Total Requested Memory :                     122880.00 MB
    Delta Memory :                               120386.00 MB
    Max Swap :                                   -
    Max Processes :                              7
    Max Threads :                                75
    Run time :                                   275 sec.
    Turnaround time :                            274 sec.

The output (if any) is above this job summary.



PS:

Read file </groups/saalfeld/home/allierc/Graph/Plexus/prototype/eye/archive/_cluster/derisk_grid96.err> for stderr output of this job.

