[anch_k100k_w15] LR u=1, hold 2.0s
[engine] 834 sim frames -> recording 835 set frames (stride 1), fields every 835 steps (<= 1)
[engine] === eye_F_fish_larva_stair_LR ===  dim=3  world=[1, 1, 1]  boundary=wall  dt=0.003  frames=834
[build] units: NONE DECLARED -- this run is dimensionless and no result from it may be quoted with a unit
[engine] sets:      eye(1)  muscle(6)  orbit(1)  mpm_particle(45000)  muscle_particle(13200)
[engine] fields:    mpm_grid
[engine] operators: anatomy: eye_anatomy, muscle_morphogenesis   hierarchy: eye_pose, muscle_geometry   signalling: muscle_probe   mechanics: muscle_contract, bone_anchor, muscle_sleeve, orbit_socket   motion: drag, drag   mpm: mpm_strain, mpm_strain, mpm_scatter, mpm_scatter, mpm_grid_update, mpm_gather, mpm_gather
[eye_anatomy] ovoid a=0.115 c=0.078 (ratio 0.68); 45000 points, 7656 on the shell, 1938 in the lens
[muscle_morphogenesis] 6 muscles x 2200 points; rest lengths LR=0.193 SR=0.155 MR=0.128 IR=0.112 SO=0.112 IO=0.171


------------------------------------------------------------
Sender: LSF System <lsfadmin@e11u10>
Subject: Job 153421307: <eye_F_anch_k100k_w15> in cluster <Janelia> Exited

Job <eye_F_anch_k100k_w15> was submitted from host <e02u30> by user <allierc> in cluster <Janelia> at Fri Aug 14 11:37:20 2026
Job was executed on host(s) <8*e11u10>, in queue <gpu_l4>, as user <allierc> in cluster <Janelia> at Fri Aug 14 11:37:20 2026
</groups/saalfeld/home/allierc> was used as the home directory.
</groups/saalfeld/home/allierc/Graph/Plexus/prototype/eye> was used as the working directory.
Started at Fri Aug 14 11:37:20 2026
Terminated at Fri Aug 14 11:40:53 2026
Results reported at Fri Aug 14 11:40:53 2026

Your job looked like:

------------------------------------------------------------
# LSBATCH: User input
bash -l /groups/saalfeld/home/allierc/Graph/Plexus/prototype/eye/archive/_cluster/F_anch_k100k_w15.sh
------------------------------------------------------------

Exited with exit code 1.

Resource usage summary:

    CPU time :                                   206.30 sec.
    Max Memory :                                 1852 MB
    Average Memory :                             1411.71 MB
    Total Requested Memory :                     122880.00 MB
    Delta Memory :                               121028.00 MB
    Max Swap :                                   -
    Max Processes :                              6
    Max Threads :                                10
    Run time :                                   216 sec.
    Turnaround time :                            213 sec.

The output (if any) is above this job summary.



PS:

Read file </groups/saalfeld/home/allierc/Graph/Plexus/prototype/eye/archive/_cluster/F_anch_k100k_w15.err> for stderr output of this job.

[anch_k100k_w15] LR u=1, hold 2.0s
[engine] 834 sim frames -> recording 835 set frames (stride 1), fields every 835 steps (<= 1)
[engine] === eye_F_fish_larva_stair_LR ===  dim=3  world=[1, 1, 1]  boundary=wall  dt=0.003  frames=834
[build] units: NONE DECLARED -- this run is dimensionless and no result from it may be quoted with a unit
[engine] sets:      eye(1)  muscle(6)  orbit(1)  mpm_particle(45000)  muscle_particle(13200)
[engine] fields:    mpm_grid
[engine] operators: anatomy: eye_anatomy, muscle_morphogenesis   hierarchy: eye_pose, muscle_geometry   signalling: muscle_probe   mechanics: muscle_contract, bone_anchor, muscle_sleeve, orbit_socket   motion: drag, drag   mpm: mpm_strain, mpm_strain, mpm_scatter, mpm_scatter, mpm_grid_update, mpm_gather, mpm_gather
[eye_anatomy] ovoid a=0.115 c=0.078 (ratio 0.68); 45000 points, 7656 on the shell, 1938 in the lens
[muscle_morphogenesis] 6 muscles x 2200 points; rest lengths LR=0.193 SR=0.155 MR=0.128 IR=0.112 SO=0.112 IO=0.171
    [vtk] 0/140
    [vtk] 40/140
    [vtk] 80/140
    [vtk] 120/140
[anch_k100k_w15] pose [6.007, 0.13, 2.461]  shortened 21.86%  DELIVERED 24.5%  origin cap moved 0.00026  tendon cap moved 0.00643  [201.8s]


------------------------------------------------------------
Sender: LSF System <lsfadmin@e11u10>
Subject: Job 153421346: <eye_F_anch_k100k_w15> in cluster <Janelia> Done

Job <eye_F_anch_k100k_w15> was submitted from host <e02u30> by user <allierc> in cluster <Janelia> at Fri Aug 14 11:44:34 2026
Job was executed on host(s) <8*e11u10>, in queue <gpu_l4>, as user <allierc> in cluster <Janelia> at Fri Aug 14 11:44:34 2026
</groups/saalfeld/home/allierc> was used as the home directory.
</groups/saalfeld/home/allierc/Graph/Plexus/prototype/eye> was used as the working directory.
Started at Fri Aug 14 11:44:34 2026
Terminated at Fri Aug 14 11:48:12 2026
Results reported at Fri Aug 14 11:48:12 2026

Your job looked like:

------------------------------------------------------------
# LSBATCH: User input
bash -l /groups/saalfeld/home/allierc/Graph/Plexus/prototype/eye/archive/_cluster/F_anch_k100k_w15.sh
------------------------------------------------------------

Successfully completed.

Resource usage summary:

    CPU time :                                   228.87 sec.
    Max Memory :                                 2384 MB
    Average Memory :                             1437.68 MB
    Total Requested Memory :                     122880.00 MB
    Delta Memory :                               120496.00 MB
    Max Swap :                                   -
    Max Processes :                              7
    Max Threads :                                75
    Run time :                                   219 sec.
    Turnaround time :                            218 sec.

The output (if any) is above this job summary.



PS:

Read file </groups/saalfeld/home/allierc/Graph/Plexus/prototype/eye/archive/_cluster/F_anch_k100k_w15.err> for stderr output of this job.

