[sleeve_w20] LR u=1, hold 2.0s
[engine] 834 sim frames -> recording 835 set frames (stride 1), fields every 835 steps (<= 1)
[engine] === eye_F_fish_larva_stair_LR ===  dim=3  world=[1, 1, 1]  boundary=wall  dt=0.003  frames=834
[build] units: NONE DECLARED -- this run is dimensionless and no result from it may be quoted with a unit
[engine] sets:      eye(1)  muscle(6)  orbit(1)  mpm_particle(45000)  muscle_particle(13200)
[engine] fields:    mpm_grid
[engine] operators: anatomy: eye_anatomy, muscle_morphogenesis   hierarchy: eye_pose, muscle_geometry   signalling: muscle_probe   mechanics: muscle_contract, bone_anchor, muscle_sleeve, orbit_socket   motion: drag, drag   mpm: mpm_strain, mpm_strain, mpm_scatter, mpm_scatter, mpm_grid_update, mpm_gather, mpm_gather
[eye_anatomy] ovoid a=0.115 c=0.078 (ratio 0.68); 45000 points, 7656 on the shell, 1938 in the lens
[muscle_morphogenesis] 6 muscles x 2200 points; rest lengths LR=0.193 SR=0.155 MR=0.128 IR=0.112 SO=0.112 IO=0.171
    [vtk] 0/140
    [vtk] 40/140
    [vtk] 80/140
    [vtk] 120/140
[sleeve_w20] pose [5.311, -1.157, -0.318]  shortened 26.18%  DELIVERED 18.1%  radius -0.01%  [205.1s]


------------------------------------------------------------
Sender: LSF System <lsfadmin@e11u26>
Subject: Job 153421287: <eye_F_buck_sleeve_w20> in cluster <Janelia> Done

Job <eye_F_buck_sleeve_w20> was submitted from host <e02u30> by user <allierc> in cluster <Janelia> at Fri Aug 14 11:25:38 2026
Job was executed on host(s) <8*e11u26>, in queue <gpu_l4>, as user <allierc> in cluster <Janelia> at Fri Aug 14 11:25:38 2026
</groups/saalfeld/home/allierc> was used as the home directory.
</groups/saalfeld/home/allierc/Graph/Plexus/prototype/eye> was used as the working directory.
Started at Fri Aug 14 11:25:38 2026
Terminated at Fri Aug 14 11:29:27 2026
Results reported at Fri Aug 14 11:29:27 2026

Your job looked like:

------------------------------------------------------------
# LSBATCH: User input
bash -l /groups/saalfeld/home/allierc/Graph/Plexus/prototype/eye/archive/_cluster/F_buck_sleeve_w20.sh
------------------------------------------------------------

Successfully completed.

Resource usage summary:

    CPU time :                                   234.90 sec.
    Max Memory :                                 2383 MB
    Average Memory :                             1390.93 MB
    Total Requested Memory :                     122880.00 MB
    Delta Memory :                               120497.00 MB
    Max Swap :                                   -
    Max Processes :                              7
    Max Threads :                                75
    Run time :                                   229 sec.
    Turnaround time :                            229 sec.

The output (if any) is above this job summary.



PS:

Read file </groups/saalfeld/home/allierc/Graph/Plexus/prototype/eye/archive/_cluster/F_buck_sleeve_w20.err> for stderr output of this job.

