
------------------------------------------------------------
Sender: LSF System <lsfadmin@h08u06>
Subject: Job 153425935: <eye_G_dr_substep_fine> in cluster <Janelia> Exited

Job <eye_G_dr_substep_fine> was submitted from host <e02u30> by user <allierc> in cluster <Janelia> at Sat Aug 15 10:07:07 2026
Job was executed on host(s) <8*h08u06>, in queue <gpu_l4>, as user <allierc> in cluster <Janelia> at Sat Aug 15 10:07:07 2026
</groups/saalfeld/home/allierc> was used as the home directory.
</groups/saalfeld/home/allierc/Graph/Plexus/prototype/eye> was used as the working directory.
Started at Sat Aug 15 10:07:07 2026
Terminated at Sat Aug 15 10:07:19 2026
Results reported at Sat Aug 15 10:07:19 2026

Your job looked like:

------------------------------------------------------------
# LSBATCH: User input
bash -l /groups/saalfeld/home/allierc/Graph/Plexus/prototype/eye/archive/_cluster/G_dr_substep_fine.sh
------------------------------------------------------------

Exited with exit code 1.

Resource usage summary:

    CPU time :                                   6.13 sec.
    Max Memory :                                 320 MB
    Average Memory :                             206.60 MB
    Total Requested Memory :                     122880.00 MB
    Delta Memory :                               122560.00 MB
    Max Swap :                                   -
    Max Processes :                              6
    Max Threads :                                7
    Run time :                                   15 sec.
    Turnaround time :                            12 sec.

The output (if any) is above this job summary.



PS:

Read file </groups/saalfeld/home/allierc/Graph/Plexus/prototype/eye/archive/_cluster/G_dr_substep_fine.err> for stderr output of this job.

[engine] 1167 sim frames -> recording 1168 set frames (stride 1), fields every 1168 steps (<= 1)
[engine] === eye_G_blend_stair_LR ===  dim=3  world=[1, 1, 1]  boundary=wall  dt=0.003  frames=1167
[build] units: NONE DECLARED -- this run is dimensionless and no result from it may be quoted with a unit
[engine] sets:      eye(1)  muscle(6)  orbit(1)  mpm_particle(45000)  muscle_particle(13200)
[engine] fields:    mpm_grid
[engine] operators: anatomy: blend_globe, blend_muscles   hierarchy: eye_pose, muscle_geometry   signalling: muscle_probe   mechanics: muscle_contract, bone_anchor, muscle_sleeve, orbit_socket   motion: drag, drag   mpm: mpm_strain, mpm_strain, mpm_scatter, mpm_scatter, mpm_grid_update, mpm_gather, mpm_gather
[blend] cutting 260802_s2_EYE_MUSCLES_MODEL.blend -> /workspace/Plexus/prototype/eye/archive/run_03/blend_parts


------------------------------------------------------------
Sender: LSF System <lsfadmin@h08u12>
Subject: Job 153425952: <eye_G_dr_substep_fine> in cluster <Janelia> Exited

Job <eye_G_dr_substep_fine> was submitted from host <e02u30> by user <allierc> in cluster <Janelia> at Sat Aug 15 10:09:57 2026
Job was executed on host(s) <8*h08u12>, in queue <gpu_l4>, as user <allierc> in cluster <Janelia> at Sat Aug 15 10:09:58 2026
</groups/saalfeld/home/allierc> was used as the home directory.
</groups/saalfeld/home/allierc/Graph/Plexus/prototype/eye> was used as the working directory.
Started at Sat Aug 15 10:09:58 2026
Terminated at Sat Aug 15 10:10:11 2026
Results reported at Sat Aug 15 10:10:11 2026

Your job looked like:

------------------------------------------------------------
# LSBATCH: User input
bash -l /groups/saalfeld/home/allierc/Graph/Plexus/prototype/eye/archive/_cluster/G_dr_substep_fine.sh
------------------------------------------------------------

Exited with exit code 1.

Resource usage summary:

    CPU time :                                   7.39 sec.
    Max Memory :                                 321 MB
    Average Memory :                             207.40 MB
    Total Requested Memory :                     122880.00 MB
    Delta Memory :                               122559.00 MB
    Max Swap :                                   -
    Max Processes :                              6
    Max Threads :                                7
    Run time :                                   13 sec.
    Turnaround time :                            14 sec.

The output (if any) is above this job summary.



PS:

Read file </groups/saalfeld/home/allierc/Graph/Plexus/prototype/eye/archive/_cluster/G_dr_substep_fine.err> for stderr output of this job.

[engine] 1167 sim frames -> recording 1168 set frames (stride 1), fields every 1168 steps (<= 1)
[engine] === eye_G_blend_stair_LR ===  dim=3  world=[1, 1, 1]  boundary=wall  dt=0.003  frames=1167
[build] units: NONE DECLARED -- this run is dimensionless and no result from it may be quoted with a unit
[engine] sets:      eye(1)  muscle(6)  orbit(1)  mpm_particle(45000)  muscle_particle(13200)
[engine] fields:    mpm_grid
[engine] operators: anatomy: blend_globe, blend_muscles   hierarchy: eye_pose, muscle_geometry   signalling: muscle_probe   mechanics: muscle_contract, bone_anchor, muscle_sleeve, orbit_socket   motion: drag, drag   mpm: mpm_strain, mpm_strain, mpm_scatter, mpm_scatter, mpm_grid_update, mpm_gather, mpm_gather
[blend_globe] side R (frame det +1), scale 0.1677 sim/blend, semi-axes [0.1241, 0.1059, 0.0825] (axial/equatorial 0.718); 45000 points, volume 0.00241, 13347 on the shell, 5941 lens, 1482 cornea
[blend_muscles] side R (frame det +1), scale 0.1677 sim/blend, semi-axes [0.1241, 0.1059, 0.0825] (axial/equatorial 0.718); 6 straps x 2200 points; standoff +0.008 / embed -0.006; rest lengths LR=0.143(moved 16%, tendon +0.0000 in) SR=0.150(moved 26%, tendon +0.0011 in) MR=0.180(moved 0%, tendon +0.0000 in) IR=0.159(moved 36%, tendon +0.0012 in) SO=0.177(moved 0%, tendon +0.0002 in) IO=0.169(moved 17%, tendon +0.0010 in)
[surface] camera turns on 40 of 196 frames; held still on 156 while a muscle contracts
[hold LR1] pose [7.3461, -0.164, -1.3406] settled=True p-p [0.0, 0.0, 0.0] [463.3s]


------------------------------------------------------------
Sender: LSF System <lsfadmin@h08u06>
Subject: Job 153425966: <eye_G_dr_substep_fine> in cluster <Janelia> Done

Job <eye_G_dr_substep_fine> was submitted from host <e02u30> by user <allierc> in cluster <Janelia> at Sat Aug 15 10:23:31 2026
Job was executed on host(s) <8*h08u06>, in queue <gpu_l4>, as user <allierc> in cluster <Janelia> at Sat Aug 15 10:23:32 2026
</groups/saalfeld/home/allierc> was used as the home directory.
</groups/saalfeld/home/allierc/Graph/Plexus/prototype/eye> was used as the working directory.
Started at Sat Aug 15 10:23:32 2026
Terminated at Sat Aug 15 10:31:26 2026
Results reported at Sat Aug 15 10:31:26 2026

Your job looked like:

------------------------------------------------------------
# LSBATCH: User input
bash -l /groups/saalfeld/home/allierc/Graph/Plexus/prototype/eye/archive/_cluster/G_dr_substep_fine.sh
------------------------------------------------------------

Successfully completed.

Resource usage summary:

    CPU time :                                   480.81 sec.
    Max Memory :                                 3354 MB
    Average Memory :                             1704.41 MB
    Total Requested Memory :                     122880.00 MB
    Delta Memory :                               119526.00 MB
    Max Swap :                                   -
    Max Processes :                              7
    Max Threads :                                75
    Run time :                                   475 sec.
    Turnaround time :                            475 sec.

The output (if any) is above this job summary.



PS:

Read file </groups/saalfeld/home/allierc/Graph/Plexus/prototype/eye/archive/_cluster/G_dr_substep_fine.err> for stderr output of this job.

