[eye_G] /groups/saalfeld/home/allierc/Graph/Plexus/prototype/eye/archive/eye_G/pairs_long_x2_spec.yaml
[eye_G] side R (frame det +1), scale 0.1677 sim/blend, semi-axes [0.1241, 0.1059, 0.0825] (axial/equatorial 0.718)
[eye_G] muscle volumes (sim units^3): LR=1.49e-05  SR=2.25e-05  MR=1.46e-05  IR=2.28e-05  SO=2.54e-05  IO=2.92e-05
[engine] 1540 sim frames -> recording 1541 set frames (stride 1), fields every 1541 steps (<= 1)
[engine] === eye_G_blend_synergies ===  dim=3  world=[1, 1, 1]  boundary=wall  dt=0.003  frames=1540
[build] units: NONE DECLARED -- this run is dimensionless and no result from it may be quoted with a unit
[engine] sets:      eye(1)  muscle(6)  orbit(1)  mpm_particle(45000)  muscle_particle(13200)
[engine] fields:    mpm_grid
[engine] operators: anatomy: blend_globe, blend_muscles   hierarchy: eye_pose, muscle_geometry   signalling: muscle_probe   mechanics: muscle_contract, bone_anchor, muscle_sleeve, orbit_socket   motion: drag, drag   mpm: mpm_strain, mpm_strain, mpm_scatter, mpm_scatter, mpm_grid_update, mpm_gather, mpm_gather
[blend_globe] side R (frame det +1), scale 0.1677 sim/blend, semi-axes [0.1241, 0.1059, 0.0825] (axial/equatorial 0.718); 45000 points, volume 0.00241, 13347 on the shell, 5941 lens, 1482 cornea
[blend_muscles] side R (frame det +1), scale 0.1677 sim/blend, semi-axes [0.1241, 0.1059, 0.0825] (axial/equatorial 0.718); 6 straps x 2200 points; standoff +0.008 / embed -0.006; rest lengths LR=0.143(16% moved) SR=0.150(26% moved) MR=0.180(0% moved) IR=0.159(36% moved) SO=0.177(0% moved) IO=0.169(17% moved)

  what each synergy did (open loop, so this is the geometry talking):
    SR+SO  up (SR+SO, the two dorsal insertions)      gaze [-31.14, 19.2, 4.87]  expected vertical +   NO
    IR+IO  down (IR+IO, the two ventral insertions)   gaze [-3.34, -8.47, -2.98]  expected vertical -   OK
    LR     temporal (LR, the caudal insertion)        gaze [0.01, -0.06, -0.03]  expected horizontal + NO
    MR     nasal (MR, the rostral insertion)          gaze [-0.0, -0.01, -0.03]  expected horizontal - NO
{
  "n_frames": 1540,
  "program": "pairs",
  "synergies": {
    "SR+SO": {
      "label": "up (SR+SO, the two dorsal insertions)",
      "window": [
        40,
        240
      ],
      "gaze_excursion_deg": [
        -31.14,
        19.2,
        4.87
      ],
      "peak_abs_deg": [
        31.14,
        19.2,
        10.28
      ],
      "expected": "vertical +",
      "ok": false
    },
    "IR+IO": {
      "label": "down (IR+IO, the two ventral insertions)",
      "window": [
        400,
        600
      ],
      "gaze_excursion_deg": [
        -3.34,
        -8.47,
        -2.98
      ],
      "peak_abs_deg": [
        3.37,
        8.72,
        2.98
      ],
      "expected": "vertical -",
      "ok": true
    },
    "LR": {
      "label": "temporal (LR, the caudal insertion)",
      "window": [
        760,
        960
      ],
      "gaze_excursion_deg": [
        0.01,
        -0.06,
        -0.03
      ],
      "peak_abs_deg": [
        0.01,
        0.06,
        0.03
      ],
      "expected": "horizontal +",
      "ok": false
    },
    "MR": {
      "label": "nasal (MR, the rostral insertion)",
      "window": [
        1120,
        1320
      ],
      "gaze_excursion_deg": [
        -0.0,
        -0.01,
        -0.03
      ],
      "peak_abs_deg": [
        0.0,
        0.01,
        0.03
      ],
      "expected": "horizontal -",
      "ok": false
    }
  },
  "radius_worst_pct": 16.04,
  "strain_p99": NaN,
  "peak_shortening_pct": 86.27,
  "max_shortening_pct": {
    "LR": 5.12,
    "SR": 86.27,
    "MR": 66.97,
    "IR": 24.11,
    "SO": 68.07,
    "IO": 5.55
  },
  "geometry": {
    "source": "260802_s2_EYE_MUSCLES_MODEL.blend",
    "side": "R",
    "scale": 0.16768,
    "axial_ratio": 0.7178,
    "semi_axes": [
      0.1241,
      0.1059,
      0.0825
    ],
    "rest_lengths": {
      "LR": 0.1577,
      "SR": 0.1561,
      "MR": 0.1961,
      "IR": 0.1667,
      "SO": 0.2006,
      "IO": 0.2133
    },
    "muscle_volumes": {
      "LR": 1.48875e-05,
      "SR": 2.25246e-05,
      "MR": 1.45764e-05,
      "IR": 2.28027e-05,
      "SO": 2.5405e-05,
      "IO": 2.91811e-05
    }
  }
}
[surface] camera turns on 219 of 515 frames; held still on 296 while a muscle contracts
[eye_G] /groups/saalfeld/home/allierc/Graph/Plexus/prototype/eye/archive/eye_G/pairs_long_x2.mp4
[eye_G] /groups/saalfeld/home/allierc/Graph/Plexus/prototype/eye/archive/eye_G/pairs_long_x2.png


------------------------------------------------------------
Sender: LSF System <lsfadmin@h08u20>
Subject: Job 153423558: <eye_G_pairs_long_x2> in cluster <Janelia> Done

Job <eye_G_pairs_long_x2> was submitted from host <e02u30> by user <allierc> in cluster <Janelia> at Fri Aug 14 18:33:44 2026
Job was executed on host(s) <8*h08u20>, in queue <gpu_l4>, as user <allierc> in cluster <Janelia> at Fri Aug 14 18:33:44 2026
</groups/saalfeld/home/allierc> was used as the home directory.
</groups/saalfeld/home/allierc/Graph/Plexus/prototype/eye> was used as the working directory.
Started at Fri Aug 14 18:33:44 2026
Terminated at Fri Aug 14 18:45:35 2026
Results reported at Fri Aug 14 18:45:35 2026

Your job looked like:

------------------------------------------------------------
# LSBATCH: User input
bash -l /groups/saalfeld/home/allierc/Graph/Plexus/prototype/eye/archive/_cluster/G_pairs_long_x2.sh
------------------------------------------------------------

Successfully completed.

Resource usage summary:

    CPU time :                                   735.67 sec.
    Max Memory :                                 4120 MB
    Average Memory :                             2137.76 MB
    Total Requested Memory :                     122880.00 MB
    Delta Memory :                               118760.00 MB
    Max Swap :                                   -
    Max Processes :                              7
    Max Threads :                                75
    Run time :                                   711 sec.
    Turnaround time :                            711 sec.

The output (if any) is above this job summary.



PS:

Read file </groups/saalfeld/home/allierc/Graph/Plexus/prototype/eye/archive/_cluster/G_pairs_long_x2.err> for stderr output of this job.

