[eye_G] archive/eye_H/pairs_long_spec.yaml
[eye_G] side R (frame det +1), scale 0.1677 sim/blend, semi-axes [0.1366, 0.1164, 0.0908] (axial/equatorial 0.718), globe inflated x1.10
[eye_G] muscle volumes (sim units^3): LR=1.49e-05  SR=2.25e-05  MR=1.46e-05  IR=2.28e-05  SO=2.54e-05  IO=2.92e-05
[engine] 1540 sim frames -> recording 1541 set frames (stride 1), fields every 1541 steps (<= 1)
[engine] === eye_G_blend_synergies ===  dim=3  world=[1, 1, 1]  boundary=wall  dt=0.003  frames=1540
[build] units: NONE DECLARED -- this run is dimensionless and no result from it may be quoted with a unit
[engine] sets:      eye(1)  muscle(6)  orbit(1)  mpm_particle(45000)  muscle_particle(13200)
[engine] fields:    mpm_grid
[engine] operators: anatomy: blend_globe, blend_muscles   hierarchy: eye_pose, muscle_geometry   signalling: muscle_probe   mechanics: muscle_contract, bone_anchor, muscle_sleeve, orbit_socket   motion: drag, drag   mpm: mpm_strain, mpm_strain, mpm_scatter, mpm_scatter, mpm_grid_update, mpm_gather, mpm_gather
[blend_globe] side R (frame det +1), scale 0.1677 sim/blend, semi-axes [0.1366, 0.1164, 0.0908] (axial/equatorial 0.718), globe inflated x1.10; 45000 points, volume 0.00321, 13347 on the shell, 5941 lens, 1482 cornea
[blend_muscles] side R (frame det +1), scale 0.1677 sim/blend, semi-axes [0.1366, 0.1164, 0.0908] (axial/equatorial 0.718), globe inflated x1.10; 6 straps x 2200 points; standoff +0.008 / embed -0.025; rest lengths LR=0.153(moved 54%, tendon +0.0042 in) SR=0.161(moved 36%, tendon +0.0130 in) MR=0.180(moved 2%, tendon +0.0003 in) IR=0.175(moved 47%, tendon +0.0151 in) SO=0.177(moved 5%, tendon +0.0045 in) IO=0.181(moved 27%, tendon +0.0143 in)

  what each synergy did (open loop, so this is the geometry talking):
    SR+SO  up (SR+SO, the two dorsal insertions)      gaze [-2.06, 9.93, 6.91]  expected vertical +   OK
    IR+IO  down (IR+IO, the two ventral insertions)   gaze [-4.11, -9.86, -5.63]  expected vertical -   OK
    LR     temporal (LR, the caudal insertion)        gaze [4.73, -0.14, -0.45]  expected horizontal + OK
    MR     nasal (MR, the rostral insertion)          gaze [-5.7, 2.68, -0.23]  expected horizontal - OK
{
  "n_frames": 1540,
  "program": "pairs",
  "synergies": {
    "SR+SO": {
      "label": "up (SR+SO, the two dorsal insertions)",
      "window": [
        40,
        240
      ],
      "gaze_excursion_deg": [
        -2.06,
        9.93,
        6.91
      ],
      "peak_abs_deg": [
        2.06,
        9.93,
        6.91
      ],
      "expected": "vertical +",
      "ok": true
    },
    "IR+IO": {
      "label": "down (IR+IO, the two ventral insertions)",
      "window": [
        400,
        600
      ],
      "gaze_excursion_deg": [
        -4.11,
        -9.86,
        -5.63
      ],
      "peak_abs_deg": [
        4.11,
        9.86,
        5.65
      ],
      "expected": "vertical -",
      "ok": true
    },
    "LR": {
      "label": "temporal (LR, the caudal insertion)",
      "window": [
        760,
        960
      ],
      "gaze_excursion_deg": [
        4.73,
        -0.14,
        -0.45
      ],
      "peak_abs_deg": [
        4.73,
        1.24,
        0.45
      ],
      "expected": "horizontal +",
      "ok": true
    },
    "MR": {
      "label": "nasal (MR, the rostral insertion)",
      "window": [
        1120,
        1320
      ],
      "gaze_excursion_deg": [
        -5.7,
        2.68,
        -0.23
      ],
      "peak_abs_deg": [
        5.7,
        2.68,
        0.23
      ],
      "expected": "horizontal -",
      "ok": true
    }
  },
  "radius_worst_pct": 0.08,
  "strain_p99": 0.021,
  "peak_shortening_pct": 24.5,
  "max_shortening_pct": {
    "LR": 13.23,
    "SR": 17.35,
    "MR": 14.64,
    "IR": 13.51,
    "SO": 24.5,
    "IO": 22.16
  },
  "geometry": {
    "source": "260802_s2_EYE_MUSCLES_MODEL.blend",
    "side": "R",
    "scale": 0.16768,
    "axial_ratio": 0.7178,
    "semi_axes": [
      0.1366,
      0.1164,
      0.0908
    ],
    "rest_lengths": {
      "LR": 0.1577,
      "SR": 0.1561,
      "MR": 0.1961,
      "IR": 0.1667,
      "SO": 0.2006,
      "IO": 0.2133
    },
    "muscle_volumes": {
      "LR": 1.48875e-05,
      "SR": 2.25246e-05,
      "MR": 1.45764e-05,
      "IR": 2.28027e-05,
      "SO": 2.5405e-05,
      "IO": 2.91811e-05
    }
  }
}
[surface] camera turns on 219 of 515 frames; held still on 296 while a muscle contracts
[eye_G] archive/eye_H/pairs_long.mp4
[eye_G] archive/eye_H/pairs_long.png


------------------------------------------------------------
Sender: LSF System <lsfadmin@h08u04>
Subject: Job 153425640: <eye_H_pairs_long_i11> in cluster <Janelia> Done

Job <eye_H_pairs_long_i11> was submitted from host <e02u30> by user <allierc> in cluster <Janelia> at Sat Aug 15 06:09:26 2026
Job was executed on host(s) <8*h08u04>, in queue <gpu_l4>, as user <allierc> in cluster <Janelia> at Sat Aug 15 06:09:27 2026
</groups/saalfeld/home/allierc> was used as the home directory.
</groups/saalfeld/home/allierc/Graph/Plexus/prototype/eye> was used as the working directory.
Started at Sat Aug 15 06:09:27 2026
Terminated at Sat Aug 15 06:20:42 2026
Results reported at Sat Aug 15 06:20:42 2026

Your job looked like:

------------------------------------------------------------
# LSBATCH: User input
bash -l /groups/saalfeld/home/allierc/Graph/Plexus/prototype/eye/archive/_cluster/H_pairs_long_i11.sh
------------------------------------------------------------

Successfully completed.

Resource usage summary:

    CPU time :                                   709.99 sec.
    Max Memory :                                 4140 MB
    Average Memory :                             2095.62 MB
    Total Requested Memory :                     122880.00 MB
    Delta Memory :                               118740.00 MB
    Max Swap :                                   -
    Max Processes :                              7
    Max Threads :                                75
    Run time :                                   678 sec.
    Turnaround time :                            676 sec.

The output (if any) is above this job summary.



PS:

Read file </groups/saalfeld/home/allierc/Graph/Plexus/prototype/eye/archive/_cluster/H_pairs_long_i11.err> for stderr output of this job.

