[eye_G] archive/eye_I/pairs_long_spec.yaml
[eye_G] side R (frame det +1), scale 0.1677 sim/blend, semi-axes [0.1241, 0.1059, 0.0825] (axial/equatorial 0.718)
[eye_G] muscle volumes (sim units^3): LR=1.49e-05  SR=2.25e-05  MR=1.46e-05  IR=2.28e-05  SO=2.54e-05  IO=2.92e-05
[engine] 1540 sim frames -> recording 1541 set frames (stride 1), fields every 1541 steps (<= 1)
[engine] === eye_G_blend_synergies ===  dim=3  world=[1, 1, 1]  boundary=wall  dt=0.003  frames=1540
[build] units: NONE DECLARED -- this run is dimensionless and no result from it may be quoted with a unit
[engine] sets:      eye(1)  muscle(6)  orbit(1)  bone(1)  mpm_particle(45000)  muscle_particle(13200)  bone_particle(18000)
[engine] fields:    mpm_grid
[engine] operators: anatomy: blend_globe, blend_muscles, bone_from_origins   mechanics: pin_region, muscle_contract, muscle_sleeve, orbit_socket   hierarchy: eye_pose, muscle_geometry   signalling: muscle_probe   motion: drag, drag   mpm: mpm_strain, mpm_strain, mpm_scatter, mpm_scatter, mpm_grid_update, mpm_gather, mpm_gather, mpm_strain, mpm_scatter, mpm_gather
[blend_globe] side R (frame det +1), scale 0.1677 sim/blend, semi-axes [0.1241, 0.1059, 0.0825] (axial/equatorial 0.718); 45000 points, volume 0.00241, 13347 on the shell, 5941 lens, 1482 cornea
[blend_muscles] side R (frame det +1), scale 0.1677 sim/blend, semi-axes [0.1241, 0.1059, 0.0825] (axial/equatorial 0.718); 6 straps x 2200 points; standoff +0.008 / embed -0.006; rest lengths LR=0.143(moved 16%, tendon +0.0000 in) SR=0.150(moved 26%, tendon +0.0011 in) MR=0.180(moved 0%, tendon +0.0000 in) IR=0.159(moved 36%, tendon +0.0012 in) SO=0.177(moved 0%, tendon +0.0002 in) IO=0.169(moved 17%, tendon +0.0010 in)
[bone_from_origins] 6 nodules, radii 0.015 0.016 0.018 0.017 0.021 0.028

  what each synergy did (open loop, so this is the geometry talking):
    SR+SO  up (SR+SO, the two dorsal insertions)      gaze [-3.11, 8.88, 6.13]  expected vertical +   OK
    IR+IO  down (IR+IO, the two ventral insertions)   gaze [-3.89, -12.58, -9.33]  expected vertical -   OK
    LR     temporal (LR, the caudal insertion)        gaze [4.78, 0.46, -1.24]  expected horizontal + OK
    MR     nasal (MR, the rostral insertion)          gaze [-7.1, 2.72, -0.5]  expected horizontal - OK
{
  "n_frames": 1540,
  "program": "pairs",
  "synergies": {
    "SR+SO": {
      "label": "up (SR+SO, the two dorsal insertions)",
      "window": [
        40,
        240
      ],
      "gaze_excursion_deg": [
        -3.11,
        8.88,
        6.13
      ],
      "peak_abs_deg": [
        4.87,
        10.4,
        6.84
      ],
      "expected": "vertical +",
      "ok": true
    },
    "IR+IO": {
      "label": "down (IR+IO, the two ventral insertions)",
      "window": [
        400,
        600
      ],
      "gaze_excursion_deg": [
        -3.89,
        -12.58,
        -9.33
      ],
      "peak_abs_deg": [
        6.85,
        14.86,
        11.01
      ],
      "expected": "vertical -",
      "ok": true
    },
    "LR": {
      "label": "temporal (LR, the caudal insertion)",
      "window": [
        760,
        960
      ],
      "gaze_excursion_deg": [
        4.78,
        0.46,
        -1.24
      ],
      "peak_abs_deg": [
        5.83,
        1.41,
        1.34
      ],
      "expected": "horizontal +",
      "ok": true
    },
    "MR": {
      "label": "nasal (MR, the rostral insertion)",
      "window": [
        1120,
        1320
      ],
      "gaze_excursion_deg": [
        -7.1,
        2.72,
        -0.5
      ],
      "peak_abs_deg": [
        8.85,
        3.79,
        0.6
      ],
      "expected": "horizontal -",
      "ok": true
    }
  },
  "radius_worst_pct": 0.08,
  "strain_p99": 0.0269,
  "peak_shortening_pct": 26.69,
  "max_shortening_pct": {
    "LR": 17.95,
    "SR": 18.2,
    "MR": 19.3,
    "IR": 17.86,
    "SO": 23.21,
    "IO": 26.69
  },
  "geometry": {
    "source": "260802_s2_EYE_MUSCLES_MODEL.blend",
    "side": "R",
    "scale": 0.16768,
    "axial_ratio": 0.7178,
    "semi_axes": [
      0.1241,
      0.1059,
      0.0825
    ],
    "rest_lengths": {
      "LR": 0.1577,
      "SR": 0.1561,
      "MR": 0.1961,
      "IR": 0.1667,
      "SO": 0.2006,
      "IO": 0.2133
    },
    "muscle_volumes": {
      "LR": 1.48875e-05,
      "SR": 2.25246e-05,
      "MR": 1.45764e-05,
      "IR": 2.28027e-05,
      "SO": 2.5405e-05,
      "IO": 2.91811e-05
    }
  }
}
[blend] cutting 260802_s2_EYE_MUSCLES_MODEL.blend -> /groups/saalfeld/home/allierc/Graph/Plexus/prototype/eye/archive/run_03/blend_parts


------------------------------------------------------------
Sender: LSF System <lsfadmin@h08u02>
Subject: Job 153425653: <eye_I_pairs_long> in cluster <Janelia> Exited

Job <eye_I_pairs_long> was submitted from host <e02u30> by user <allierc> in cluster <Janelia> at Sat Aug 15 06:19:32 2026
Job was executed on host(s) <8*h08u02>, in queue <gpu_l4>, as user <allierc> in cluster <Janelia> at Sat Aug 15 06:19:33 2026
</groups/saalfeld/home/allierc> was used as the home directory.
</groups/saalfeld/home/allierc/Graph/Plexus/prototype/eye> was used as the working directory.
Started at Sat Aug 15 06:19:33 2026
Terminated at Sat Aug 15 06:40:55 2026
Results reported at Sat Aug 15 06:40:55 2026

Your job looked like:

------------------------------------------------------------
# LSBATCH: User input
bash -l /groups/saalfeld/home/allierc/Graph/Plexus/prototype/eye/archive/_cluster/I_pairs_long.sh
------------------------------------------------------------

Exited with exit code 1.

Resource usage summary:

    CPU time :                                   1274.87 sec.
    Max Memory :                                 3483 MB
    Average Memory :                             2134.85 MB
    Total Requested Memory :                     122880.00 MB
    Delta Memory :                               119397.00 MB
    Max Swap :                                   -
    Max Processes :                              6
    Max Threads :                                10
    Run time :                                   1286 sec.
    Turnaround time :                            1283 sec.

The output (if any) is above this job summary.



PS:

Read file </groups/saalfeld/home/allierc/Graph/Plexus/prototype/eye/archive/_cluster/I_pairs_long.err> for stderr output of this job.

