[wk_apical_area_neg_s1] comp=WK_wk_apical_area_neg_s1 region='shape->chemistry feedback' frames=400 dt=1.0 device=cuda:1

premise check -- wk_apical_area_neg_s1 (static, pre-run)
  [ok  ] P2   morphogen sets where/how fast, not whether
            gated growth with a baseline floor rho=0.35
  [ok  ] P3   a cell divides because it got big
            growth ceiling 2.5 exceeds the division trigger 2.0, so cells can cross it
  [ok  ] P5   mechanics is fast, biology is slow
            the reaction advances 1 time units per frame
  ALL PREMISES HOLD   (3 pass, 0 declared ablation, 0 n/a)
[engine] 400 sim frames -> recording 401 set frames (stride 1), fields every 2 steps (<= 256)
[engine] === wk_apical_area_neg_s1 ===  dim=3  world=[50, 50, 50]  boundary=free  dt=1  frames=400
[engine] sets:      vertex(3552)  cell(1800)
[engine] fields:    —
[engine] operators: growth: seed_mesh_3d, cell_rd_seed, morphogen_growth_3d, divide_3d, topo_snapshot_3d   hierarchy: cell_geometry_3d   topology: cell_adjacency, reconnect_t1_3d   fields: cell_diffuse, cell_react, shape_to_chem   mechanics: shape_energy_3d
[wk_apical_area_neg_s1] tube_analysis unavailable: ValueError: could not convert string to float: 'sphere'
[wk_apical_area_neg_s1] 🔴 SATURATED: 1778 cells vs buffer 1800. This run is NOT evidence -- raise the buffer or bound proliferation.
[wk_apical_area_neg_s1] ⚠ no evidence horizon (no metrics.npz (tube_analysis did not run)) -- peak/final are taken over ALL 401 frames, which is the un-truncated behaviour
[wk_apical_area_neg_s1] mechanics: p_tube/p_body = 0.0 (~3 = forced protrusion, ~1 = growth-driven equilibrium)
[wk_apical_area_neg_s1] {"saturated": true, "inert_operators": [], "retention": 0.984, "valid_evidence": false, "protr_final": 1.043, "protr_peak": 1.061, "horizon_frame": null, "horizon_why": "no metrics.npz (tube_analysis did not run)", "first_damage_frame": null, "valid_frac": 1.0, "protr_peak_untruncated": 1.061, "protr_final_untruncated": 1.043, "n_cells_final": 1778, "red_frac_final": 0.038, "act_max_final": 0.869, "frames": 401, "wall_s": 157.8, "mech_force_mean": 28.3554, "mech_p_body": 3.4968, "mech_p_tube": 0.0, "mech_p_ratio": 0.0, "mech_tension_mean": 6.2122, "mech_migration": 0.51531}
[wk_apical_area_neg_s1] D4 ok: all 12 scheduled operators acted ({'seed_mesh_3d': 1, 'cell_rd_seed': 3, 'cell_adjacency': 74} ...)
[wk_apical_area_neg_s1] camera: FIXED Lbox=17.733 for all 401 frames and both views (per-frame autofit would have run 5.397 -> 17.706, x3.28: that rescaling is what hid growth)
[wk_apical_area_neg_s1] artefacts -> log/okuda/wk_apical_area_neg_s1/{strip.png,movie.mp4}

premise check -- wk_apical_area_neg_s1 (post-run)
  [FAIL] P5b  the mechanical relaxation keeps up with the tissue
            the residual force LEFT AFTER each frame's relaxation grew 13.55 -> 27.60 (x2.04) as the
            tissue went from 150 to 1778 cells. relax_iters is a constant while the system it has to
            relax keeps getting bigger, so the configuration is lagging the forces and the run is no
            longer quasi-static. Re-run with more relax_iters and check whether the result is unchanged;
            if it moves, the result was the solver.
  [ok  ] P1   cells grow by taking material in
            tissue volume 427.4 -> 14392.4 (x33.67)
  [ok  ] P11  tissue cannot pass through itself
            at every frame at least 99.0% of rays cross the surface exactly once
  [ok  ] P12  a concentration is non-negative and finite
            the activator stays non-negative throughout (minimum 0)
  [ok  ] P2   morphogen sets where/how fast, not whether
            gated growth with a baseline floor rho=0.35
  [ok  ] P3   a cell divides because it got big
            growth ceiling 2.5 exceeds the division trigger 2.0, so cells can cross it
  [ok  ] P3b  mean cell volume holds under proliferation
            mean cell volume ends at 1.00 of its peak (8.09 -> 8.09)
  [ok  ] P4   the chemistry must not be silently extinguished
            activator ends at 0.96 of its peak (0.907 -> 0.869)
  [ok  ] P5   mechanics is fast, biology is slow
            the reaction advances 1 time units per frame
  [ok  ] P7   a sheet does not absorb added area by stretching
            the stretched tail stays at shape index 4.13 over the final fifth; reduced volume 0.988
  [ok  ] P8   the shape index has a hard geometric floor
            minimum shape index 3.6460 respects the floor 3.5449
  [ok  ] P9   a closed epithelium is a sphere with no holes
            genus 0 at all 40 recorded frames
  1 PREMISE(S) BROKEN   (11 pass, 0 declared ablation, 0 n/a)
