[wk_apical_area_neg_s2] comp=WK_wk_apical_area_neg_s2 region='shape->chemistry feedback' frames=400 dt=1.0 device=cuda:0

premise check -- wk_apical_area_neg_s2 (static, pre-run)
  [ok  ] P2   morphogen sets where/how fast, not whether
            gated growth with a baseline floor rho=0.35
  [ok  ] P3   a cell divides because it got big
            growth ceiling 2.5 exceeds the division trigger 2.0, so cells can cross it
  [ok  ] P5   mechanics is fast, biology is slow
            the reaction advances 1 time units per frame
  ALL PREMISES HOLD   (3 pass, 0 declared ablation, 0 n/a)
[engine] 400 sim frames -> recording 401 set frames (stride 1), fields every 2 steps (<= 256)
[engine] === wk_apical_area_neg_s2 ===  dim=3  world=[50, 50, 50]  boundary=free  dt=1  frames=400
[engine] sets:      vertex(3552)  cell(1800)
[engine] fields:    —
[engine] operators: growth: seed_mesh_3d, cell_rd_seed, morphogen_growth_3d, divide_3d, topo_snapshot_3d   hierarchy: cell_geometry_3d   topology: cell_adjacency, reconnect_t1_3d   fields: cell_diffuse, cell_react, shape_to_chem   mechanics: shape_energy_3d
[wk_apical_area_neg_s2] tube_analysis unavailable: ValueError: could not convert string to float: 'sphere'
[wk_apical_area_neg_s2] 🔴 SATURATED: 1778 cells vs buffer 1800. This run is NOT evidence -- raise the buffer or bound proliferation.
[wk_apical_area_neg_s2] ⚠ no evidence horizon (no metrics.npz (tube_analysis did not run)) -- peak/final are taken over ALL 401 frames, which is the un-truncated behaviour
[wk_apical_area_neg_s2] mechanics: p_tube/p_body = 0.0 (~3 = forced protrusion, ~1 = growth-driven equilibrium)
[wk_apical_area_neg_s2] {"saturated": true, "inert_operators": [], "retention": 0.976, "valid_evidence": false, "protr_final": 1.029, "protr_peak": 1.055, "horizon_frame": null, "horizon_why": "no metrics.npz (tube_analysis did not run)", "first_damage_frame": null, "valid_frac": 1.0, "protr_peak_untruncated": 1.055, "protr_final_untruncated": 1.029, "n_cells_final": 1778, "red_frac_final": 0.168, "act_max_final": 0.868, "frames": 401, "wall_s": 123.6, "mech_force_mean": 29.4442, "mech_p_body": 3.6126, "mech_p_tube": 0.0, "mech_p_ratio": 0.0, "mech_tension_mean": 6.1664, "mech_migration": 0.51769}
[wk_apical_area_neg_s2] D4 ok: all 12 scheduled operators acted ({'seed_mesh_3d': 1, 'cell_rd_seed': 3, 'cell_adjacency': 74} ...)
[wk_apical_area_neg_s2] camera: FIXED Lbox=17.853 for all 401 frames and both views (per-frame autofit would have run 5.310 -> 17.655, x3.32: that rescaling is what hid growth)
[wk_apical_area_neg_s2] artefacts -> log/okuda/wk_apical_area_neg_s2/{strip.png,movie.mp4}

premise check -- wk_apical_area_neg_s2 (post-run)
  [ok  ] P1   cells grow by taking material in
            tissue volume 427.6 -> 14450.5 (x33.79)
  [ok  ] P11  tissue cannot pass through itself
            at every frame at least 100.0% of rays cross the surface exactly once
  [ok  ] P12  a concentration is non-negative and finite
            the activator stays non-negative throughout (minimum 0)
  [ok  ] P2   morphogen sets where/how fast, not whether
            gated growth with a baseline floor rho=0.35
  [ok  ] P3   a cell divides because it got big
            growth ceiling 2.5 exceeds the division trigger 2.0, so cells can cross it
  [ok  ] P3b  mean cell volume holds under proliferation
            mean cell volume ends at 1.00 of its peak (8.13 -> 8.13)
  [ok  ] P4   the chemistry must not be silently extinguished
            activator ends at 0.92 of its peak (0.942 -> 0.868)
  [ok  ] P5   mechanics is fast, biology is slow
            the reaction advances 1 time units per frame
  [ok  ] P5b  the mechanical relaxation keeps up with the tissue
            residual force after relaxation 14.72 -> 28.34 (x1.93) while the tissue grew from 150 to 1778 cells
  [ok  ] P7   a sheet does not absorb added area by stretching
            the stretched tail stays at shape index 4.12 over the final fifth; reduced volume 0.989
  [ok  ] P8   the shape index has a hard geometric floor
            minimum shape index 3.6370 respects the floor 3.5449
  [ok  ] P9   a closed epithelium is a sphere with no holes
            genus 0 at all 40 recorded frames
  ALL PREMISES HOLD   (12 pass, 0 declared ablation, 0 n/a)
