[weekend] 27 runs: 4 features x 2 signs x 3 seeds, plus 3 nulls

  [start cuda:0] wk_null_s0
  [start cuda:0] wk_curvature_pos_s0
  [start cuda:0] wk_curvature_neg_s0
  [start cuda:1] wk_tension_pos_s0
  [start cuda:1] wk_tension_neg_s0
  [start cuda:1] wk_apical_area_pos_s0
  [done  cuda:0] wk_null_s0                    265s  exit 0
  [start cuda:0] wk_apical_area_neg_s0
  [done  cuda:1] wk_tension_pos_s0             270s  exit 0
  [done  cuda:1] wk_tension_neg_s0             270s  exit 0
  [done  cuda:1] wk_apical_area_pos_s0         270s  exit 0
  [start cuda:1] wk_pressure_pos_s0
  [start cuda:1] wk_pressure_neg_s0
  [start cuda:1] wk_null_s1
  [done  cuda:0] wk_curvature_pos_s0           305s  exit 0
  [done  cuda:0] wk_curvature_neg_s0           305s  exit 0
  [start cuda:0] wk_curvature_pos_s1
  [start cuda:0] wk_curvature_neg_s1
  [done  cuda:0] wk_apical_area_neg_s0         255s  exit 0
  [start cuda:0] wk_tension_pos_s1
  [done  cuda:1] wk_pressure_pos_s0            275s  exit 0
  [done  cuda:1] wk_pressure_neg_s0            275s  exit 0
  [done  cuda:1] wk_null_s1                    275s  exit 0
  [start cuda:1] wk_tension_neg_s1
  [start cuda:1] wk_apical_area_pos_s1
  [start cuda:1] wk_apical_area_neg_s1
  [done  cuda:0] wk_curvature_pos_s1           300s  exit 0
  [done  cuda:0] wk_curvature_neg_s1           300s  exit 0
  [start cuda:0] wk_pressure_pos_s1
  [start cuda:0] wk_pressure_neg_s1
  [done  cuda:0] wk_tension_pos_s1             245s  exit 0
  [start cuda:0] wk_null_s2
  [done  cuda:1] wk_tension_neg_s1             270s  exit 0
  [done  cuda:1] wk_apical_area_pos_s1         270s  exit 0
  [done  cuda:1] wk_apical_area_neg_s1         270s  exit 0
  [start cuda:1] wk_curvature_pos_s2
  [start cuda:1] wk_curvature_neg_s2
  [start cuda:1] wk_tension_pos_s2
  [done  cuda:0] wk_pressure_pos_s1            260s  exit 0
  [done  cuda:0] wk_pressure_neg_s1            260s  exit 0
  [start cuda:0] wk_tension_neg_s2
  [start cuda:0] wk_apical_area_pos_s2
  [done  cuda:0] wk_null_s2                    245s  exit 0
  [start cuda:0] wk_apical_area_neg_s2
  [done  cuda:1] wk_tension_pos_s2             260s  exit 0
  [start cuda:1] wk_pressure_pos_s2
  [done  cuda:1] wk_curvature_pos_s2           305s  exit 0
  [done  cuda:1] wk_curvature_neg_s2           305s  exit 0
  [done  cuda:0] wk_tension_neg_s2             255s  exit 0
  [done  cuda:0] wk_apical_area_pos_s2         255s  exit 0
  [start cuda:1] wk_pressure_neg_s2
  [done  cuda:0] wk_apical_area_neg_s2         235s  exit 0
  [done  cuda:1] wk_pressure_pos_s2            245s  exit 0
  [done  cuda:1] wk_pressure_neg_s2            245s  exit 0

[weekend] 27 runs in 23 min -> /workspace/Plexus/discovery/_weekend/weekend.json
