This is pdfTeX, Version 3.141592653-2.6-1.40.26 (TeX Live 2025/dev/Debian) (preloaded format=pdflatex 2026.7.2)  12 AUG 2026 07:21
entering extended mode
 restricted \write18 enabled.
 %&-line parsing enabled.
**note_sheet.tex
(./note_sheet.tex
LaTeX2e <2024-11-01> patch level 2
L3 programming layer <2025-01-18>
(/usr/share/texlive/texmf-dist/tex/latex/base/article.cls
Document Class: article 2024/06/29 v1.4n Standard LaTeX document class
(/usr/share/texlive/texmf-dist/tex/latex/base/size10.clo
File: size10.clo 2024/06/29 v1.4n Standard LaTeX file (size option)
)
\c@part=\count196
\c@section=\count197
\c@subsection=\count198
\c@subsubsection=\count199
\c@paragraph=\count266
\c@subparagraph=\count267
\c@figure=\count268
\c@table=\count269
\abovecaptionskip=\skip49
\belowcaptionskip=\skip50
\bibindent=\dimen141
)
(/usr/share/texlive/texmf-dist/tex/latex/geometry/geometry.sty
Package: geometry 2020/01/02 v5.9 Page Geometry

(/usr/share/texlive/texmf-dist/tex/latex/graphics/keyval.sty
Package: keyval 2022/05/29 v1.15 key=value parser (DPC)
\KV@toks@=\toks17
)
(/usr/share/texlive/texmf-dist/tex/generic/iftex/ifvtex.sty
Package: ifvtex 2019/10/25 v1.7 ifvtex legacy package. Use iftex instead.

(/usr/share/texlive/texmf-dist/tex/generic/iftex/iftex.sty
Package: iftex 2024/12/12 v1.0g TeX engine tests
))
\Gm@cnth=\count270
\Gm@cntv=\count271
\c@Gm@tempcnt=\count272
\Gm@bindingoffset=\dimen142
\Gm@wd@mp=\dimen143
\Gm@odd@mp=\dimen144
\Gm@even@mp=\dimen145
\Gm@layoutwidth=\dimen146
\Gm@layoutheight=\dimen147
\Gm@layouthoffset=\dimen148
\Gm@layoutvoffset=\dimen149
\Gm@dimlist=\toks18
)
(/usr/share/texlive/texmf-dist/tex/latex/amsmath/amsmath.sty
Package: amsmath 2024/11/05 v2.17t AMS math features
\@mathmargin=\skip51

For additional information on amsmath, use the `?' option.
(/usr/share/texlive/texmf-dist/tex/latex/amsmath/amstext.sty
Package: amstext 2021/08/26 v2.01 AMS text

(/usr/share/texlive/texmf-dist/tex/latex/amsmath/amsgen.sty
File: amsgen.sty 1999/11/30 v2.0 generic functions
\@emptytoks=\toks19
\ex@=\dimen150
))
(/usr/share/texlive/texmf-dist/tex/latex/amsmath/amsbsy.sty
Package: amsbsy 1999/11/29 v1.2d Bold Symbols
\pmbraise@=\dimen151
)
(/usr/share/texlive/texmf-dist/tex/latex/amsmath/amsopn.sty
Package: amsopn 2022/04/08 v2.04 operator names
)
\inf@bad=\count273
LaTeX Info: Redefining \frac on input line 233.
\uproot@=\count274
\leftroot@=\count275
LaTeX Info: Redefining \overline on input line 398.
LaTeX Info: Redefining \colon on input line 409.
\classnum@=\count276
\DOTSCASE@=\count277
LaTeX Info: Redefining \ldots on input line 495.
LaTeX Info: Redefining \dots on input line 498.
LaTeX Info: Redefining \cdots on input line 619.
\Mathstrutbox@=\box52
\strutbox@=\box53
LaTeX Info: Redefining \big on input line 721.
LaTeX Info: Redefining \Big on input line 722.
LaTeX Info: Redefining \bigg on input line 723.
LaTeX Info: Redefining \Bigg on input line 724.
\big@size=\dimen152
LaTeX Font Info:    Redeclaring font encoding OML on input line 742.
LaTeX Font Info:    Redeclaring font encoding OMS on input line 743.
\macc@depth=\count278
LaTeX Info: Redefining \bmod on input line 904.
LaTeX Info: Redefining \pmod on input line 909.
LaTeX Info: Redefining \smash on input line 939.
LaTeX Info: Redefining \relbar on input line 969.
LaTeX Info: Redefining \Relbar on input line 970.
\c@MaxMatrixCols=\count279
\dotsspace@=\muskip17
\c@parentequation=\count280
\dspbrk@lvl=\count281
\tag@help=\toks20
\row@=\count282
\column@=\count283
\maxfields@=\count284
\andhelp@=\toks21
\eqnshift@=\dimen153
\alignsep@=\dimen154
\tagshift@=\dimen155
\tagwidth@=\dimen156
\totwidth@=\dimen157
\lineht@=\dimen158
\@envbody=\toks22
\multlinegap=\skip52
\multlinetaggap=\skip53
\mathdisplay@stack=\toks23
LaTeX Info: Redefining \[ on input line 2953.
LaTeX Info: Redefining \] on input line 2954.
)
(/usr/share/texlive/texmf-dist/tex/latex/amsfonts/amssymb.sty
Package: amssymb 2013/01/14 v3.01 AMS font symbols

(/usr/share/texlive/texmf-dist/tex/latex/amsfonts/amsfonts.sty
Package: amsfonts 2013/01/14 v3.01 Basic AMSFonts support
\symAMSa=\mathgroup4
\symAMSb=\mathgroup5
LaTeX Font Info:    Redeclaring math symbol \hbar on input line 98.
LaTeX Font Info:    Overwriting math alphabet `\mathfrak' in version `bold'
(Font)                  U/euf/m/n --> U/euf/b/n on input line 106.
))
(/usr/share/texlive/texmf-dist/tex/latex/booktabs/booktabs.sty
Package: booktabs 2020/01/12 v1.61803398 Publication quality tables
\heavyrulewidth=\dimen159
\lightrulewidth=\dimen160
\cmidrulewidth=\dimen161
\belowrulesep=\dimen162
\belowbottomsep=\dimen163
\aboverulesep=\dimen164
\abovetopsep=\dimen165
\cmidrulesep=\dimen166
\cmidrulekern=\dimen167
\defaultaddspace=\dimen168
\@cmidla=\count285
\@cmidlb=\count286
\@aboverulesep=\dimen169
\@belowrulesep=\dimen170
\@thisruleclass=\count287
\@lastruleclass=\count288
\@thisrulewidth=\dimen171
)
(/usr/share/texlive/texmf-dist/tex/latex/tools/tabularx.sty
Package: tabularx 2023/12/11 v2.12a `tabularx' package (DPC)

(/usr/share/texlive/texmf-dist/tex/latex/tools/array.sty
Package: array 2024/10/17 v2.6g Tabular extension package (FMi)
\col@sep=\dimen172
\ar@mcellbox=\box54
\extrarowheight=\dimen173
\NC@list=\toks24
\extratabsurround=\skip54
\backup@length=\skip55
\ar@cellbox=\box55
)
\TX@col@width=\dimen174
\TX@old@table=\dimen175
\TX@old@col=\dimen176
\TX@target=\dimen177
\TX@delta=\dimen178
\TX@cols=\count289
\TX@ftn=\toks25
)
(/usr/share/texlive/texmf-dist/tex/latex/graphics/graphicx.sty
Package: graphicx 2021/09/16 v1.2d Enhanced LaTeX Graphics (DPC,SPQR)

(/usr/share/texlive/texmf-dist/tex/latex/graphics/graphics.sty
Package: graphics 2024/08/06 v1.4g Standard LaTeX Graphics (DPC,SPQR)

(/usr/share/texlive/texmf-dist/tex/latex/graphics/trig.sty
Package: trig 2023/12/02 v1.11 sin cos tan (DPC)
)
(/usr/share/texlive/texmf-dist/tex/latex/graphics-cfg/graphics.cfg
File: graphics.cfg 2016/06/04 v1.11 sample graphics configuration
)
Package graphics Info: Driver file: pdftex.def on input line 106.

(/usr/share/texlive/texmf-dist/tex/latex/graphics-def/pdftex.def
File: pdftex.def 2024/04/13 v1.2c Graphics/color driver for pdftex
))
\Gin@req@height=\dimen179
\Gin@req@width=\dimen180
)
(/usr/share/texlive/texmf-dist/tex/latex/float/float.sty
Package: float 2001/11/08 v1.3d Float enhancements (AL)
\c@float@type=\count290
\float@exts=\toks26
\float@box=\box56
\@float@everytoks=\toks27
\@floatcapt=\box57
)
(/usr/share/texlive/texmf-dist/tex/latex/base/fontenc.sty
Package: fontenc 2021/04/29 v2.0v Standard LaTeX package
)
(/usr/share/texlive/texmf-dist/tex/latex/microtype/microtype.sty
Package: microtype 2025/02/11 v3.2a Micro-typographical refinements (RS)

(/usr/share/texlive/texmf-dist/tex/latex/etoolbox/etoolbox.sty
Package: etoolbox 2025/02/11 v2.5l e-TeX tools for LaTeX (JAW)
\etb@tempcnta=\count291
)
\MT@toks=\toks28
\MT@tempbox=\box58
\MT@count=\count292
LaTeX Info: Redefining \noprotrusionifhmode on input line 1087.
LaTeX Info: Redefining \leftprotrusion on input line 1088.
\MT@prot@toks=\toks29
LaTeX Info: Redefining \rightprotrusion on input line 1107.
LaTeX Info: Redefining \textls on input line 1449.
\MT@outer@kern=\dimen181
LaTeX Info: Redefining \microtypecontext on input line 2053.
LaTeX Info: Redefining \textmicrotypecontext on input line 2070.
\MT@listname@count=\count293

(/usr/share/texlive/texmf-dist/tex/latex/microtype/microtype-pdftex.def
File: microtype-pdftex.def 2025/02/11 v3.2a Definitions specific to pdftex (RS)

LaTeX Info: Redefining \lsstyle on input line 944.
LaTeX Info: Redefining \lslig on input line 944.
\MT@outer@space=\skip56
)
Package microtype Info: Loading configuration file microtype.cfg.

(/usr/share/texlive/texmf-dist/tex/latex/microtype/microtype.cfg
File: microtype.cfg 2025/02/11 v3.2a microtype main configuration file (RS)
)
LaTeX Info: Redefining \microtypesetup on input line 3065.
)
(/usr/share/texlive/texmf-dist/tex/latex/hyperref/hyperref.sty
Package: hyperref 2024-11-05 v7.01l Hypertext links for LaTeX

(/usr/share/texlive/texmf-dist/tex/latex/kvsetkeys/kvsetkeys.sty
Package: kvsetkeys 2022-10-05 v1.19 Key value parser (HO)
)
(/usr/share/texlive/texmf-dist/tex/generic/kvdefinekeys/kvdefinekeys.sty
Package: kvdefinekeys 2019-12-19 v1.6 Define keys (HO)
)
(/usr/share/texlive/texmf-dist/tex/generic/pdfescape/pdfescape.sty
Package: pdfescape 2019/12/09 v1.15 Implements pdfTeX's escape features (HO)

(/usr/share/texlive/texmf-dist/tex/generic/ltxcmds/ltxcmds.sty
Package: ltxcmds 2023-12-04 v1.26 LaTeX kernel commands for general use (HO)
)
(/usr/share/texlive/texmf-dist/tex/generic/pdftexcmds/pdftexcmds.sty
Package: pdftexcmds 2020-06-27 v0.33 Utility functions of pdfTeX for LuaTeX (HO
)

(/usr/share/texlive/texmf-dist/tex/generic/infwarerr/infwarerr.sty
Package: infwarerr 2019/12/03 v1.5 Providing info/warning/error messages (HO)
)
Package pdftexcmds Info: \pdf@primitive is available.
Package pdftexcmds Info: \pdf@ifprimitive is available.
Package pdftexcmds Info: \pdfdraftmode found.
))
(/usr/share/texlive/texmf-dist/tex/latex/hycolor/hycolor.sty
Package: hycolor 2020-01-27 v1.10 Color options for hyperref/bookmark (HO)
)
(/usr/share/texlive/texmf-dist/tex/latex/hyperref/nameref.sty
Package: nameref 2023-11-26 v2.56 Cross-referencing by name of section

(/usr/share/texlive/texmf-dist/tex/latex/refcount/refcount.sty
Package: refcount 2019/12/15 v3.6 Data extraction from label references (HO)
)
(/usr/share/texlive/texmf-dist/tex/generic/gettitlestring/gettitlestring.sty
Package: gettitlestring 2019/12/15 v1.6 Cleanup title references (HO)

(/usr/share/texlive/texmf-dist/tex/latex/kvoptions/kvoptions.sty
Package: kvoptions 2022-06-15 v3.15 Key value format for package options (HO)
))
\c@section@level=\count294
)
(/usr/share/texlive/texmf-dist/tex/generic/stringenc/stringenc.sty
Package: stringenc 2019/11/29 v1.12 Convert strings between diff. encodings (HO
)
)
\@linkdim=\dimen182
\Hy@linkcounter=\count295
\Hy@pagecounter=\count296

(/usr/share/texlive/texmf-dist/tex/latex/hyperref/pd1enc.def
File: pd1enc.def 2024-11-05 v7.01l Hyperref: PDFDocEncoding definition (HO)
Now handling font encoding PD1 ...
... no UTF-8 mapping file for font encoding PD1
)
(/usr/share/texlive/texmf-dist/tex/generic/intcalc/intcalc.sty
Package: intcalc 2019/12/15 v1.3 Expandable calculations with integers (HO)
)
\Hy@SavedSpaceFactor=\count297

(/usr/share/texlive/texmf-dist/tex/latex/hyperref/puenc.def
File: puenc.def 2024-11-05 v7.01l Hyperref: PDF Unicode definition (HO)
Now handling font encoding PU ...
... no UTF-8 mapping file for font encoding PU
)
Package hyperref Info: Option `colorlinks' set `true' on input line 4040.
Package hyperref Info: Hyper figures OFF on input line 4157.
Package hyperref Info: Link nesting OFF on input line 4162.
Package hyperref Info: Hyper index ON on input line 4165.
Package hyperref Info: Plain pages OFF on input line 4172.
Package hyperref Info: Backreferencing OFF on input line 4177.
Package hyperref Info: Implicit mode ON; LaTeX internals redefined.
Package hyperref Info: Bookmarks ON on input line 4424.
\c@Hy@tempcnt=\count298

(/usr/share/texlive/texmf-dist/tex/latex/url/url.sty
\Urlmuskip=\muskip18
Package: url 2013/09/16  ver 3.4  Verb mode for urls, etc.
)
LaTeX Info: Redefining \url on input line 4763.
\XeTeXLinkMargin=\dimen183

(/usr/share/texlive/texmf-dist/tex/generic/bitset/bitset.sty
Package: bitset 2019/12/09 v1.3 Handle bit-vector datatype (HO)

(/usr/share/texlive/texmf-dist/tex/generic/bigintcalc/bigintcalc.sty
Package: bigintcalc 2019/12/15 v1.5 Expandable calculations on big integers (HO
)
))
\Fld@menulength=\count299
\Field@Width=\dimen184
\Fld@charsize=\dimen185
Package hyperref Info: Hyper figures OFF on input line 6042.
Package hyperref Info: Link nesting OFF on input line 6047.
Package hyperref Info: Hyper index ON on input line 6050.
Package hyperref Info: backreferencing OFF on input line 6057.
Package hyperref Info: Link coloring ON on input line 6060.
Package hyperref Info: Link coloring with OCG OFF on input line 6067.
Package hyperref Info: PDF/A mode OFF on input line 6072.

(/usr/share/texlive/texmf-dist/tex/latex/base/atbegshi-ltx.sty
Package: atbegshi-ltx 2021/01/10 v1.0c Emulation of the original atbegshi
package with kernel methods
)
\Hy@abspage=\count300
\c@Item=\count301
\c@Hfootnote=\count302
)
Package hyperref Info: Driver (autodetected): hpdftex.

(/usr/share/texlive/texmf-dist/tex/latex/hyperref/hpdftex.def
File: hpdftex.def 2024-11-05 v7.01l Hyperref driver for pdfTeX

(/usr/share/texlive/texmf-dist/tex/latex/base/atveryend-ltx.sty
Package: atveryend-ltx 2020/08/19 v1.0a Emulation of the original atveryend pac
kage
with kernel methods
)
\Fld@listcount=\count303
\c@bookmark@seq@number=\count304

(/usr/share/texlive/texmf-dist/tex/latex/rerunfilecheck/rerunfilecheck.sty
Package: rerunfilecheck 2022-07-10 v1.10 Rerun checks for auxiliary files (HO)

(/usr/share/texlive/texmf-dist/tex/generic/uniquecounter/uniquecounter.sty
Package: uniquecounter 2019/12/15 v1.4 Provide unlimited unique counter (HO)
)
Package uniquecounter Info: New unique counter `rerunfilecheck' on input line 2
85.
)
\Hy@SectionHShift=\skip57
)
(/usr/share/texlive/texmf-dist/tex/latex/xcolor/xcolor.sty
Package: xcolor 2024/09/29 v3.02 LaTeX color extensions (UK)

(/usr/share/texlive/texmf-dist/tex/latex/graphics-cfg/color.cfg
File: color.cfg 2016/01/02 v1.6 sample color configuration
)
Package xcolor Info: Driver file: pdftex.def on input line 274.

(/usr/share/texlive/texmf-dist/tex/latex/graphics/mathcolor.ltx)
Package xcolor Info: Model `cmy' substituted by `cmy0' on input line 1349.
Package xcolor Info: Model `hsb' substituted by `rgb' on input line 1353.
Package xcolor Info: Model `RGB' extended on input line 1365.
Package xcolor Info: Model `HTML' substituted by `rgb' on input line 1367.
Package xcolor Info: Model `Hsb' substituted by `hsb' on input line 1368.
Package xcolor Info: Model `tHsb' substituted by `hsb' on input line 1369.
Package xcolor Info: Model `HSB' substituted by `hsb' on input line 1370.
Package xcolor Info: Model `Gray' substituted by `gray' on input line 1371.
Package xcolor Info: Model `wave' substituted by `hsb' on input line 1372.
)
(/usr/share/texlive/texmf-dist/tex/latex/graphics/dvipsnam.def
File: dvipsnam.def 2016/06/17 v3.0m Driver-dependent file (DPC,SPQR)
)
(/usr/share/texlive/texmf-dist/tex/latex/titlesec/titlesec.sty
Package: titlesec 2025/01/04 v2.17 Sectioning titles
\ttl@box=\box59
\beforetitleunit=\skip58
\aftertitleunit=\skip59
\ttl@plus=\dimen186
\ttl@minus=\dimen187
\ttl@toksa=\toks30
\titlewidth=\dimen188
\titlewidthlast=\dimen189
\titlewidthfirst=\dimen190
)
(/usr/share/texlive/texmf-dist/tex/latex/l3backend/l3backend-pdftex.def
File: l3backend-pdftex.def 2024-05-08 L3 backend support: PDF output (pdfTeX)
\l__color_backend_stack_int=\count305
\l__pdf_internal_box=\box60
)
(./note_sheet.aux)
\openout1 = `note_sheet.aux'.

LaTeX Font Info:    Checking defaults for OML/cmm/m/it on input line 30.
LaTeX Font Info:    ... okay on input line 30.
LaTeX Font Info:    Checking defaults for OMS/cmsy/m/n on input line 30.
LaTeX Font Info:    ... okay on input line 30.
LaTeX Font Info:    Checking defaults for OT1/cmr/m/n on input line 30.
LaTeX Font Info:    ... okay on input line 30.
LaTeX Font Info:    Checking defaults for T1/cmr/m/n on input line 30.
LaTeX Font Info:    ... okay on input line 30.
LaTeX Font Info:    Checking defaults for TS1/cmr/m/n on input line 30.
LaTeX Font Info:    ... okay on input line 30.
LaTeX Font Info:    Checking defaults for OMX/cmex/m/n on input line 30.
LaTeX Font Info:    ... okay on input line 30.
LaTeX Font Info:    Checking defaults for U/cmr/m/n on input line 30.
LaTeX Font Info:    ... okay on input line 30.
LaTeX Font Info:    Checking defaults for PD1/pdf/m/n on input line 30.
LaTeX Font Info:    ... okay on input line 30.
LaTeX Font Info:    Checking defaults for PU/pdf/m/n on input line 30.
LaTeX Font Info:    ... okay on input line 30.

*geometry* driver: auto-detecting
*geometry* detected driver: pdftex
*geometry* verbose mode - [ preamble ] result:
* driver: pdftex
* paper: a4paper
* layout: <same size as paper>
* layoutoffset:(h,v)=(0.0pt,0.0pt)
* modes: 
* h-part:(L,W,R)=(51.21504pt, 495.07779pt, 51.21504pt)
* v-part:(T,H,B)=(51.21504pt, 742.61676pt, 51.21504pt)
* \paperwidth=597.50787pt
* \paperheight=845.04684pt
* \textwidth=495.07779pt
* \textheight=742.61676pt
* \oddsidemargin=-21.05495pt
* \evensidemargin=-21.05495pt
* \topmargin=-58.05495pt
* \headheight=12.0pt
* \headsep=25.0pt
* \topskip=10.0pt
* \footskip=30.0pt
* \marginparwidth=57.0pt
* \marginparsep=11.0pt
* \columnsep=10.0pt
* \skip\footins=9.0pt plus 4.0pt minus 2.0pt
* \hoffset=0.0pt
* \voffset=0.0pt
* \mag=1000
* \@twocolumnfalse
* \@twosidefalse
* \@mparswitchfalse
* \@reversemarginfalse
* (1in=72.27pt=25.4mm, 1cm=28.453pt)

(/usr/share/texlive/texmf-dist/tex/context/base/mkii/supp-pdf.mkii
[Loading MPS to PDF converter (version 2006.09.02).]
\scratchcounter=\count306
\scratchdimen=\dimen191
\scratchbox=\box61
\nofMPsegments=\count307
\nofMParguments=\count308
\everyMPshowfont=\toks31
\MPscratchCnt=\count309
\MPscratchDim=\dimen192
\MPnumerator=\count310
\makeMPintoPDFobject=\count311
\everyMPtoPDFconversion=\toks32
) (/usr/share/texlive/texmf-dist/tex/latex/epstopdf-pkg/epstopdf-base.sty
Package: epstopdf-base 2020-01-24 v2.11 Base part for package epstopdf
Package epstopdf-base Info: Redefining graphics rule for `.eps' on input line 4
85.

(/usr/share/texlive/texmf-dist/tex/latex/latexconfig/epstopdf-sys.cfg
File: epstopdf-sys.cfg 2010/07/13 v1.3 Configuration of (r)epstopdf for TeX Liv
e
))
LaTeX Info: Redefining \microtypecontext on input line 30.
Package microtype Info: Applying patch `item' on input line 30.
Package microtype Info: Applying patch `toc' on input line 30.
Package microtype Info: Applying patch `eqnum' on input line 30.
Package microtype Info: Applying patch `footnote' on input line 30.
Package microtype Info: Applying patch `verbatim' on input line 30.
LaTeX Info: Redefining \microtypesetup on input line 30.
Package microtype Info: Generating PDF output.
Package microtype Info: Character protrusion enabled (level 2).
Package microtype Info: Using default protrusion set `alltext'.
Package microtype Info: Automatic font expansion enabled (level 2),
(microtype)             stretch: 20, shrink: 20, step: 1, non-selected.
Package microtype Info: Using default expansion set `alltext-nott'.
LaTeX Info: Redefining \showhyphens on input line 30.
Package microtype Info: No adjustment of tracking.
Package microtype Info: No adjustment of interword spacing.
Package microtype Info: No adjustment of character kerning.

(/usr/share/texlive/texmf-dist/tex/latex/microtype/mt-cmr.cfg
File: mt-cmr.cfg 2013/05/19 v2.2 microtype config. file: Computer Modern Roman 
(RS)
)
Package hyperref Info: Link coloring ON on input line 30.

(./note_sheet.out) (./note_sheet.out)
\@outlinefile=\write3
\openout3 = `note_sheet.out'.

LaTeX Font Info:    Trying to load font information for U+msa on input line 30.


(/usr/share/texlive/texmf-dist/tex/latex/amsfonts/umsa.fd
File: umsa.fd 2013/01/14 v3.01 AMS symbols A
)
(/usr/share/texlive/texmf-dist/tex/latex/microtype/mt-msa.cfg
File: mt-msa.cfg 2006/02/04 v1.1 microtype config. file: AMS symbols (a) (RS)
)
LaTeX Font Info:    Trying to load font information for U+msb on input line 30.


(/usr/share/texlive/texmf-dist/tex/latex/amsfonts/umsb.fd
File: umsb.fd 2013/01/14 v3.01 AMS symbols B
)
(/usr/share/texlive/texmf-dist/tex/latex/microtype/mt-msb.cfg
File: mt-msb.cfg 2005/06/01 v1.0 microtype config. file: AMS symbols (b) (RS)
)
Package microtype Info: Loading generic protrusion settings for font family
(microtype)             `cmtt' (encoding: T1).
(microtype)             For optimal results, create family-specific settings.
(microtype)             See the microtype manual for details.


[1

{/var/lib/texmf/fonts/map/pdftex/updmap/pdftex.map}{/usr/share/texmf/fonts/enc/
dvips/cm-super/cm-super-t1.enc}{/usr/share/texmf/fonts/enc/dvips/cm-super/cm-su
per-ts1.enc}]
Overfull \hbox (2.4943pt too wide) detected at line 204
[][][]\OML/cmm/m/it/10 ^^U[] \OT1/cmr/m/n/10 = []  []\OML/cmm/m/it/10 ;  ^^U[] 
\OT1/cmr/m/n/10 = []  []\OML/cmm/m/it/10 :
 []



[2]
LaTeX Font Info:    Font shape `T1/cmtt/bx/n' in size <10> not available
(Font)              Font shape `T1/cmtt/m/n' tried instead on input line 261.
<fig_adhesion_scheme.pdf, id=54, 492.87338pt x 250.15157pt>
File: fig_adhesion_scheme.pdf Graphic file (type pdf)
<use fig_adhesion_scheme.pdf>
Package pdftex.def Info: fig_adhesion_scheme.pdf  used on input line 267.
(pdftex.def)             Requested size: 495.07779pt x 251.28458pt.


[3]

[4 <./fig_adhesion_scheme.pdf>]

[5]
Underfull \hbox (badness 2903) in paragraph at lines 422--422
[]|$\OT1/cmr/bx/n/8 (+20) C[]$\T1/cmr/m/n/8 (+20) , the re-mod-elling
 []


Underfull \hbox (badness 3815) in paragraph at lines 425--426
[]|\T1/cmr/m/n/8 (+20) extensive: each child takes a quar-ter,
 []


Underfull \hbox (badness 2027) in paragraph at lines 425--426
\T1/cmr/m/n/8 (+20) so $[][] \OML/cmm/m/it/8 m[]$ \T1/cmr/m/n/8 (+20) is in-var
i-ant (\T1/cmr/bx/n/8 (+20) measured bit-
 []



[6]

[7]
Underfull \hbox (badness 1577) in paragraph at lines 613--613
[]|\T1/cmr/m/n/9 (+20) one patch of ad-he-sion,
 []


Underfull \hbox (badness 10000) in paragraph at lines 613--613
\T1/cmr/m/n/9 (+20) ONE PER SHEET
 []


Underfull \hbox (badness 10000) in paragraph at lines 632--633
[]|\T1/cmr/m/it/8 (+20) numerical main-te-nance only\T1/cmr/m/n/8 (+20) :
 []

<fig_sets_ops.pdf, id=226, 600.20035pt x 316.11803pt>
File: fig_sets_ops.pdf Graphic file (type pdf)
<use fig_sets_ops.pdf>
Package pdftex.def Info: fig_sets_ops.pdf  used on input line 684.
(pdftex.def)             Requested size: 495.07779pt x 260.75235pt.


[8]

[9 <./fig_sets_ops.pdf>]

[10]

[11]

[12]

Package tabularx Warning: X Columns too narrow (table too wide)
(tabularx)                 on input line 1118.


Overfull \hbox (30.86018pt too wide) in paragraph at lines 1118--1118
[]|\T1/cmr/bx/n/8 (-20) threshold|  
 []


Overfull \hbox (9.35152pt too wide) in paragraph at lines 1118--1118
\OT1/cmr/m/n/8 (-20) 10[]$|  
 []


Overfull \hbox (9.35152pt too wide) in paragraph at lines 1118--1118
\OT1/cmr/m/n/8 (-20) 10[]$|  
 []


Overfull \hbox (13.01813pt too wide) in paragraph at lines 1118--1118
\OT1/cmr/m/n/8 (-20) 10[]$|  
 []


Overfull \hbox (9.16818pt too wide) in paragraph at lines 1118--1118
\OT1/cmr/m/n/8 (-20) 10[]$ 
 []


Overfull \hbox (3.0755pt too wide) in paragraph at lines 1118--1118
\T1/cmr/m/n/8 (-20) rel.|  
 []


Overfull \hbox (6.35838pt too wide) in paragraph at lines 1118--1118
\OT1/cmr/m/n/8 (-20) 0\OML/cmm/m/it/8 :\OT1/cmr/m/n/8 (-20) 95$|  
 []


Overfull \hbox (18.42854pt too wide) in paragraph at lines 1118--1118
\OT1/cmr/m/n/8 (-20) 1\OML/cmm/m/it/8 :\OT1/cmr/m/n/8 (-20) 00000$|  
 []


Overfull \hbox (18.42854pt too wide) in paragraph at lines 1118--1118
\OT1/cmr/m/n/8 (-20) 1\OML/cmm/m/it/8 :\OT1/cmr/m/n/8 (-20) 00000$|  
 []


Overfull \hbox (12.83093pt too wide) in paragraph at lines 1118--1118
[]|\T1/cmr/m/n/8 (-20) stable 
 []


Overfull \hbox (8.14168pt too wide) in paragraph at lines 1118--1118
\T1/cmr/m/n/8 (-20) NaN 
 []


Overfull \hbox (12.58214pt too wide) in paragraph at lines 1118--1118
\OT1/cmr/m/n/8 (-20) 10 \OML/cmm/m/it/8 "[]$|  
 []


Overfull \hbox (13.01813pt too wide) in paragraph at lines 1118--1118
\OT1/cmr/m/n/8 (-20) 10[]$|  
 []


Overfull \hbox (5.43283pt too wide) in paragraph at lines 1118--1118
[]|$\OML/cmm/m/it/8 ^^U \OMS/cmsy/m/n/8 ^^Y 
 []


Overfull \hbox (14.89116pt too wide) in paragraph at lines 1118--1118
[]|$\OML/cmm/m/it/8 `=`[] \OMS/cmsy/m/n/8 2 
 []


Overfull \hbox (21.29025pt too wide) in paragraph at lines 1118--1118
\OT1/cmr/m/n/8 (-20) [0\OML/cmm/m/it/8 :\OT1/cmr/m/n/8 (-20) 9\OML/cmm/m/it/8 ;
 \OT1/cmr/m/n/8 (-20) 1\OML/cmm/m/it/8 :\OT1/cmr/m/n/8 (-20) 1]$|  
 []


Overfull \hbox (4.13754pt too wide) in paragraph at lines 1118--1118
[]|\T1/cmr/m/n/8 (-20) any 
 []


Overfull \hbox (4.4718pt too wide) in paragraph at lines 1118--1118
\T1/cmr/m/n/8 (-20) sep- 
 []


Overfull \hbox (5.84468pt too wide) in paragraph at lines 1118--1118
\T1/cmr/m/n/8 (-20) tion|  
 []


Overfull \hbox (9.16818pt too wide) in paragraph at lines 1118--1118
\OT1/cmr/m/n/8 (-20) 10[]$ 
 []


Overfull \hbox (7.99359pt too wide) in paragraph at lines 1118--1118
\T1/cmr/m/n/8 (-20) ($[]$)|  
 []


Overfull \hbox (14.57524pt too wide) in paragraph at lines 1118--1118
[]|$\OT1/cmr/m/n/8 (-20) 10[]$\T1/cmr/m/n/8 (-20) , 
 []


Overfull \hbox (10.48363pt too wide) in paragraph at lines 1118--1118
\OT1/cmr/m/n/8 (-20) 10[]$\T1/cmr/m/n/8 (-20) , 
 []


Overfull \hbox (9.35152pt too wide) in paragraph at lines 1118--1118
\OT1/cmr/m/n/8 (-20) 10[]$|  
 []


Overfull \hbox (10.70267pt too wide) in paragraph at lines 1118--1118
[]|\T1/cmr/m/n/8 (-20) exact|  
 []


Overfull \hbox (27.90146pt too wide) in paragraph at lines 1118--1118
[]|$\OT1/cmr/m/n/8 (-20) [0\OML/cmm/m/it/8 :\OT1/cmr/m/n/8 (-20) 8\OML/cmm/m/it
/8 ; \OT1/cmr/m/n/8 (-20) 1\OML/cmm/m/it/8 :\OT1/cmr/m/n/8 (-20) 7]\OMS/cmsy/m/
n/8 ^^B$ 
 []


Overfull \hbox (15.14427pt too wide) in paragraph at lines 1118--1118
\T1/cmr/m/n/8 (-20) seeded|  
 []


Overfull \hbox (3.0687pt too wide) in paragraph at lines 1118--1118
\T1/cmr/m/n/8 (-20) the 
 []


Overfull \hbox (8.852pt too wide) in paragraph at lines 1118--1118
\T1/cmr/m/n/8 (-20) fixed 
 []


Overfull \hbox (15.6532pt too wide) in paragraph at lines 1118--1118
\T1/cmr/m/n/8 (-20) mesh's|  
 []


Overfull \hbox (10.70267pt too wide) in paragraph at lines 1118--1118
[]|\T1/cmr/m/n/8 (-20) exact|  
 []


Overfull \hbox (14.63531pt too wide) in paragraph at lines 1118--1118
[]|\T1/cmr/m/n/8 (-20) within 
 []


Overfull \hbox (6.34895pt too wide) in paragraph at lines 1118--1118
\OT1/cmr/m/n/8 (-20) 10%$|  
 []


Overfull \hbox (12.8348pt too wide) in paragraph at lines 1118--1118
\OT1/cmr/m/n/8 (-20) 10[]$ 
 []


Overfull \hbox (3.0755pt too wide) in paragraph at lines 1118--1118
\T1/cmr/m/n/8 (-20) rel.|  
 []


Overfull \hbox (12.3288pt too wide) in paragraph at lines 1118--1118
[]|\T1/cmr/m/n/8 (-20) radial 
 []


Overfull \hbox (4.4567pt too wide) in paragraph at lines 1118--1118
\T1/cmr/m/n/8 (-20) gap 
 []


Overfull \hbox (2.6089pt too wide) in paragraph at lines 1118--1118
[]|$\OT1/cmr/m/n/8 (-20) 0%$|  
 []


Overfull \hbox (1.51831pt too wide) in paragraph at lines 1118--1118
[]|$\OML/cmm/m/it/8 ^^T[]$ 
 []


Overfull \hbox (6.37459pt too wide) in paragraph at lines 1118--1118
\T1/cmr/m/n/8 (-20) over 
 []


Overfull \hbox (2.27834pt too wide) in paragraph at lines 1118--1118
\OT1/cmr/m/n/8 (-20) 8\OMS/cmsy/m/n/8 ^^B$ 
 []


Overfull \hbox (13.51549pt too wide) in paragraph at lines 1118--1118
\T1/cmr/m/n/8 (-20) moves 
 []


Overfull \hbox (2.6089pt too wide) in paragraph at lines 1118--1118
\OT1/cmr/m/n/8 (-20) 5%$|  
 []


Overfull \hbox (7.57144pt too wide) in paragraph at lines 1118--1118
[]|$\OML/cmm/m/it/8 ^^U[]$ 
 []


Overfull \hbox (14.32939pt too wide) in paragraph at lines 1118--1118
\T1/cmr/m/n/8 (-20) within 
 []


Overfull \hbox (2.25189pt too wide) in paragraph at lines 1118--1118
\OT1/cmr/m/n/8 (-20) 5%$ 
 []


Overfull \hbox (56.9139pt too wide) in paragraph at lines 1118--1118
[]$\T1/cmr/m/n/8 (-20) , 
 []


Overfull \hbox (9.92592pt too wide) in paragraph at lines 1118--1118
\T1/cmr/m/n/8 (-20) NOT 
 []


Overfull \hbox (3.0687pt too wide) in paragraph at lines 1118--1118
\T1/cmr/m/n/8 (-20) the 
 []


Overfull \hbox (6.35362pt too wide) in paragraph at lines 1118--1118
\T1/cmr/m/n/8 (-20) dius 
 []


Overfull \hbox (1.21803pt too wide) in paragraph at lines 1118--1118
\T1/cmr/m/n/8 (-20) tio|  
 []


Overfull \hbox (10.98424pt too wide) in paragraph at lines 1118--1118
[]|\T1/cmr/m/n/8 (-20) worst 
 []


Overfull \hbox (1.65633pt too wide) in paragraph at lines 1118--1118
\T1/cmr/m/n/8 (-20) tri- 
 []


Overfull \hbox (1.64954pt too wide) in paragraph at lines 1118--1118
\T1/cmr/m/n/8 (-20) an- 
 []


Overfull \hbox (1.68071pt too wide) in paragraph at lines 1118--1118
\T1/cmr/m/n/8 (-20) gle 
 []


Overfull \hbox (8.35817pt too wide) in paragraph at lines 1118--1118
\T1/cmr/m/n/8 (-20) qual- 
 []


Overfull \hbox (0.89888pt too wide) in paragraph at lines 1118--1118
\T1/cmr/m/n/8 (-20) ity 
 []


Overfull \hbox (2.19333pt too wide) in paragraph at lines 1118--1118
\OT1/cmr/m/n/8 (-20) 0\OML/cmm/m/it/8 :\OT1/cmr/m/n/8 (-20) 2$|  
 []


Overfull \hbox (14.63531pt too wide) in paragraph at lines 1118--1118
[]|\T1/cmr/m/n/8 (-20) within 
 []


Overfull \hbox (6.34895pt too wide) in paragraph at lines 1118--1118
\OT1/cmr/m/n/8 (-20) 10%$|  
 []


Overfull \hbox (27.90146pt too wide) in paragraph at lines 1118--1118
[]|$\OT1/cmr/m/n/8 (-20) [0\OML/cmm/m/it/8 :\OT1/cmr/m/n/8 (-20) 8\OML/cmm/m/it
/8 ; \OT1/cmr/m/n/8 (-20) 1\OML/cmm/m/it/8 :\OT1/cmr/m/n/8 (-20) 7]\OMS/cmsy/m/
n/8 ^^B$ 
 []


Overfull \hbox (15.14427pt too wide) in paragraph at lines 1118--1118
\T1/cmr/m/n/8 (-20) seeded|  
 []


Overfull \hbox (3.99403pt too wide) in paragraph at lines 1118--1118
[]|\T1/cmr/m/n/8 (-20) one 
 []


Overfull \hbox (12.09747pt too wide) in paragraph at lines 1118--1118
\T1/cmr/m/n/8 (-20) frame 
 []


Overfull \hbox (6.79173pt too wide) in paragraph at lines 1118--1118
\T1/cmr/m/n/8 (-20) axis, 
 []


Overfull \hbox (2.84973pt too wide) in paragraph at lines 1118--1118
\OT1/cmr/m/n/8 (-20) 401$ 
 []


Overfull \hbox (15.3824pt too wide) in paragraph at lines 1118--1118
\T1/cmr/m/n/8 (-20) frames|  
 []


Overfull \hbox (14.21893pt too wide) in paragraph at lines 1118--1118
[]|\T1/cmr/m/n/8 (-20) signed 
 []


Overfull \hbox (4.4567pt too wide) in paragraph at lines 1118--1118
\T1/cmr/m/n/8 (-20) gap 
 []


Overfull \hbox (10.28816pt too wide) in paragraph at lines 1118--1118
[]|\T1/cmr/m/n/8 (-20) onset 
 []


Overfull \hbox (14.32939pt too wide) in paragraph at lines 1118--1118
\T1/cmr/m/n/8 (-20) within 
 []


Overfull \hbox (2.6089pt too wide) in paragraph at lines 1118--1118
\OT1/cmr/m/n/8 (-20) 5%$|  
 []


Overfull \hbox (27.12727pt too wide) in paragraph at lines 1118--1118
[]|\T1/cmr/m/n/8 (-20) monotone 
 []


Overfull \hbox (3.53136pt too wide) in paragraph at lines 1118--1118
\T1/cmr/m/n/8 (-20) flat|  
 []


Overfull \hbox (10.70267pt too wide) in paragraph at lines 1118--1118
[]|\T1/cmr/m/n/8 (-20) exact|  
 []


Overfull \hbox (10.70267pt too wide) in paragraph at lines 1118--1118
[]|\T1/cmr/m/n/8 (-20) exact|  
 []


Overfull \hbox (10.98029pt too wide) in paragraph at lines 1118--1118
\T1/cmr/m/n/8 (-20) edges 
 []


Overfull \hbox (7.38942pt too wide) in paragraph at lines 1118--1118
\T1/cmr/m/n/8 (-20) with 
 []


Overfull \hbox (8.8983pt too wide) in paragraph at lines 1118--1118
\T1/cmr/m/n/8 (-20) faces|  
 []


Overfull \hbox (14.63531pt too wide) in paragraph at lines 1118--1118
[]|\T1/cmr/m/n/8 (-20) within 
 []


Overfull \hbox (6.34895pt too wide) in paragraph at lines 1118--1118
\OT1/cmr/m/n/8 (-20) 10%$|  
 []


Overfull \hbox (4.4718pt too wide) in paragraph at lines 1118--1118
\T1/cmr/m/n/8 (-20) sep- 
 []


Overfull \hbox (9.13641pt too wide) in paragraph at lines 1118--1118
\T1/cmr/m/n/8 (-20) rates|  
 []


Overfull \hbox (8.62747pt too wide) in paragraph at lines 1118--1118
[]|\T1/cmr/m/n/8 (-20) ratio 
 []


Overfull \hbox (14.32939pt too wide) in paragraph at lines 1118--1118
\T1/cmr/m/n/8 (-20) within 
 []


Overfull \hbox (14.76405pt too wide) in paragraph at lines 1118--1118
\OT1/cmr/m/n/8 (-20) [0\OML/cmm/m/it/8 :\OT1/cmr/m/n/8 (-20) 3\OML/cmm/m/it/8 ;
 \OT1/cmr/m/n/8 (-20) 3]$|  
 []


Overfull \hbox (12.3288pt too wide) in paragraph at lines 1118--1118
[]|\T1/cmr/m/n/8 (-20) radial 
 []


Overfull \hbox (4.4567pt too wide) in paragraph at lines 1118--1118
\T1/cmr/m/n/8 (-20) gap 
 []


Overfull \hbox (2.6089pt too wide) in paragraph at lines 1118--1118
[]|$\OT1/cmr/m/n/8 (-20) 0%$|  
 []


Overfull \hbox (10.70267pt too wide) in paragraph at lines 1118--1118
[]|\T1/cmr/m/n/8 (-20) exact|  
 []


Overfull \hbox (27.12727pt too wide) in paragraph at lines 1118--1118
[]|\T1/cmr/m/n/8 (-20) monotone 
 []


Overfull \hbox (12.6744pt too wide) in paragraph at lines 1118--1118
\T1/cmr/m/n/8 (-20) stress, 
 []


Overfull \hbox (21.62157pt too wide) in paragraph at lines 1118--1118
\T1/cmr/m/n/8 (-20) plateaus|  
 []


Overfull \hbox (29.031pt too wide) in paragraph at lines 1118--1118
[]|\T1/cmr/m/n/8 (-20) separation|  
 []


Overfull \hbox (14.63531pt too wide) in paragraph at lines 1118--1118
[]|\T1/cmr/m/n/8 (-20) within 
 []


Overfull \hbox (2.6089pt too wide) in paragraph at lines 1118--1118
\OT1/cmr/m/n/8 (-20) 5%$|  
 []


Overfull \hbox (50.032pt too wide) in alignment at lines 1118--1118
[][][][] 
 []



[13]
Overfull \vbox (683.54648pt too high) has occurred while \output is active []



[14]
<../log/okuda_ECM/05k_gates/gates.png, id=351, 1120.185pt x 245.718pt>
File: ../log/okuda_ECM/05k_gates/gates.png Graphic file (type png)
<use ../log/okuda_ECM/05k_gates/gates.png>
Package pdftex.def Info: ../log/okuda_ECM/05k_gates/gates.png  used on input li
ne 1157.
(pdftex.def)             Requested size: 495.07779pt x 108.59991pt.
<../log/okuda_ECM/05a_sheet/metrics.png, id=353, 1257.498pt x 491.436pt>
File: ../log/okuda_ECM/05a_sheet/metrics.png Graphic file (type png)
<use ../log/okuda_ECM/05a_sheet/metrics.png>
Package pdftex.def Info: ../log/okuda_ECM/05a_sheet/metrics.png  used on input 
line 1171.
(pdftex.def)             Requested size: 495.07779pt x 193.48145pt.


[15 <../log/okuda_ECM/05k_gates/gates.png>]
<../log/okuda_ECM/05b_plaque/metrics.png, id=360, 968.418pt x 491.436pt>
File: ../log/okuda_ECM/05b_plaque/metrics.png Graphic file (type png)
<use ../log/okuda_ECM/05b_plaque/metrics.png>
Package pdftex.def Info: ../log/okuda_ECM/05b_plaque/metrics.png  used on input
 line 1184.
(pdftex.def)             Requested size: 495.07779pt x 251.22894pt.
<../log/okuda_ECM/_archive_05def/05e_conserve/remesh_model.png, id=361, 1055.14
2pt x 433.62pt>
File: ../log/okuda_ECM/_archive_05def/05e_conserve/remesh_model.png Graphic fil
e (type png)
<use ../log/okuda_ECM/_archive_05def/05e_conserve/remesh_model.png>
Package pdftex.def Info: ../log/okuda_ECM/_archive_05def/05e_conserve/remesh_mo
del.png  used on input line 1196.
(pdftex.def)             Requested size: 495.07779pt x 203.45737pt.


[16 <../log/okuda_ECM/05a_sheet/metrics.png> <../log/okuda_ECM/05b_plaque/metri
cs.png>]
<../log/okuda_ECM/_archive_05def/05f_secrete/secrete_model.png, id=370, 1055.14
2pt x 433.62pt>
File: ../log/okuda_ECM/_archive_05def/05f_secrete/secrete_model.png Graphic fil
e (type png)
<use ../log/okuda_ECM/_archive_05def/05f_secrete/secrete_model.png>
Package pdftex.def Info: ../log/okuda_ECM/_archive_05def/05f_secrete/secrete_mo
del.png  used on input line 1208.
(pdftex.def)             Requested size: 495.07779pt x 203.45737pt.
<../log/okuda_ECM/_archive_05def/05d_tear/metrics.png, id=371, 968.418pt x 491.
436pt>
File: ../log/okuda_ECM/_archive_05def/05d_tear/metrics.png Graphic file (type p
ng)
<use ../log/okuda_ECM/_archive_05def/05d_tear/metrics.png>
Package pdftex.def Info: ../log/okuda_ECM/_archive_05def/05d_tear/metrics.png  
used on input line 1221.
(pdftex.def)             Requested size: 495.07779pt x 251.22894pt.


[17 <../log/okuda_ECM/_archive_05def/05e_conserve/remesh_model.png> <../log/oku
da_ECM/_archive_05def/05f_secrete/secrete_model.png>]

[18 <../log/okuda_ECM/_archive_05def/05d_tear/metrics.png>]

[19]
Underfull \hbox (badness 10000) in paragraph at lines 1425--1425
[]|[]\T1/cmr/m/n/8 (+20) partly: 05h_3
 []


Underfull \hbox (badness 4899) in paragraph at lines 1425--1425
\T1/cmr/m/n/8 (+20) so it is not a
 []


Underfull \hbox (badness 8056) in paragraph at lines 1425--1425
\T1/cmr/m/n/8 (+20) has never been
 []



[20]

[21] (./note_sheet.aux)
 ***********
LaTeX2e <2024-11-01> patch level 2
L3 programming layer <2025-01-18>
 ***********
Package rerunfilecheck Info: File `note_sheet.out' has not changed.
(rerunfilecheck)             Checksum: D41D8CD98F00B204E9800998ECF8427E;0.
 ) 
Here is how much of TeX's memory you used:
 14175 strings out of 475102
 216649 string characters out of 5764878
 688104 words of memory out of 5000000
 36408 multiletter control sequences out of 15000+600000
 604171 words of font info for 353 fonts, out of 8000000 for 9000
 59 hyphenation exceptions out of 8191
 75i,15n,79p,1316b,612s stack positions out of 10000i,1000n,20000p,200000b,200000s
</usr/share/texlive/texmf-dist/fonts/type1/public/amsfonts/cm/cmbx10.pfb></us
r/share/texlive/texmf-dist/fonts/type1/public/amsfonts/cm/cmbx7.pfb></usr/share
/texlive/texmf-dist/fonts/type1/public/amsfonts/cm/cmbx8.pfb></usr/share/texliv
e/texmf-dist/fonts/type1/public/amsfonts/cm/cmbx9.pfb></usr/share/texlive/texmf
-dist/fonts/type1/public/amsfonts/cm/cmex10.pfb></usr/share/texlive/texmf-dist/
fonts/type1/public/amsfonts/cmextra/cmex8.pfb></usr/share/texlive/texmf-dist/fo
nts/type1/public/amsfonts/cmextra/cmex9.pfb></usr/share/texlive/texmf-dist/font
s/type1/public/amsfonts/cm/cmitt10.pfb></usr/share/texlive/texmf-dist/fonts/typ
e1/public/amsfonts/cm/cmmi10.pfb></usr/share/texlive/texmf-dist/fonts/type1/pub
lic/amsfonts/cm/cmmi5.pfb></usr/share/texlive/texmf-dist/fonts/type1/public/ams
fonts/cm/cmmi6.pfb></usr/share/texlive/texmf-dist/fonts/type1/public/amsfonts/c
m/cmmi7.pfb></usr/share/texlive/texmf-dist/fonts/type1/public/amsfonts/cm/cmmi8
.pfb></usr/share/texlive/texmf-dist/fonts/type1/public/amsfonts/cm/cmmi9.pfb></
usr/share/texlive/texmf-dist/fonts/type1/public/amsfonts/cm/cmr10.pfb></usr/sha
re/texlive/texmf-dist/fonts/type1/public/amsfonts/cm/cmr5.pfb></usr/share/texli
ve/texmf-dist/fonts/type1/public/amsfonts/cm/cmr6.pfb></usr/share/texlive/texmf
-dist/fonts/type1/public/amsfonts/cm/cmr7.pfb></usr/share/texlive/texmf-dist/fo
nts/type1/public/amsfonts/cm/cmr8.pfb></usr/share/texlive/texmf-dist/fonts/type
1/public/amsfonts/cm/cmr9.pfb></usr/share/texlive/texmf-dist/fonts/type1/public
/amsfonts/cm/cmsy10.pfb></usr/share/texlive/texmf-dist/fonts/type1/public/amsfo
nts/cm/cmsy5.pfb></usr/share/texlive/texmf-dist/fonts/type1/public/amsfonts/cm/
cmsy6.pfb></usr/share/texlive/texmf-dist/fonts/type1/public/amsfonts/cm/cmsy7.p
fb></usr/share/texlive/texmf-dist/fonts/type1/public/amsfonts/cm/cmsy8.pfb></us
r/share/texlive/texmf-dist/fonts/type1/public/amsfonts/cm/cmsy9.pfb></usr/share
/texlive/texmf-dist/fonts/type1/public/amsfonts/cm/cmti7.pfb></usr/share/texliv
e/texmf-dist/fonts/type1/public/amsfonts/cm/cmti8.pfb></usr/share/texlive/texmf
-dist/fonts/type1/public/amsfonts/cm/cmtt8.pfb></usr/share/texlive/texmf-dist/f
onts/type1/public/amsfonts/symbols/msbm10.pfb></usr/share/texmf/fonts/type1/pub
lic/cm-super/sfbi1000.pfb></usr/share/texmf/fonts/type1/public/cm-super/sfbx080
0.pfb></usr/share/texmf/fonts/type1/public/cm-super/sfbx0900.pfb></usr/share/te
xmf/fonts/type1/public/cm-super/sfbx1000.pfb></usr/share/texmf/fonts/type1/publ
ic/cm-super/sfbx1200.pfb></usr/share/texmf/fonts/type1/public/cm-super/sfbx1440
.pfb></usr/share/texmf/fonts/type1/public/cm-super/sfbx1728.pfb></usr/share/tex
mf/fonts/type1/public/cm-super/sfit0800.pfb></usr/share/texmf/fonts/type1/publi
c/cm-super/sfrm0700.pfb></usr/share/texmf/fonts/type1/public/cm-super/sfrm0800.
pfb></usr/share/texmf/fonts/type1/public/cm-super/sfrm0900.pfb></usr/share/texm
f/fonts/type1/public/cm-super/sfrm1000.pfb></usr/share/texmf/fonts/type1/public
/cm-super/sfti0800.pfb></usr/share/texmf/fonts/type1/public/cm-super/sfti0900.p
fb></usr/share/texmf/fonts/type1/public/cm-super/sfti1000.pfb></usr/share/texmf
/fonts/type1/public/cm-super/sftt0800.pfb></usr/share/texmf/fonts/type1/public/
cm-super/sftt0900.pfb></usr/share/texmf/fonts/type1/public/cm-super/sftt1000.pf
b>
Output written on note_sheet.pdf (21 pages, 2096737 bytes).
PDF statistics:
 594 PDF objects out of 1000 (max. 8388607)
 433 compressed objects within 5 object streams
 73 named destinations out of 1000 (max. 500000)
 74793 words of extra memory for PDF output out of 89155 (max. 10000000)

