14:37:51  about to import caption_wave
14:37:51  caption_wave imported; calling it
14:42:15  caption_wave RETURNED
14:42:15  past captioning; entering the reading loop
14:42:15  reading r001n_00_cfl_c001p300_d
14:43:40  read r001n_00_cfl_c001p300_d OK
14:43:40  reading r001n_01_cfl_c001p300_d
14:44:43  read r001n_01_cfl_c001p300_d OK
14:44:43  reading r001n_02_cfl_c001p300_d
14:45:59  read r001n_02_cfl_c001p300_d OK
14:45:59  reading r001n_03_cfl_c001p300_d
14:46:48  read r001n_03_cfl_c001p300_d OK
14:46:48  reading r001n_04_cfl_c001p300_d
14:47:44  read r001n_04_cfl_c001p300_d OK
14:47:44  reading r001n_05_cfl_c000p080_d
14:48:35  read r001n_05_cfl_c000p080_d OK
14:48:35  reading r001n_07_cfl_c000p020_d
14:49:22  read r001n_07_cfl_c000p020_d OK
14:49:22  reading r001n_08_cfl_c000p010_d
14:50:07  read r001n_08_cfl_c000p010_d OK
14:50:07  reading loop done; entering Act 3
14:50:26  Collector: building the record
14:50:26  Collector done
