============================================================================================
ROUND 1   campaign=okuda_growth_driven
============================================================================================
objective: find a composition that produces a sustained tube as a GROWTH-DRIVEN quasi-static equilibrium -- surviving relaxation, sharing load between tube and body, requiring no explicit extrusion force -- or establish that no composition in the searched space can, and say which capability is missing

[propose] 6 candidates survive the critic (ill-typed / unmet precondition / duplicate are rejected free)
  r01_00_bd318e  +vesicle_growth:uniform_ramp       confirmatory  predict protr_peak >= 3.0
  r01_01_d1076f  xcell_react->divide_3d.axis        confirmatory  predict protr_peak >= 3.0
  r01_02_4af688  +shape_energy_3d:monolayer         confirmatory  predict protr_peak >= 3.0
  r01_03_f59cde  -reconnect_t1_3d                   adversarial   predict protr_peak < 3.0
  r01_04_8acc4a  =morphogen_growth_3d:hill_no_conserve confirmatory  predict protr_peak >= 3.0
  r01_05_f86e8d  =cell_rd_seed:spot                 confirmatory  predict protr_peak >= 3.0

[run] submitting 6 to the L4 partition
[cluster] fired 6 bsub(s) DETACHED on allierc@login1: pg_r01_00_bd318e, pg_r01_01_d1076f, pg_r01_02_4af688, pg_r01_03_f59cde, pg_r01_04_8acc4a, pg_r01_05_f86e8d
  the ssh returns BEFORE bsub lands -- the queue is the only ground truth.
  verify: python cluster.py --status   (remote submit log: /groups/saalfeld/home/allierc/Graph/Plexus/log/okuda/_cluster/_submit.log)
  [15:40] run/pend=6 done=0 exit=0 of 6
  [15:41] run/pend=6 done=0 exit=0 of 6
  [15:42] run/pend=6 done=0 exit=0 of 6
  [15:43] run/pend=6 done=0 exit=0 of 6
  [15:44] run/pend=4 done=2 exit=0 of 6
  [15:45] run/pend=3 done=3 exit=0 of 6
  [15:46] run/pend=3 done=3 exit=0 of 6
  [15:47] run/pend=3 done=3 exit=0 of 6
  [15:48] run/pend=3 done=3 exit=0 of 6
  [15:49] run/pend=3 done=3 exit=0 of 6
  [15:50] run/pend=3 done=3 exit=0 of 6
  [15:51] run/pend=3 done=3 exit=0 of 6
  [15:52] run/pend=3 done=3 exit=0 of 6
  [15:53] run/pend=2 done=4 exit=0 of 6
