\BOOKMARK [1][-]{section.1}{\376\377\000W\000h\000a\000t\000\040\000w\000e\000\040\000a\000r\000e\000\040\000d\000o\000i\000n\000g\000\040\040\024\000\040\000t\000h\000e\000\040\000s\000e\000c\000o\000n\000d\000\040\000w\000a\000y\000\040\000t\000o\000\040\000g\000r\000o\000w\000\040\000t\000h\000e\000\040\000l\000a\000n\000g\000u\000a\000g\000e}{}% 1
\BOOKMARK [1][-]{section.2}{\376\377\000W\000h\000a\000t\000\040\000a\000\040\000c\000o\000n\000t\000r\000a\000c\000t\000\040\000i\000s\000\040\040\024\000\040\000t\000h\000e\000\040\000u\000n\000i\000t\000\040\000e\000v\000e\000r\000y\000t\000h\000i\000n\000g\000\040\000e\000l\000s\000e\000\040\000i\000s\000\040\000c\000o\000u\000n\000t\000e\000d\000\040\000i\000n}{}% 2
\BOOKMARK [1][-]{section.3}{\376\377\000W\000h\000e\000r\000e\000\040\000w\000e\000\040\000a\000c\000t\000u\000a\000l\000l\000y\000\040\000a\000r\000e}{}% 3
\BOOKMARK [1][-]{section.4}{\376\377\000D\000i\000d\000\040\000w\000e\000\040\000r\000e\000p\000r\000o\000d\000u\000c\000e\000\040\000t\000h\000e\000\040\000p\000a\000p\000e\000r\000?\000\040\040\024\000\040\000t\000h\000e\000\040\000s\000h\000o\000r\000t\000\040\000a\000n\000s\000w\000e\000r}{}% 4
\BOOKMARK [1][-]{section.5}{\376\377\000W\000h\000y\000\040\000a\000\040\000t\000a\000r\000g\000e\000t\000\040\000w\000i\000t\000h\000\040\000c\000o\000d\000e\000\040\000c\000h\000a\000n\000g\000e\000s\000\040\000e\000v\000e\000r\000y\000t\000h\000i\000n\000g}{}% 5
\BOOKMARK [1][-]{section.6}{\376\377\000W\000h\000a\000t\000\040\000i\000s\000\040\000g\000e\000n\000u\000i\000n\000e\000l\000y\000\040\000w\000o\000r\000k\000i\000n\000g}{}% 6
\BOOKMARK [1][-]{section.7}{\376\377\000T\000h\000e\000\040\000t\000e\000a\000m\000\040\000o\000f\000\040\000a\000g\000e\000n\000t\000s\000\040\040\024\000\040\000w\000h\000a\000t\000\040\000i\000s\000\040\000s\000w\000i\000t\000c\000h\000e\000d\000\040\000o\000n}{}% 7
\BOOKMARK [2][-]{subsection.7.1}{\376\377\000T\000h\000e\000\040\000a\000g\000e\000n\000t\000s\000\040\000h\000a\000v\000e\000\040\000n\000o\000\040\000a\000u\000t\000h\000o\000r\000i\000t\000y\000\040\000o\000v\000e\000r\000\040\000t\000h\000e\000\040\000r\000e\000c\000o\000r\000d}{section.7}% 8
\BOOKMARK [2][-]{subsection.7.2}{\376\377\000T\000h\000e\000\040\000f\000o\000u\000r\000\040\000w\000a\000y\000s\000\040\000t\000h\000i\000s\000\040\000m\000e\000a\000s\000u\000r\000e\000m\000e\000n\000t\000\040\000c\000o\000u\000l\000d\000\040\000s\000t\000i\000l\000l\000\040\000l\000i\000e}{section.7}% 9
\BOOKMARK [1][-]{section.8}{\376\377\000T\000h\000e\000\040\000p\000h\000a\000s\000e\000s}{}% 10
\BOOKMARK [1][-]{section.9}{\376\377\000P\000h\000a\000s\000e\000\040\0000\000\040\000r\000e\000p\000o\000r\000t\000\040\040\024\000\040\0003\0001\000\040\000J\000u\000l\000y\000,\000\040\0001\0006\000:\0004\0005}{}% 11
\BOOKMARK [2][-]{subsection.9.1}{\376\377\000W\000h\000a\000t\000\040\000w\000a\000s\000\040\000b\000u\000i\000l\000t}{section.9}% 12
\BOOKMARK [2][-]{subsection.9.2}{\376\377\000W\000h\000a\000t\000\040\000t\000h\000e\000\040\000f\000i\000r\000s\000t\000\040\000r\000e\000a\000l\000\040\000a\000g\000e\000n\000t\000\040\000c\000a\000l\000l\000\040\000f\000o\000u\000n\000d}{section.9}% 13
\BOOKMARK [2][-]{subsection.9.3}{\376\377\000S\000t\000i\000l\000l\000\040\000n\000o\000t\000\040\000s\000t\000a\000r\000t\000e\000d\000\040\040\024\000\040\000t\000h\000e\000\040\000k\000n\000o\000w\000n\000\040\000g\000a\000p\000s}{section.9}% 14
\BOOKMARK [1][-]{section.10}{\376\377\000P\000h\000a\000s\000e\000s\000\040\0001\040\023\0003\000\040\000r\000e\000p\000o\000r\000t\000\040\040\024\000\040\0003\0001\000\040\000J\000u\000l\000y\000,\000\040\0002\0002\000:\0003\0000}{}% 15
\BOOKMARK [2][-]{subsection.10.1}{\376\377\000P\000h\000a\000s\000e\000\040\0001\000\040\040\024\000\040\000w\000h\000a\000t\000\040\0002\0004\000\040\000r\000e\000a\000d\000i\000n\000g\000s\000\040\000f\000o\000u\000n\000d}{section.10}% 16
\BOOKMARK [2][-]{subsection.10.2}{\376\377\000A\000l\000l\000\040\0002\0004\000,\000\040\000w\000i\000t\000h\000\040\000t\000h\000e\000\040\000e\000q\000u\000a\000t\000i\000o\000n\000\040\000e\000a\000c\000h\000\040\000o\000n\000e\000\040\000a\000c\000t\000u\000a\000l\000l\000y\000\040\000i\000m\000p\000l\000e\000m\000e\000n\000t\000s}{section.10}% 17
\BOOKMARK [2][-]{subsection.10.3}{\376\377\000P\000h\000a\000s\000e\000\040\0002\000\040\040\024\000\040\000t\000h\000e\000\040\000f\000i\000r\000s\000t\000\040\000l\000e\000d\000g\000e\000r\000,\000\040\000a\000n\000d\000\040\000a\000\040\000p\000r\000e\000d\000i\000c\000t\000i\000o\000n\000\040\000t\000h\000a\000t\000\040\000w\000a\000s\000\040\000h\000a\000l\000f\000\040\000w\000r\000o\000n\000g}{section.10}% 18
\BOOKMARK [2][-]{subsection.10.4}{\376\377\000P\000h\000a\000s\000e\000\040\0003\000\040\040\024\000\040\000a\000n\000d\000\040\000w\000h\000a\000t\000\040\000v\000e\000r\000i\000f\000i\000c\000a\000t\000i\000o\000n\000\040\000f\000o\000u\000n\000d\000\040\000a\000f\000t\000e\000r\000w\000a\000r\000d\000s}{section.10}% 19
\BOOKMARK [2][-]{subsection.10.5}{\376\377\000W\000h\000e\000r\000e\000\040\000t\000h\000e\000\040\000l\000o\000o\000p\000\040\000w\000a\000s\000\040\000w\000r\000o\000n\000g\000\040\000a\000b\000o\000u\000t\000\040\000i\000t\000s\000e\000l\000f}{section.10}% 20
\BOOKMARK [1][-]{section.11}{\376\377\000T\000h\000e\000\040\000f\000o\000r\000w\000a\000r\000d\000\040\000f\000i\000g\000u\000r\000e\000,\000\040\000a\000n\000d\000\040\000t\000h\000e\000\040\000n\000u\000m\000b\000e\000r\000\040\000t\000h\000a\000t\000\040\000d\000o\000e\000s\000\040\000n\000o\000t\000\040\000m\000a\000t\000c\000h}{}% 21
\BOOKMARK [1][-]{section.12}{\376\377\000P\000h\000a\000s\000e\000\040\0004\000\040\040\024\000\040\000w\000h\000a\000t\000\040\000t\000h\000e\000\040\000r\000e\000f\000e\000r\000e\000n\000c\000e\000\040\000s\000a\000y\000s\000\040\000a\000b\000o\000u\000t\000\040\000o\000u\000r\000\040\000o\000p\000e\000r\000a\000t\000o\000r\000s}{}% 22
\BOOKMARK [2][-]{subsection.12.1}{\376\377\000A\000n\000d\000\040\000i\000t\000\040\000e\000x\000p\000l\000a\000i\000n\000s\000\040\000t\000h\000e\000\040\000n\000u\000m\000b\000e\000r\000\040\000t\000h\000a\000t\000\040\000d\000i\000d\000\040\000n\000o\000t\000\040\000m\000a\000t\000c\000h}{section.12}% 23
\BOOKMARK [1][-]{section.13}{\376\377\000P\000h\000a\000s\000e\000\040\0006\000\040\000i\000s\000\040\000a\000l\000r\000e\000a\000d\000y\000\040\000p\000o\000s\000s\000i\000b\000l\000e\000\040\040\024\000\040\000t\000h\000e\000\040\000g\000r\000a\000d\000i\000e\000n\000t\000\040\000s\000u\000r\000v\000i\000v\000e\000s}{}% 24
\BOOKMARK [2][-]{subsection.13.1}{\376\377\000S\000i\000n\000c\000e\000\040\000t\000h\000e\000n\000:\000\040\000t\000h\000e\000\040\000e\000n\000g\000i\000n\000e\000\040\000i\000t\000s\000e\000l\000f\000\040\000i\000s\000\040\000d\000i\000f\000f\000e\000r\000e\000n\000t\000i\000a\000b\000l\000e}{section.13}% 25
\BOOKMARK [2][-]{subsection.13.2}{\376\377\000D\000o\000n\000e\000\040\040\024\000\040\000a\000n\000d\000\040\000t\000h\000e\000\040\000q\000u\000e\000s\000t\000i\000o\000n\000\040\000t\000h\000a\000t\000\040\000r\000e\000p\000l\000a\000c\000e\000s\000\040\000i\000t}{section.13}% 26
\BOOKMARK [2][-]{subsection.13.3}{\376\377\000T\000h\000e\000\040\000v\000a\000r\000i\000a\000n\000c\000e\000\040\000s\000w\000e\000e\000p\000,\000\040\000o\000n\000\040\000L\0004}{section.13}% 27
\BOOKMARK [2][-]{subsection.13.4}{\376\377\000A\000n\000d\000\040\000i\000t\000\040\000o\000p\000t\000i\000m\000i\000s\000e\000s}{section.13}% 28
\BOOKMARK [1][-]{section.14}{\376\377\000D\000e\000c\000i\000d\000e\000d\000,\000\040\000a\000n\000d\000\040\000w\000h\000a\000t\000\040\000i\000s\000\040\000s\000t\000i\000l\000l\000\040\000o\000p\000e\000n}{}% 29
