[coral_fixed_ball] comp=MINI_coral_fixed region='Turing chemistry alone on a rigid 2000-cell ball' frames=500 dt=1.0 device=cuda:1
[engine] 500 sim frames -> recording 501 set frames (stride 1), fields every 2 steps (<= 256)
[engine] === coral_fixed_ball ===  dim=3  world=[50, 50, 50]  boundary=free  dt=1  frames=500
[engine] sets:      vertex(30000)  cell(16000)
[engine] fields:    —
[engine] operators: growth: seed_mesh_3d, cell_rd_seed, topo_snapshot_3d   hierarchy: cell_geometry_3d   topology: cell_adjacency, reconnect_t1_3d   fields: cell_diffuse, cell_react   mechanics: shape_energy_3d
[coral_fixed_ball] mechanics: p_tube/p_body = 0.0 (~3 = forced protrusion, ~1 = growth-driven equilibrium)
[coral_fixed_ball] {"saturated": false, "inert_operators": [], "retention": 1.0, "valid_evidence": true, "protr_final": 1.006, "protr_peak": 1.006, "horizon_frame": 500, "horizon_why": "broken_n never sustained damage to the end (max 0)", "first_damage_frame": null, "valid_frac": 1.0, "protr_peak_untruncated": 1.006, "protr_final_untruncated": 1.006, "n_cells_final": 2000, "red_frac_final": 0.511, "act_max_final": 0.428, "frames": 501, "wall_s": 93.2, "ta_hollow_n_peak": 6, "ta_hollow_n_final": 6, "ta_area_cv_final": 0.303, "ta_vol_cv_final": 0.303, "ta_tube_diam_final": 0.0, "ta_n_tubes_final": 0, "ta_tube_len_final": 0.0, "ta_protr_final": 1.003, "ta_red_frac_final": 0.51, "ta_tip_act_final": 0.05, "mech_force_mean": 2.4378, "mech_p_body": 0.2059, "mech_p_tube": 0.0, "mech_p_ratio": 0.0, "mech_tension_mean": 3.7236, "mech_migration": 0.00984}
[coral_fixed_ball] D4 ok: all 9 scheduled operators acted ({'seed_mesh_3d': 1, 'cell_adjacency': 1, 'reconnect_t1_3d': 1} ...)
[coral_fixed_ball] camera: FIXED Lbox=5.585 for all 501 frames and both views (per-frame autofit would have run 5.582 -> 5.585, x1.00: that rescaling is what hid growth)
[coral_fixed_ball] no per-cell age recorded -- movie drawn WITHOUT the divided colour (older run, or topo_snapshot predates it)
[coral_fixed_ball] no per-cell age recorded -- movie drawn WITHOUT the divided colour (older run, or topo_snapshot predates it)
[coral_fixed_ball] no per-cell age recorded -- movie drawn WITHOUT the divided colour (older run, or topo_snapshot predates it)
[coral_fixed_ball] no per-cell age recorded -- movie drawn WITHOUT the divided colour (older run, or topo_snapshot predates it)
[coral_fixed_ball] no per-cell age recorded -- movie drawn WITHOUT the divided colour (older run, or topo_snapshot predates it)
[coral_fixed_ball] no per-cell age recorded -- movie drawn WITHOUT the divided colour (older run, or topo_snapshot predates it)
[coral_fixed_ball] no per-cell age recorded -- movie drawn WITHOUT the divided colour (older run, or topo_snapshot predates it)
[coral_fixed_ball] no per-cell age recorded -- movie drawn WITHOUT the divided colour (older run, or topo_snapshot predates it)
[coral_fixed_ball] no per-cell age recorded -- movie drawn WITHOUT the divided colour (older run, or topo_snapshot predates it)
[coral_fixed_ball] no per-cell age recorded -- movie drawn WITHOUT the divided colour (older run, or topo_snapshot predates it)
[coral_fixed_ball] no per-cell age recorded -- movie drawn WITHOUT the divided colour (older run, or topo_snapshot predates it)
[coral_fixed_ball] no per-cell age recorded -- movie drawn WITHOUT the divided colour (older run, or topo_snapshot predates it)
[coral_fixed_ball] no per-cell age recorded -- movie drawn WITHOUT the divided colour (older run, or topo_snapshot predates it)
[coral_fixed_ball] no per-cell age recorded -- movie drawn WITHOUT the divided colour (older run, or topo_snapshot predates it)
[coral_fixed_ball] no per-cell age recorded -- movie drawn WITHOUT the divided colour (older run, or topo_snapshot predates it)
[coral_fixed_ball] no per-cell age recorded -- movie drawn WITHOUT the divided colour (older run, or topo_snapshot predates it)
[coral_fixed_ball] no per-cell age recorded -- movie drawn WITHOUT the divided colour (older run, or topo_snapshot predates it)
[coral_fixed_ball] no per-cell age recorded -- movie drawn WITHOUT the divided colour (older run, or topo_snapshot predates it)
[coral_fixed_ball] no per-cell age recorded -- movie drawn WITHOUT the divided colour (older run, or topo_snapshot predates it)
[coral_fixed_ball] no per-cell age recorded -- movie drawn WITHOUT the divided colour (older run, or topo_snapshot predates it)
[coral_fixed_ball] no per-cell age recorded -- movie drawn WITHOUT the divided colour (older run, or topo_snapshot predates it)
[coral_fixed_ball] no per-cell age recorded -- movie drawn WITHOUT the divided colour (older run, or topo_snapshot predates it)
[coral_fixed_ball] no per-cell age recorded -- movie drawn WITHOUT the divided colour (older run, or topo_snapshot predates it)
[coral_fixed_ball] no per-cell age recorded -- movie drawn WITHOUT the divided colour (older run, or topo_snapshot predates it)
[coral_fixed_ball] no per-cell age recorded -- movie drawn WITHOUT the divided colour (older run, or topo_snapshot predates it)
[coral_fixed_ball] no per-cell age recorded -- movie drawn WITHOUT the divided colour (older run, or topo_snapshot predates it)
[coral_fixed_ball] no per-cell age recorded -- movie drawn WITHOUT the divided colour (older run, or topo_snapshot predates it)
[coral_fixed_ball] no per-cell age recorded -- movie drawn WITHOUT the divided colour (older run, or topo_snapshot predates it)
[coral_fixed_ball] no per-cell age recorded -- movie drawn WITHOUT the divided colour (older run, or topo_snapshot predates it)
[coral_fixed_ball] no per-cell age recorded -- movie drawn WITHOUT the divided colour (older run, or topo_snapshot predates it)
[coral_fixed_ball] no per-cell age recorded -- movie drawn WITHOUT the divided colour (older run, or topo_snapshot predates it)
[coral_fixed_ball] no per-cell age recorded -- movie drawn WITHOUT the divided colour (older run, or topo_snapshot predates it)
[coral_fixed_ball] no per-cell age recorded -- movie drawn WITHOUT the divided colour (older run, or topo_snapshot predates it)
[coral_fixed_ball] no per-cell age recorded -- movie drawn WITHOUT the divided colour (older run, or topo_snapshot predates it)
[coral_fixed_ball] no per-cell age recorded -- movie drawn WITHOUT the divided colour (older run, or topo_snapshot predates it)
[coral_fixed_ball] no per-cell age recorded -- movie drawn WITHOUT the divided colour (older run, or topo_snapshot predates it)
[coral_fixed_ball] no per-cell age recorded -- movie drawn WITHOUT the divided colour (older run, or topo_snapshot predates it)
[coral_fixed_ball] no per-cell age recorded -- movie drawn WITHOUT the divided colour (older run, or topo_snapshot predates it)
[coral_fixed_ball] no per-cell age recorded -- movie drawn WITHOUT the divided colour (older run, or topo_snapshot predates it)
[coral_fixed_ball] no per-cell age recorded -- movie drawn WITHOUT the divided colour (older run, or topo_snapshot predates it)
[coral_fixed_ball] no per-cell age recorded -- movie drawn WITHOUT the divided colour (older run, or topo_snapshot predates it)
[coral_fixed_ball] no per-cell age recorded -- movie drawn WITHOUT the divided colour (older run, or topo_snapshot predates it)
[coral_fixed_ball] no per-cell age recorded -- movie drawn WITHOUT the divided colour (older run, or topo_snapshot predates it)
[coral_fixed_ball] no per-cell age recorded -- movie drawn WITHOUT the divided colour (older run, or topo_snapshot predates it)
[coral_fixed_ball] no per-cell age recorded -- movie drawn WITHOUT the divided colour (older run, or topo_snapshot predates it)
[coral_fixed_ball] no per-cell age recorded -- movie drawn WITHOUT the divided colour (older run, or topo_snapshot predates it)
[coral_fixed_ball] no per-cell age recorded -- movie drawn WITHOUT the divided colour (older run, or topo_snapshot predates it)
[coral_fixed_ball] no per-cell age recorded -- movie drawn WITHOUT the divided colour (older run, or topo_snapshot predates it)
[coral_fixed_ball] no per-cell age recorded -- movie drawn WITHOUT the divided colour (older run, or topo_snapshot predates it)
[coral_fixed_ball] no per-cell age recorded -- movie drawn WITHOUT the divided colour (older run, or topo_snapshot predates it)
[coral_fixed_ball] no per-cell age recorded -- movie drawn WITHOUT the divided colour (older run, or topo_snapshot predates it)
[coral_fixed_ball] no per-cell age recorded -- movie drawn WITHOUT the divided colour (older run, or topo_snapshot predates it)
[coral_fixed_ball] no per-cell age recorded -- movie drawn WITHOUT the divided colour (older run, or topo_snapshot predates it)
[coral_fixed_ball] no per-cell age recorded -- movie drawn WITHOUT the divided colour (older run, or topo_snapshot predates it)
[coral_fixed_ball] no per-cell age recorded -- movie drawn WITHOUT the divided colour (older run, or topo_snapshot predates it)
[coral_fixed_ball] no per-cell age recorded -- movie drawn WITHOUT the divided colour (older run, or topo_snapshot predates it)
[coral_fixed_ball] no per-cell age recorded -- movie drawn WITHOUT the divided colour (older run, or topo_snapshot predates it)
[coral_fixed_ball] no per-cell age recorded -- movie drawn WITHOUT the divided colour (older run, or topo_snapshot predates it)
[coral_fixed_ball] no per-cell age recorded -- movie drawn WITHOUT the divided colour (older run, or topo_snapshot predates it)
[coral_fixed_ball] no per-cell age recorded -- movie drawn WITHOUT the divided colour (older run, or topo_snapshot predates it)
[coral_fixed_ball] no per-cell age recorded -- movie drawn WITHOUT the divided colour (older run, or topo_snapshot predates it)
[coral_fixed_ball] no per-cell age recorded -- movie drawn WITHOUT the divided colour (older run, or topo_snapshot predates it)
[coral_fixed_ball] no per-cell age recorded -- movie drawn WITHOUT the divided colour (older run, or topo_snapshot predates it)
[coral_fixed_ball] no per-cell age recorded -- movie drawn WITHOUT the divided colour (older run, or topo_snapshot predates it)
[coral_fixed_ball] no per-cell age recorded -- movie drawn WITHOUT the divided colour (older run, or topo_snapshot predates it)
[coral_fixed_ball] no per-cell age recorded -- movie drawn WITHOUT the divided colour (older run, or topo_snapshot predates it)
[coral_fixed_ball] no per-cell age recorded -- movie drawn WITHOUT the divided colour (older run, or topo_snapshot predates it)
[coral_fixed_ball] no per-cell age recorded -- movie drawn WITHOUT the divided colour (older run, or topo_snapshot predates it)
[coral_fixed_ball] artefacts -> log/okuda/coral_fixed_ball/{strip.png,movie.mp4}
