[p1_ph_coral_fixed_ball] comp=C08666c8bf72 region='mechanics-only (no growth)' frames=400 dt=0.02 device=cuda:0
[engine] 400 sim frames -> recording 401 set frames (stride 1), fields every 2 steps (<= 256)
[engine] === p1_ph_coral_fixed_ball ===  dim=3  world=[80, 80, 80]  boundary=free  dt=0.02  frames=400
[engine] sets:      vertex(30000)  cell(16000)
[engine] fields:    —
[engine] operators: growth: seed_mesh_3d, cell_rd_seed, topo_snapshot_3d   hierarchy: cell_geometry_3d   topology: cell_adjacency, reconnect_t1_3d   fields: cell_diffuse, cell_react   mechanics: shape_energy_3d
[p1_ph_coral_fixed_ball] mechanics: p_tube/p_body = 0.0 (~3 = forced protrusion, ~1 = growth-driven equilibrium)
[p1_ph_coral_fixed_ball] {"saturated": false, "inert_operators": [], "retention": 1.0, "valid_evidence": true, "protr_final": 1.076, "protr_peak": 1.076, "horizon_frame": 400, "horizon_why": "broken_n never sustained damage to the end (max 0)", "first_damage_frame": null, "valid_frac": 1.0, "protr_peak_untruncated": 1.076, "protr_final_untruncated": 1.076, "n_cells_final": 2000, "red_frac_final": 0.059, "act_max_final": 0.475, "frames": 401, "wall_s": 112.1, "ta_hollow_n_peak": 40, "ta_hollow_n_final": 40, "ta_area_cv_final": 0.411, "ta_vol_cv_final": 0.421, "ta_tube_diam_final": 0.0, "ta_n_tubes_final": 0, "ta_tube_len_final": 0.0, "ta_protr_final": 1.072, "ta_red_frac_final": 0.059, "ta_tip_act_final": -0.034, "mech_force_mean": 1.4024, "mech_p_body": 0.9406, "mech_p_tube": 0.0, "mech_p_ratio": 0.0, "mech_tension_mean": 0.1044, "mech_migration": 0.01719}
[p1_ph_coral_fixed_ball] D4 ok: all 9 scheduled operators acted ({'seed_mesh_3d': 1, 'cell_adjacency': 1, 'reconnect_t1_3d': 14} ...)
[p1_ph_coral_fixed_ball] camera: FIXED Lbox=6.104 for all 401 frames and both views (per-frame autofit would have run 5.602 -> 6.104, x1.09: that rescaling is what hid growth)
[p1_ph_coral_fixed_ball] no per-cell age recorded -- movie drawn WITHOUT the divided colour (older run, or topo_snapshot predates it)
[p1_ph_coral_fixed_ball] no per-cell age recorded -- movie drawn WITHOUT the divided colour (older run, or topo_snapshot predates it)
[p1_ph_coral_fixed_ball] no per-cell age recorded -- movie drawn WITHOUT the divided colour (older run, or topo_snapshot predates it)
[p1_ph_coral_fixed_ball] no per-cell age recorded -- movie drawn WITHOUT the divided colour (older run, or topo_snapshot predates it)
[p1_ph_coral_fixed_ball] no per-cell age recorded -- movie drawn WITHOUT the divided colour (older run, or topo_snapshot predates it)
[p1_ph_coral_fixed_ball] no per-cell age recorded -- movie drawn WITHOUT the divided colour (older run, or topo_snapshot predates it)
[p1_ph_coral_fixed_ball] no per-cell age recorded -- movie drawn WITHOUT the divided colour (older run, or topo_snapshot predates it)
[p1_ph_coral_fixed_ball] no per-cell age recorded -- movie drawn WITHOUT the divided colour (older run, or topo_snapshot predates it)
[p1_ph_coral_fixed_ball] no per-cell age recorded -- movie drawn WITHOUT the divided colour (older run, or topo_snapshot predates it)
[p1_ph_coral_fixed_ball] no per-cell age recorded -- movie drawn WITHOUT the divided colour (older run, or topo_snapshot predates it)
[p1_ph_coral_fixed_ball] no per-cell age recorded -- movie drawn WITHOUT the divided colour (older run, or topo_snapshot predates it)
[p1_ph_coral_fixed_ball] no per-cell age recorded -- movie drawn WITHOUT the divided colour (older run, or topo_snapshot predates it)
[p1_ph_coral_fixed_ball] no per-cell age recorded -- movie drawn WITHOUT the divided colour (older run, or topo_snapshot predates it)
[p1_ph_coral_fixed_ball] no per-cell age recorded -- movie drawn WITHOUT the divided colour (older run, or topo_snapshot predates it)
[p1_ph_coral_fixed_ball] no per-cell age recorded -- movie drawn WITHOUT the divided colour (older run, or topo_snapshot predates it)
[p1_ph_coral_fixed_ball] no per-cell age recorded -- movie drawn WITHOUT the divided colour (older run, or topo_snapshot predates it)
[p1_ph_coral_fixed_ball] no per-cell age recorded -- movie drawn WITHOUT the divided colour (older run, or topo_snapshot predates it)
[p1_ph_coral_fixed_ball] no per-cell age recorded -- movie drawn WITHOUT the divided colour (older run, or topo_snapshot predates it)
[p1_ph_coral_fixed_ball] no per-cell age recorded -- movie drawn WITHOUT the divided colour (older run, or topo_snapshot predates it)
[p1_ph_coral_fixed_ball] no per-cell age recorded -- movie drawn WITHOUT the divided colour (older run, or topo_snapshot predates it)
[p1_ph_coral_fixed_ball] no per-cell age recorded -- movie drawn WITHOUT the divided colour (older run, or topo_snapshot predates it)
[p1_ph_coral_fixed_ball] no per-cell age recorded -- movie drawn WITHOUT the divided colour (older run, or topo_snapshot predates it)
[p1_ph_coral_fixed_ball] no per-cell age recorded -- movie drawn WITHOUT the divided colour (older run, or topo_snapshot predates it)
[p1_ph_coral_fixed_ball] no per-cell age recorded -- movie drawn WITHOUT the divided colour (older run, or topo_snapshot predates it)
[p1_ph_coral_fixed_ball] no per-cell age recorded -- movie drawn WITHOUT the divided colour (older run, or topo_snapshot predates it)
[p1_ph_coral_fixed_ball] no per-cell age recorded -- movie drawn WITHOUT the divided colour (older run, or topo_snapshot predates it)
[p1_ph_coral_fixed_ball] no per-cell age recorded -- movie drawn WITHOUT the divided colour (older run, or topo_snapshot predates it)
[p1_ph_coral_fixed_ball] no per-cell age recorded -- movie drawn WITHOUT the divided colour (older run, or topo_snapshot predates it)
[p1_ph_coral_fixed_ball] no per-cell age recorded -- movie drawn WITHOUT the divided colour (older run, or topo_snapshot predates it)
[p1_ph_coral_fixed_ball] no per-cell age recorded -- movie drawn WITHOUT the divided colour (older run, or topo_snapshot predates it)
[p1_ph_coral_fixed_ball] no per-cell age recorded -- movie drawn WITHOUT the divided colour (older run, or topo_snapshot predates it)
[p1_ph_coral_fixed_ball] no per-cell age recorded -- movie drawn WITHOUT the divided colour (older run, or topo_snapshot predates it)
[p1_ph_coral_fixed_ball] no per-cell age recorded -- movie drawn WITHOUT the divided colour (older run, or topo_snapshot predates it)
[p1_ph_coral_fixed_ball] no per-cell age recorded -- movie drawn WITHOUT the divided colour (older run, or topo_snapshot predates it)
[p1_ph_coral_fixed_ball] no per-cell age recorded -- movie drawn WITHOUT the divided colour (older run, or topo_snapshot predates it)
[p1_ph_coral_fixed_ball] no per-cell age recorded -- movie drawn WITHOUT the divided colour (older run, or topo_snapshot predates it)
[p1_ph_coral_fixed_ball] no per-cell age recorded -- movie drawn WITHOUT the divided colour (older run, or topo_snapshot predates it)
[p1_ph_coral_fixed_ball] no per-cell age recorded -- movie drawn WITHOUT the divided colour (older run, or topo_snapshot predates it)
[p1_ph_coral_fixed_ball] no per-cell age recorded -- movie drawn WITHOUT the divided colour (older run, or topo_snapshot predates it)
[p1_ph_coral_fixed_ball] no per-cell age recorded -- movie drawn WITHOUT the divided colour (older run, or topo_snapshot predates it)
[p1_ph_coral_fixed_ball] no per-cell age recorded -- movie drawn WITHOUT the divided colour (older run, or topo_snapshot predates it)
[p1_ph_coral_fixed_ball] no per-cell age recorded -- movie drawn WITHOUT the divided colour (older run, or topo_snapshot predates it)
[p1_ph_coral_fixed_ball] no per-cell age recorded -- movie drawn WITHOUT the divided colour (older run, or topo_snapshot predates it)
[p1_ph_coral_fixed_ball] no per-cell age recorded -- movie drawn WITHOUT the divided colour (older run, or topo_snapshot predates it)
[p1_ph_coral_fixed_ball] no per-cell age recorded -- movie drawn WITHOUT the divided colour (older run, or topo_snapshot predates it)
[p1_ph_coral_fixed_ball] no per-cell age recorded -- movie drawn WITHOUT the divided colour (older run, or topo_snapshot predates it)
[p1_ph_coral_fixed_ball] no per-cell age recorded -- movie drawn WITHOUT the divided colour (older run, or topo_snapshot predates it)
[p1_ph_coral_fixed_ball] no per-cell age recorded -- movie drawn WITHOUT the divided colour (older run, or topo_snapshot predates it)
[p1_ph_coral_fixed_ball] no per-cell age recorded -- movie drawn WITHOUT the divided colour (older run, or topo_snapshot predates it)
[p1_ph_coral_fixed_ball] no per-cell age recorded -- movie drawn WITHOUT the divided colour (older run, or topo_snapshot predates it)
[p1_ph_coral_fixed_ball] no per-cell age recorded -- movie drawn WITHOUT the divided colour (older run, or topo_snapshot predates it)
[p1_ph_coral_fixed_ball] no per-cell age recorded -- movie drawn WITHOUT the divided colour (older run, or topo_snapshot predates it)
[p1_ph_coral_fixed_ball] no per-cell age recorded -- movie drawn WITHOUT the divided colour (older run, or topo_snapshot predates it)
[p1_ph_coral_fixed_ball] no per-cell age recorded -- movie drawn WITHOUT the divided colour (older run, or topo_snapshot predates it)
[p1_ph_coral_fixed_ball] no per-cell age recorded -- movie drawn WITHOUT the divided colour (older run, or topo_snapshot predates it)
[p1_ph_coral_fixed_ball] no per-cell age recorded -- movie drawn WITHOUT the divided colour (older run, or topo_snapshot predates it)
[p1_ph_coral_fixed_ball] no per-cell age recorded -- movie drawn WITHOUT the divided colour (older run, or topo_snapshot predates it)
[p1_ph_coral_fixed_ball] no per-cell age recorded -- movie drawn WITHOUT the divided colour (older run, or topo_snapshot predates it)
[p1_ph_coral_fixed_ball] no per-cell age recorded -- movie drawn WITHOUT the divided colour (older run, or topo_snapshot predates it)
[p1_ph_coral_fixed_ball] no per-cell age recorded -- movie drawn WITHOUT the divided colour (older run, or topo_snapshot predates it)
[p1_ph_coral_fixed_ball] no per-cell age recorded -- movie drawn WITHOUT the divided colour (older run, or topo_snapshot predates it)
[p1_ph_coral_fixed_ball] no per-cell age recorded -- movie drawn WITHOUT the divided colour (older run, or topo_snapshot predates it)
[p1_ph_coral_fixed_ball] no per-cell age recorded -- movie drawn WITHOUT the divided colour (older run, or topo_snapshot predates it)
[p1_ph_coral_fixed_ball] no per-cell age recorded -- movie drawn WITHOUT the divided colour (older run, or topo_snapshot predates it)
[p1_ph_coral_fixed_ball] no per-cell age recorded -- movie drawn WITHOUT the divided colour (older run, or topo_snapshot predates it)
[p1_ph_coral_fixed_ball] no per-cell age recorded -- movie drawn WITHOUT the divided colour (older run, or topo_snapshot predates it)
[p1_ph_coral_fixed_ball] no per-cell age recorded -- movie drawn WITHOUT the divided colour (older run, or topo_snapshot predates it)
[p1_ph_coral_fixed_ball] no per-cell age recorded -- movie drawn WITHOUT the divided colour (older run, or topo_snapshot predates it)
[p1_ph_coral_fixed_ball] artefacts -> log/okuda/p1_ph_coral_fixed_ball/{strip.png,movie.mp4}
