[mini_coral] comp=MINI_mini_coral region='minisite tyssue_vh_K4_cv15_d4_rd_coral verbatim [reference buffers 3552/1800]' frames=500 dt=1.0 device=cuda:1

premise check -- mini_coral (static, pre-run)
  [ABL ] P3   a cell divides because it got big
            DECLARED ABLATION -- REFERENCE REPRODUCTION. vth_frac 1.4 < factor 2.0 is a property OF the
            minisite config we are reproducing, not our choice. It means every division there comes from
            the max_cycle timer rather than from a cell reaching size, so cell number doubles while mean
            cell volume halves and the ball never grows -- which is exactly the behaviour Cedric
            observed in the reference movie. Reproducing it faithfully requires reproducing this.
            mini_grow_divide_bigger is the same config with the ceiling raised, and is the controlled
            comparison. [violates: growth ceiling vth_frac=1.4 sits BELOW the division trigger
            factor=2.0. Volume-triggered division is arithmetically impossible: a cell's target is
            capped at 1.4x before it can reach the 2.0x that makes it divide, so every division comes
            from the max_cycle timer and mean cell volume falls for the whole run.]
  [ok  ] P5   mechanics is fast, biology is slow
            the reaction advances 1 time units per frame
  [--  ] P2   morphogen sets where/how fast, not whether
  ALL PREMISES HOLD   (1 pass, 1 declared ablation, 1 n/a)
[engine] 500 sim frames -> recording 501 set frames (stride 1), fields every 2 steps (<= 256)
[engine] === mini_coral ===  dim=3  world=[50, 50, 50]  boundary=free  dt=1  frames=500
[engine] sets:      vertex(3552)  cell(1800)
[engine] fields:    —
[engine] operators: growth: seed_mesh_3d, cell_rd_seed, morphogen_growth_3d, divide_3d, topo_snapshot_3d   hierarchy: cell_geometry_3d   topology: cell_adjacency, reconnect_t1_3d   fields: cell_diffuse, cell_react   mechanics: shape_energy_3d
[mini_coral] 🔴 SATURATED: 1778 cells vs buffer 1800. This run is NOT evidence -- raise the buffer or bound proliferation.
[mini_coral] mechanics: p_tube/p_body = 0.0 (~3 = forced protrusion, ~1 = growth-driven equilibrium)
[mini_coral] {"saturated": true, "inert_operators": [], "retention": 0.973, "valid_evidence": false, "protr_final": 1.028, "protr_peak": 1.057, "horizon_frame": 500, "horizon_why": "broken_n never sustained damage to the end (max 0)", "first_damage_frame": null, "valid_frac": 1.0, "protr_peak_untruncated": 1.057, "protr_final_untruncated": 1.028, "n_cells_final": 1778, "red_frac_final": 0.23, "act_max_final": 0.0, "frames": 501, "wall_s": 88.1, "ta_hollow_n_peak": 1, "ta_hollow_n_final": 0, "ta_area_cv_final": 0.135, "ta_vol_cv_final": 0.126, "ta_tube_diam_final": 0.0, "ta_n_tubes_final": 0, "ta_tube_len_final": 0.0, "ta_protr_final": 1.028, "ta_red_frac_final": 0.0, "ta_tip_act_final": 0.0, "mech_force_mean": 9.9195, "mech_p_body": 2.1451, "mech_p_tube": 0.0, "mech_p_ratio": 0.0, "mech_tension_mean": 5.4327, "mech_migration": 0.37151}
[mini_coral] D4 ok: all 11 scheduled operators acted ({'seed_mesh_3d': 1, 'cell_rd_seed': 3, 'cell_adjacency': 76} ...)
[mini_coral] camera: FIXED Lbox=14.120 for all 501 frames and both views (per-frame autofit would have run 5.507 -> 14.119, x2.56: that rescaling is what hid growth)
[mini_coral] artefacts -> log/okuda/mini_coral/{strip.png,movie.mp4}

premise check -- mini_coral (post-run)
  [FAIL] P4   the chemistry must not be silently extinguished
            the activator decayed to 0.000 of its peak (0.733 -> 0.000). The pattern is extinct, so
            every downstream reading is about a dead field. The usual cause is growth dilution:
            morphogen_growth_3d.conserve_amount divides chem by (s/s_prev)^3 every frame a cell grows,
            and autocatalysis is quadratic, so it loses.
  [ABL ] P3   a cell divides because it got big
            DECLARED ABLATION -- REFERENCE REPRODUCTION. vth_frac 1.4 < factor 2.0 is a property OF the
            minisite config we are reproducing, not our choice. It means every division there comes from
            the max_cycle timer rather than from a cell reaching size, so cell number doubles while mean
            cell volume halves and the ball never grows -- which is exactly the behaviour Cedric
            observed in the reference movie. Reproducing it faithfully requires reproducing this.
            mini_grow_divide_bigger is the same config with the ceiling raised, and is the controlled
            comparison. [violates: growth ceiling vth_frac=1.4 sits BELOW the division trigger
            factor=2.0. Volume-triggered division is arithmetically impossible: a cell's target is
            capped at 1.4x before it can reach the 2.0x that makes it divide, so every division comes
            from the max_cycle timer and mean cell volume falls for the whole run.]
  [ok  ] P1   cells grow by taking material in
            tissue volume 456.1 -> 7764.5 (x17.02)
  [ok  ] P11  tissue cannot pass through itself
            at every frame at least 100.0% of rays cross the surface exactly once
  [ok  ] P3b  mean cell volume holds under proliferation
            mean cell volume ends at 1.00 of its peak (4.37 -> 4.37)
  [ok  ] P5   mechanics is fast, biology is slow
            the reaction advances 1 time units per frame
  [ok  ] P5b  the mechanical relaxation keeps up with the tissue
            residual force after relaxation 6.97 -> 9.92 (x1.42) while the tissue grew from 150 to 1778 cells
  [ok  ] P7   a sheet does not absorb added area by stretching
            the stretched tail stays at shape index 3.95 over the final fifth; reduced volume 0.994
  [ok  ] P8   the shape index has a hard geometric floor
            minimum shape index 3.6520 respects the floor 3.5449
  [ok  ] P9   a closed epithelium is a sphere with no holes
            genus 0 at all 40 recorded frames
  [--  ] P2   morphogen sets where/how fast, not whether
  1 PREMISE(S) BROKEN   (8 pass, 1 declared ablation, 1 n/a)
