[p1_verify] comp=Ca3c659380f8 region='growth-driven monolayer (Okuda route)' frames=500 dt=0.02 device=cuda:0
[engine] 500 sim frames -> recording 501 set frames (stride 1), fields every 2 steps (<= 256)
[engine] === p1_verify ===  dim=3  world=[80, 80, 80]  boundary=free  dt=0.02  frames=500
[engine] sets:      vertex(30000)  cell(16000)
[engine] fields:    —
[engine] operators: growth: seed_mesh_3d, cell_rd_seed, morphogen_growth_3d, divide_3d, topo_snapshot_3d   hierarchy: cell_geometry_3d   topology: cell_adjacency, reconnect_t1_3d   fields: cell_diffuse, cell_react   mechanics: shape_energy_3d
[p1_verify] tube_analysis unavailable: FileNotFoundError: [Errno 2] No such file or directory: '/workspace/Plexus/log/okuda/p1_verify/metr
[p1_verify] ⚠ no evidence horizon (no metrics.npz (tube_analysis did not run)) -- peak/final are taken over ALL 501 frames, which is the un-truncated behaviour
[p1_verify] mechanics FAILED: FileNotFoundError: [Errno 2] No such file or directory: '/workspace/Plexus/log/okuda/p1_verify/mechanics.npz'
[p1_verify] {"saturated": false, "inert_operators": [], "retention": 1.0, "valid_evidence": true, "protr_final": 1.272, "protr_peak": 1.272, "horizon_frame": null, "horizon_why": "no metrics.npz (tube_analysis did not run)", "first_damage_frame": null, "valid_frac": 1.0, "protr_peak_untruncated": 1.272, "protr_final_untruncated": 1.272, "n_cells_final": 12036, "red_frac_final": 0.057, "act_max_final": 0.483, "frames": 501, "wall_s": 516.7}
[p1_verify] D4 ok: all 11 scheduled operators acted ({'seed_mesh_3d': 1, 'cell_adjacency': 391, 'morphogen_growth_3d': 401} ...)
[p1_verify] camera: FIXED Lbox=10.795 for all 501 frames and both views (per-frame autofit would have run 5.605 -> 10.626, x1.90: that rescaling is what hid growth)
[p1_verify] no per-cell age recorded -- movie drawn WITHOUT the divided colour (older run, or topo_snapshot predates it)
[p1_verify] no per-cell age recorded -- movie drawn WITHOUT the divided colour (older run, or topo_snapshot predates it)
[p1_verify] render failed: FileNotFoundError: [Errno 2] No such file or directory: '/workspace/Plexus/log/okuda/p1_verify/strip.png'
Traceback (most recent call last):
  File "/workspace/Plexus/discovery/run_one.py", line 319, in run_config
    render(name, fr, out_dir)
  File "/workspace/Plexus/discovery/run_one.py", line 539, in render
    fig.savefig(os.path.join(out_dir, "strip.png"), dpi=100, facecolor="black")
  File "/workspace/.conda_envs/neural-graph-linux/lib/python3.12/site-packages/matplotlib/figure.py", line 3490, in savefig
    self.canvas.print_figure(fname, **kwargs)
  File "/workspace/.conda_envs/neural-graph-linux/lib/python3.12/site-packages/matplotlib/backend_bases.py", line 2186, in print_figure
    result = print_method(
             ^^^^^^^^^^^^^
  File "/workspace/.conda_envs/neural-graph-linux/lib/python3.12/site-packages/matplotlib/backend_bases.py", line 2042, in <lambda>
    print_method = functools.wraps(meth)(lambda *args, **kwargs: meth(
                                                                 ^^^^^
  File "/workspace/.conda_envs/neural-graph-linux/lib/python3.12/site-packages/matplotlib/backends/backend_agg.py", line 481, in print_png
    self._print_pil(filename_or_obj, "png", pil_kwargs, metadata)
  File "/workspace/.conda_envs/neural-graph-linux/lib/python3.12/site-packages/matplotlib/backends/backend_agg.py", line 430, in _print_pil
    mpl.image.imsave(
  File "/workspace/.conda_envs/neural-graph-linux/lib/python3.12/site-packages/matplotlib/image.py", line 1657, in imsave
    image.save(fname, **pil_kwargs)
  File "/workspace/.conda_envs/neural-graph-linux/lib/python3.12/site-packages/PIL/Image.py", line 2708, in save
    fp = builtins.open(filename, "w+b")
         ^^^^^^^^^^^^^^^^^^^^^^^^^^^^^^
FileNotFoundError: [Errno 2] No such file or directory: '/workspace/Plexus/log/okuda/p1_verify/strip.png'
Traceback (most recent call last):
  File "/workspace/Plexus/discovery/run_one.py", line 718, in <module>
    run_config(a.name, frames=a.frames, device=a.device, movie=not a.no_movie,
  File "/workspace/Plexus/discovery/run_one.py", line 331, in run_config
    open(os.path.join(out_dir, "diag.json"), "w"), indent=1)
    ^^^^^^^^^^^^^^^^^^^^^^^^^^^^^^^^^^^^^^^^^^^^^
FileNotFoundError: [Errno 2] No such file or directory: '/workspace/Plexus/log/okuda/p1_verify/diag.json'
