/workspace/Plexus/src/plexus/operators/segmentation_seed.py:161: UserWarning: _bincount_cuda does not have a deterministic implementation, but you set 'torch.use_deterministic_algorithms(True, warn_only=True)'. You can file an issue at https://github.com/pytorch/pytorch/issues to help us prioritize adding deterministic support for this operation. (Triggered internally at /pytorch/aten/src/ATen/Context.cpp:157.)
  cx = torch.bincount(lab_in, weights=wx_in, minlength=n_cells + 1) / cnt
/workspace/Plexus/src/plexus/operators/segmentation_seed.py:162: UserWarning: _bincount_cuda does not have a deterministic implementation, but you set 'torch.use_deterministic_algorithms(True, warn_only=True)'. You can file an issue at https://github.com/pytorch/pytorch/issues to help us prioritize adding deterministic support for this operation. (Triggered internally at /pytorch/aten/src/ATen/Context.cpp:157.)
  cy = torch.bincount(lab_in, weights=wy_in, minlength=n_cells + 1) / cnt
  [seed_from_segmentation] 100 cells from 'cells'; 10000 particles (100 per cell); youngs 45-220 from deterministic spread (no props file); cell centres seeded: 100
[planted] C=100 Np=10000 grid 128^2 dtype=torch.float64 dx=0.0078125
          E in [40.0,216.3]  gain in [0.503,1.499]  dt=0.002 dt_sub=0.0002 (10 substeps/frame)
          warm-up 180 frames; window A = ticks 31..180 recorded

  sweeping 7 uniform moduli over [20, 800] -- observed amplitude 0.00957049
    E =    20.00   peak_excursion = 0.00892962
    E =    36.99   peak_excursion = 0.0091642
    E =    68.40   peak_excursion = 0.00947792
    E =   126.49   peak_excursion = 0.010055
    E =   233.92   peak_excursion = 0.0106873
    E =   432.59   peak_excursion = 0.00985874
    E =   800.00   peak_excursion = 0.0101212

====================================================================================================
  THE ANCHOR
====================================================================================================
    amplitude ~ E^0.037   (log-log max residual 0.0699, monotone: False)
    anchor E0            78.97      true median 128.5      ratio 0.615
    box  [15.79, 394.86]  (x5 either way, declared)
    planted E in [40.0, 216.3]
    planted moduli excluded: 0/100   -- the truth is inside

  -> /workspace/Plexus/prototype/cardio_cells/crash/boxprior_p0.json
