/workspace/Plexus/src/plexus/operators/segmentation_seed.py:161: UserWarning: _bincount_cuda does not have a deterministic implementation, but you set 'torch.use_deterministic_algorithms(True, warn_only=True)'. You can file an issue at https://github.com/pytorch/pytorch/issues to help us prioritize adding deterministic support for this operation. (Triggered internally at /pytorch/aten/src/ATen/Context.cpp:157.)
  cx = torch.bincount(lab_in, weights=wx_in, minlength=n_cells + 1) / cnt
/workspace/Plexus/src/plexus/operators/segmentation_seed.py:162: UserWarning: _bincount_cuda does not have a deterministic implementation, but you set 'torch.use_deterministic_algorithms(True, warn_only=True)'. You can file an issue at https://github.com/pytorch/pytorch/issues to help us prioritize adding deterministic support for this operation. (Triggered internally at /pytorch/aten/src/ATen/Context.cpp:157.)
  cy = torch.bincount(lab_in, weights=wy_in, minlength=n_cells + 1) / cnt
  [seed_from_segmentation] 100 cells from 'cells'; 10000 particles (100 per cell); youngs 45-220 from deterministic spread (no props file); cell centres seeded: 100
[planted] C=100 Np=10000 grid 128^2 dtype=torch.float64 dx=0.0078125  warm-up 165 frames
          reference config at tick 0: |F(0) - I| max 0.00e+00  (must be 0 for X to be the configuration p.F is measured against)
[collect] boundaries 165..180 (16); reference configs at ticks [0, 125, 155, 163] [20s]
[geometry] sheet 0.9961x0.9961, particle spacing 0.00996 (20.4 px), cell side 0.0996 (204.1 px), dx 0.00781
           h = 15 px = 0.00732 world -> 13.6 control points per cell HERE, and it is FINER than the particle spacing, so it resolves nothing the sheet contains.  The recording gets 6 points per cell; the matching spacing here is h = 34 px.
           interior (outside the 0.0857 wall band) 7877/10000

[d] THE DERIVATION ALONE, tick 165, zero noise, INTERIOR particles.  Reference = the simulator's own p.F.
    m = how many frames back the displacement's reference configuration sits.  m = 165 is tick 0 = the MPM reference, F_ref = I, FULLY REALIZABLE; smaller m composes with the oracle F at the reference tick and so isolates the grid.

    [d1] kinematic floor: grad_X x by weighted least squares, no control grid
        m   radius  nbrs  med|dis|  /|F-I|  relFro                     scale(4ch)                      corr(4ch)
        2      2.5    27  1.91e-03   0.124  0.0139   [1.018, 0.974, 0.971, 1.004]   [0.975, 0.997, 0.997, 0.979]
       10      2.5    27  5.58e-03   0.361  0.0374   [1.029, 0.923, 0.911, 0.972]   [0.846, 0.978, 0.979, 0.866]
       40      2.5    27  5.77e-03   0.374  0.0384      [1.004, 0.916, 0.9, 0.95]    [0.84, 0.976, 0.978, 0.857]
      165      2.5    27  2.43e-02   1.572  0.1468   [0.823, 0.343, 0.298, 0.815]    [0.331, 0.557, 0.49, 0.327]

    [d2] the full measurement: bin at h, central difference, bilinear back
        m   h_px  h/psp pts/cell pts/node  cd_ok%  med|dis|  /|F-I|  relFro                     scale(4ch)                      corr(4ch)   matched     box2h  nearest
        2   15.0   0.73     13.6     1.43    2.5%  1.53e-03   0.099  0.0124   [1.017, 0.979, 0.976, 1.003]   [0.979, 0.998, 0.998, 0.982]  1.09e-03  1.24e-03 1.52e-03
        2   22.5   1.10      9.1     1.95   16.8%  2.06e-03   0.133  0.0147     [1.02, 0.975, 0.97, 1.002]    [0.97, 0.997, 0.997, 0.974]  1.42e-03  1.62e-03 2.02e-03
        2   34.0   1.67      6.0     3.34   41.6%  2.54e-03   0.165  0.0159   [1.009, 0.969, 0.964, 0.996]    [0.966, 0.996, 0.996, 0.97]  1.83e-03  2.00e-03 2.49e-03
        2   45.0   2.20      4.5     5.21   55.5%  2.97e-03   0.193  0.0164   [1.003, 0.965, 0.961, 0.993]    [0.965, 0.996, 0.996, 0.97]  2.11e-03  2.28e-03 2.85e-03
        2   68.0   3.33      3.0    11.17   56.0%  3.39e-03   0.220  0.0167   [0.991, 0.961, 0.955, 0.989]   [0.966, 0.996, 0.996, 0.971]  2.50e-03  2.64e-03 3.35e-03
        2  102.0   5.00      2.0    25.00   44.4%  3.70e-03   0.240  0.0166   [0.978, 0.958, 0.952, 0.979]   [0.968, 0.996, 0.996, 0.973]  2.91e-03  2.97e-03 3.68e-03
       10   15.0   0.73     13.6     1.42    2.5%  4.36e-03   0.282  0.0325    [1.019, 0.944, 0.93, 0.965]   [0.874, 0.984, 0.985, 0.887]  3.24e-03  3.61e-03 4.23e-03
       10   22.5   1.10      9.1     1.95   16.5%  5.94e-03   0.385  0.0405   [1.023, 0.927, 0.908, 0.965]   [0.818, 0.975, 0.977, 0.837]  4.16e-03  4.86e-03 5.84e-03
       10   34.0   1.67      6.0     3.32   43.1%  7.46e-03   0.483  0.0443   [0.993, 0.908, 0.889, 0.958]    [0.793, 0.97, 0.972, 0.818]  5.60e-03  6.13e-03 7.29e-03
       10   45.0   2.20      4.5     5.20   55.8%  8.53e-03   0.553  0.0451   [0.987, 0.897, 0.878, 0.971]    [0.795, 0.968, 0.97, 0.822]  6.63e-03  7.01e-03 8.21e-03
       10   68.0   3.33      3.0    11.17   56.0%  9.83e-03   0.637  0.0456   [0.954, 0.884, 0.862, 0.956]   [0.794, 0.966, 0.969, 0.827]  7.73e-03  8.21e-03 9.59e-03
       10  102.0   5.00      2.0    25.00   44.4%  1.07e-02   0.691  0.0451    [0.926, 0.874, 0.852, 0.94]   [0.803, 0.965, 0.967, 0.841]  8.99e-03  9.20e-03 1.06e-02
       40   15.0   0.73     13.6     1.42    2.4%  4.45e-03   0.288  0.0334   [0.997, 0.938, 0.919, 0.948]   [0.868, 0.983, 0.983, 0.882]  3.30e-03  3.72e-03 4.31e-03
       40   22.5   1.10      9.1     1.95   16.4%  6.03e-03   0.391  0.0415     [0.997, 0.918, 0.9, 0.941]   [0.812, 0.973, 0.975, 0.829]  4.19e-03  4.97e-03 5.92e-03
       40   34.0   1.67      6.0     3.32   43.2%  7.60e-03   0.492  0.0452     [0.954, 0.9, 0.879, 0.927]    [0.786, 0.968, 0.971, 0.81]  5.58e-03  6.03e-03 7.40e-03
       40   45.0   2.20      4.5     5.20   55.6%  8.55e-03   0.554  0.0460    [0.957, 0.889, 0.868, 0.94]   [0.787, 0.966, 0.969, 0.813]  6.56e-03  6.98e-03 8.13e-03
       40   68.0   3.33      3.0    11.17   56.0%  9.86e-03   0.639  0.0465   [0.933, 0.875, 0.852, 0.929]   [0.786, 0.964, 0.968, 0.819]  7.56e-03  8.09e-03 9.53e-03
       40  102.0   5.00      2.0    25.00   44.4%  1.07e-02   0.693  0.0460   [0.896, 0.866, 0.841, 0.916]   [0.796, 0.964, 0.966, 0.834]  8.91e-03  9.00e-03 1.06e-02
      165   15.0   0.73     13.6     1.40    2.3%  1.94e-02   1.255  0.1350   [0.713, 0.421, 0.385, 0.677]     [0.346, 0.653, 0.601, 0.3]  1.54e-02  1.63e-02 1.83e-02
      165   22.5   1.10      9.1     1.90   15.0%  2.59e-02   1.677  0.1572      [0.884, 0.36, 0.3, 0.839]   [0.321, 0.537, 0.458, 0.326]  2.03e-02  2.18e-02 2.52e-02
      165   34.0   1.67      6.0     3.13   44.5%  3.27e-02   2.119  0.1666    [0.896, 0.265, 0.202, 0.85]    [0.31, 0.441, 0.344, 0.339]  2.52e-02  2.75e-02 3.07e-02
      165   45.0   2.20      4.5     5.00   57.0%  3.79e-02   2.453  0.1690    [0.921, 0.199, 0.15, 0.878]   [0.345, 0.345, 0.279, 0.368]  2.90e-02  3.11e-02 3.60e-02
      165   68.0   3.33      3.0    10.49   57.1%  4.29e-02   2.777  0.1685   [0.868, 0.136, 0.082, 0.862]     [0.36, 0.286, 0.182, 0.41]  3.25e-02  3.32e-02 4.29e-02
      165  102.0   5.00      2.0    22.68   46.0%  4.65e-02   3.012  0.1667   [0.753, 0.084, 0.048, 0.845]   [0.377, 0.212, 0.116, 0.438]  3.58e-02  3.71e-02 4.67e-02

    [d3] static-bias fraction over 8 frames (the recording: 79.7%)
        m   h_px  static%  fluct_lag1  med|dis| med|static|
        2   15.0    81.0%       0.709  3.97e-03    4.40e-03
        2   22.5    81.5%       0.711  5.29e-03    5.95e-03
        2   34.0    81.7%       0.711  6.69e-03    7.53e-03
        2   45.0    81.9%       0.710  7.80e-03    8.85e-03
        2   68.0    81.9%       0.710  9.01e-03    1.04e-02
        2  102.0    81.9%       0.710  9.84e-03    1.13e-02
       10   15.0    91.1%       0.711  6.80e-03    6.97e-03
       10   22.5    91.9%       0.712  9.33e-03    9.67e-03
       10   34.0    92.2%       0.711  1.19e-02    1.23e-02
       10   45.0    92.2%       0.711  1.37e-02    1.43e-02
       10   68.0    92.2%       0.710  1.60e-02    1.67e-02
       10  102.0    92.2%       0.710  1.75e-02    1.82e-02
       40   15.0    91.3%       0.710  6.85e-03    7.01e-03
       40   22.5    92.1%       0.712  9.41e-03    9.70e-03
       40   34.0    92.3%       0.711  1.19e-02    1.22e-02
       40   45.0    92.3%       0.711  1.36e-02    1.41e-02
       40   68.0    92.3%       0.710  1.59e-02    1.65e-02
       40  102.0    92.3%       0.710  1.73e-02    1.79e-02
      165   15.0    98.5%       0.711  2.15e-02    2.15e-02
      165   22.5    98.6%       0.713  2.95e-02    2.95e-02
      165   34.0    98.7%       0.712  3.72e-02    3.73e-02
      165   45.0    98.7%       0.712  4.34e-02    4.37e-02
      165   68.0    98.7%       0.711  4.92e-02    4.93e-02
      165  102.0    98.7%       0.711  5.34e-02    5.38e-02

    [d4] error vs distance to the nearest particle of another cell (median 0.0175 world = 1.75 particle spacings)
        m   h_px  deep(>2h)    nd  near(<=h)    nn  ratio
        2   15.0   1.67e-03  4388   1.29e-03   746   0.77
        2   22.5   2.40e-03  2486   1.76e-03  1836   0.73
        2   34.0   3.32e-03   730   2.33e-03  4227   0.70
        2   45.0   1.20e-03   142   2.87e-03  5391   2.39
        2   68.0   1.38e-04    13   3.35e-03  7147  24.20
        2  102.0        nan     0   3.73e-03  7811    nan
       10   15.0   4.75e-03  4388   3.85e-03   746   0.81
       10   22.5   6.72e-03  2486   5.13e-03  1836   0.76
       10   34.0   9.19e-03   730   6.99e-03  4227   0.76
       10   45.0   3.24e-03   142   8.20e-03  5391   2.53
       10   68.0   3.77e-04    13   9.70e-03  7147  25.72
       10  102.0        nan     0   1.08e-02  7811    nan
       40   15.0   4.80e-03  4388   3.83e-03   746   0.80
       40   22.5   6.72e-03  2486   5.23e-03  1836   0.78
       40   34.0   9.34e-03   730   7.12e-03  4227   0.76
       40   45.0   3.40e-03   142   8.33e-03  5391   2.45
       40   68.0   3.56e-04    13   9.74e-03  7147  27.37
       40  102.0        nan     0   1.08e-02  7811    nan
      165   15.0   2.29e-02  4388   1.30e-02   746   0.57
      165   22.5   3.29e-02  2486   2.02e-02  1836   0.61
      165   34.0   4.93e-02   730   2.88e-02  4227   0.58
      165   45.0   3.34e-02   142   3.48e-02  5391   1.04
      165   68.0   8.60e-03    13   4.17e-02  7147   4.85
      165  102.0        nan     0   4.68e-02  7811    nan

[f] FIT, single frame at tick 165, ridge0, displacement read-out; held-out one-frame residual at tick 180 with the SAME measurement there.
    variant                   errF_med  errF_rms     medE     p90E    relL2  negE   corrE  meanrat   fit_res  hold_ownF  hold_simF     ctrl
    none                           nan       nan   0.2572   0.4129   0.2900     0  0.9173   0.7429 3.925e-01    0.07795    0.07795  -0.0000
    F_hold_simF               4.92e-04  3.88e-03   0.1401   0.1966   0.1513     0  0.9914   0.8564 2.168e-01    0.03654    0.03487  -0.0000
    F_lerp_simF               0.00e+00  0.00e+00   0.0078   0.0330   0.0231     0  0.9988   1.0122 1.061e-01    0.00674    0.00674  -0.0000
    F_der_m165_15px           1.97e-02  9.67e-02   0.9986   1.0000   0.9972    15  0.0339   0.0033 5.826e-01    0.16970    0.16820         
    F_der_m165_34px           3.33e-02  1.19e-01   0.9977   0.9998   0.9969     4 -0.0446   0.0038 5.674e-01    0.16912    0.16743         
    F_der_m165_68px           4.38e-02  1.21e-01   0.9966   0.9995   0.9959     2 -0.0551   0.0050 5.537e-01    0.16851    0.16692         
    F_der_m2_15px             1.97e-03  1.10e-02   0.9313   0.9861   0.9442     5  0.2004   0.0628 5.496e-01    0.20439    0.15605         
    F_der_m2_34px             3.30e-03  1.43e-02   0.9475   0.9900   0.9586     1  0.2109   0.0463 5.378e-01    0.21776    0.15775         
    F_der_m2_68px             4.39e-03  1.50e-02   0.9472   0.9857   0.9570     0  0.1737   0.0489 5.294e-01    0.21817    0.15665         
