/workspace/Plexus/src/plexus/operators/segmentation_seed.py:161: UserWarning: _bincount_cuda does not have a deterministic implementation, but you set 'torch.use_deterministic_algorithms(True, warn_only=True)'. You can file an issue at https://github.com/pytorch/pytorch/issues to help us prioritize adding deterministic support for this operation. (Triggered internally at /pytorch/aten/src/ATen/Context.cpp:157.)
  cx = torch.bincount(lab_in, weights=wx_in, minlength=n_cells + 1) / cnt
/workspace/Plexus/src/plexus/operators/segmentation_seed.py:162: UserWarning: _bincount_cuda does not have a deterministic implementation, but you set 'torch.use_deterministic_algorithms(True, warn_only=True)'. You can file an issue at https://github.com/pytorch/pytorch/issues to help us prioritize adding deterministic support for this operation. (Triggered internally at /pytorch/aten/src/ATen/Context.cpp:157.)
  cy = torch.bincount(lab_in, weights=wy_in, minlength=n_cells + 1) / cnt
  [seed_from_segmentation] 100 cells from 'cells'; 10000 particles (100 per cell); youngs 45-220 from deterministic spread (no props file); cell centres seeded: 100
[planted] C=100 Np=10000 grid 128^2 dtype=torch.float64 dx=0.0078125  warm-up 165 frames
          reference config at tick 0: |F(0) - I| max 0.00e+00  (must be 0 for X to be the configuration p.F is measured against)

[nsub=1] EXACT EQUALITY of the base-0 assembly across F variants (||y0|| = 0.00818546, ||A_gain|| = 0.000157645)
    true           max|dy0| 0.000e+00   max|dA_gain| 0.000e+00   max|dA_E| 0.000e+00  (rel 0.000e+00)
    sF_indep       max|dy0| 0.000e+00   max|dA_gain| 0.000e+00   max|dA_E| 5.426e-08  (rel 3.215e-01)
    derived_15px   max|dy0| 0.000e+00   max|dA_gain| 0.000e+00   max|dA_E| 8.216e-06  (rel 1.018e+01)

    [block ridge, nsub=1, F = true]  penalty on the E block only
      lambda_E |   E slope   E corr  E medErr |   g slope   g corr  g medErr g meanrat |   fit res
           0.0 |    0.9999   1.0000    0.0000 |    1.0042   0.9995    0.0000    1.0008 |    0.0003
         1e-08 |    1.0007   0.9981    0.0000 |    1.0038   0.9994    0.0000    1.0004 |    0.0003
         1e-06 |    1.0096   0.9739    0.0001 |    0.9868   0.9967    0.0000    0.9990 |    0.0003
        0.0001 |    0.9794   0.9159    0.0075 |    0.7513   0.4279    0.0023    0.9786 |    0.0043
          0.01 |    0.4879   0.4652    0.2628 |    1.5279   0.3007    0.0797    1.4366 |    0.0887
           1.0 |    0.0237   0.0778    0.9829 |    1.3246   0.2104    0.3877    1.7686 |    0.5666
         100.0 |   -0.0001  -0.0227    0.9999 |    1.2559   0.1967    0.5057    1.7514 |    0.7982
       10000.0 |   -0.0000  -0.0235    1.0000 |    1.2543   0.1964    0.5083    1.7508 |    0.8038
     1000000.0 |   -0.0000  -0.0235    1.0000 |    1.2543   0.1964    0.5083    1.7508 |    0.8038
        drop_E |    0.0000   0.0000    1.0000 |    1.2543   0.1964    0.5083    1.7508 |    0.8038

    [block ridge, nsub=1, F = sF_indep]  penalty on the E block only
      lambda_E |   E slope   E corr  E medErr |   g slope   g corr  g medErr g meanrat |   fit res
           0.0 |    0.1010   0.1661    0.8957 |    1.3992   0.2250    0.2517    1.7565 |    0.4991
         1e-08 |    0.1010   0.1661    0.8957 |    1.3992   0.2250    0.2517    1.7565 |    0.4991
         1e-06 |    0.1010   0.1661    0.8957 |    1.3992   0.2250    0.2517    1.7565 |    0.4991
        0.0001 |    0.1009   0.1661    0.8957 |    1.3992   0.2250    0.2516    1.7565 |    0.4991
          0.01 |    0.0972   0.1625    0.9027 |    1.3973   0.2246    0.2546    1.7570 |    0.4993
           1.0 |    0.0165   0.0640    0.9844 |    1.3138   0.2082    0.4161    1.7668 |    0.6163
         100.0 |   -0.0001  -0.0255    0.9998 |    1.2558   0.1967    0.5061    1.7514 |    0.7988
       10000.0 |   -0.0000  -0.0266    1.0000 |    1.2543   0.1964    0.5083    1.7508 |    0.8038
     1000000.0 |   -0.0000  -0.0266    1.0000 |    1.2543   0.1964    0.5083    1.7508 |    0.8038
        drop_E |    0.0000   0.0000    1.0000 |    1.2543   0.1964    0.5083    1.7508 |    0.8038

    [block ridge, nsub=1, F = derived_15px]  penalty on the E block only
      lambda_E |   E slope   E corr  E medErr |   g slope   g corr  g medErr g meanrat |   fit res
           0.0 |    0.0014   0.0660    0.9964 |    1.1601   0.1828    0.4923    1.6805 |    0.7726
         1e-08 |    0.0014   0.0660    0.9964 |    1.1601   0.1828    0.4923    1.6805 |    0.7726
         1e-06 |    0.0014   0.0660    0.9964 |    1.1601   0.1828    0.4923    1.6805 |    0.7726
        0.0001 |    0.0014   0.0656    0.9964 |    1.1604   0.1828    0.4923    1.6807 |    0.7726
          0.01 |    0.0008   0.0430    0.9974 |    1.1825   0.1848    0.4925    1.6914 |    0.7726
           1.0 |   -0.0003  -0.0290    0.9993 |    1.2612   0.1942    0.4848    1.7386 |    0.7803
         100.0 |   -0.0000  -0.0731    1.0000 |    1.2553   0.1965    0.5077    1.7504 |    0.8030
       10000.0 |   -0.0000  -0.0742    1.0000 |    1.2543   0.1964    0.5083    1.7508 |    0.8038
     1000000.0 |   -0.0000  -0.0742    1.0000 |    1.2543   0.1964    0.5083    1.7508 |    0.8038
        drop_E |    0.0000   0.0000    1.0000 |    1.2543   0.1964    0.5083    1.7508 |    0.8038

[nsub=10] EXACT EQUALITY of the base-0 assembly across F variants (||y0|| = 0.0795421, ||A_gain|| = 0.00856004)
    true           max|dy0| 0.000e+00   max|dA_gain| 0.000e+00   max|dA_E| 0.000e+00  (rel 0.000e+00)
    sF_indep       max|dy0| 0.000e+00   max|dA_gain| 0.000e+00   max|dA_E| 2.772e-06  (rel 2.787e-01)
    derived_15px   max|dy0| 0.000e+00   max|dA_gain| 0.000e+00   max|dA_E| 1.155e-04  (rel 7.391e+00)

    [block ridge, nsub=10, F = true]  penalty on the E block only
      lambda_E |   E slope   E corr  E medErr |   g slope   g corr  g medErr g meanrat |   fit res
           0.0 |    0.9926   0.9997    0.0090 |    0.9908   0.9970    0.0061    0.9996 |    0.0778
         1e-08 |    0.9935   0.9977    0.0092 |    0.9896   0.9967    0.0061    0.9988 |    0.0778
         1e-06 |    1.0039   0.9735    0.0097 |    0.9089   0.8601    0.0062    0.9825 |    0.0778
        0.0001 |    0.9649   0.9137    0.0238 |    0.3058   0.0699    0.0147    0.8562 |    0.0781
          0.01 |    0.4141   0.4354    0.3781 |    1.2307   0.2466    0.1224    1.4102 |    0.1434
           1.0 |    0.0083   0.0667    0.9925 |    0.9742   0.1633    0.5026    1.6824 |    0.5212
         100.0 |    0.0000   0.0209    1.0000 |    0.9429   0.1570    0.5438    1.6768 |    0.5905
       10000.0 |    0.0000   0.0332    1.0000 |    0.9420   0.1568    0.5442    1.6767 |    0.5919
     1000000.0 |    0.0000   0.0333    1.0000 |    0.9420   0.1568    0.5442    1.6767 |    0.5919
        drop_E |    0.0000   0.0000    1.0000 |    0.9420   0.1568    0.5442    1.6767 |    0.5919

    [block ridge, nsub=10, F = sF_indep]  penalty on the E block only
      lambda_E |   E slope   E corr  E medErr |   g slope   g corr  g medErr g meanrat |   fit res
           0.0 |    0.0725   0.1724    0.9357 |    1.0771   0.1791    0.3613    1.6852 |    0.4564
         1e-08 |    0.0725   0.1724    0.9357 |    1.0771   0.1791    0.3613    1.6852 |    0.4564
         1e-06 |    0.0725   0.1724    0.9357 |    1.0771   0.1791    0.3613    1.6852 |    0.4564
        0.0001 |    0.0724   0.1724    0.9358 |    1.0770   0.1791    0.3613    1.6852 |    0.4564
          0.01 |    0.0680   0.1671    0.9397 |    1.0685   0.1792    0.3664    1.6823 |    0.4566
           1.0 |    0.0060   0.0562    0.9932 |    0.9724   0.1626    0.5067    1.6809 |    0.5357
         100.0 |    0.0000   0.0171    1.0000 |    0.9429   0.1570    0.5439    1.6767 |    0.5907
       10000.0 |    0.0000   0.0287    1.0000 |    0.9420   0.1568    0.5442    1.6767 |    0.5919
     1000000.0 |    0.0000   0.0289    1.0000 |    0.9420   0.1568    0.5442    1.6767 |    0.5919
        drop_E |    0.0000   0.0000    1.0000 |    0.9420   0.1568    0.5442    1.6767 |    0.5919

    [block ridge, nsub=10, F = derived_15px]  penalty on the E block only
      lambda_E |   E slope   E corr  E medErr |   g slope   g corr  g medErr g meanrat |   fit res
           0.0 |    0.0004   0.0339    0.9985 |    1.3030   0.1993    0.5312    1.7116 |    0.5826
         1e-08 |    0.0004   0.0339    0.9985 |    1.3030   0.1993    0.5312    1.7116 |    0.5826
         1e-06 |    0.0004   0.0339    0.9985 |    1.3030   0.1993    0.5312    1.7116 |    0.5826
        0.0001 |    0.0004   0.0338    0.9985 |    1.3024   0.1992    0.5312    1.7115 |    0.5826
          0.01 |    0.0002   0.0213    0.9986 |    1.2531   0.1948    0.5313    1.7054 |    0.5826
           1.0 |   -0.0002  -0.0590    0.9995 |    0.9833   0.1631    0.5370    1.6686 |    0.5844
         100.0 |   -0.0000  -0.0772    1.0000 |    0.9437   0.1571    0.5443    1.6764 |    0.5914
       10000.0 |   -0.0000  -0.0750    1.0000 |    0.9420   0.1568    0.5442    1.6767 |    0.5919
     1000000.0 |   -0.0000  -0.0749    1.0000 |    0.9420   0.1568    0.5442    1.6767 |    0.5919
        drop_E |    0.0000   0.0000    1.0000 |    0.9420   0.1568    0.5442    1.6767 |    0.5919

wrote p1b_leak.json  [75 s]
