/workspace/Plexus/src/plexus/operators/segmentation_seed.py:161: UserWarning: _bincount_cuda does not have a deterministic implementation, but you set 'torch.use_deterministic_algorithms(True, warn_only=True)'. You can file an issue at https://github.com/pytorch/pytorch/issues to help us prioritize adding deterministic support for this operation. (Triggered internally at /pytorch/aten/src/ATen/Context.cpp:157.)
  cx = torch.bincount(lab_in, weights=wx_in, minlength=n_cells + 1) / cnt
/workspace/Plexus/src/plexus/operators/segmentation_seed.py:162: UserWarning: _bincount_cuda does not have a deterministic implementation, but you set 'torch.use_deterministic_algorithms(True, warn_only=True)'. You can file an issue at https://github.com/pytorch/pytorch/issues to help us prioritize adding deterministic support for this operation. (Triggered internally at /pytorch/aten/src/ATen/Context.cpp:157.)
  cy = torch.bincount(lab_in, weights=wy_in, minlength=n_cells + 1) / cnt
  [seed_from_segmentation] 100 cells from 'cells'; 10000 particles (100 per cell); youngs 45-220 from deterministic spread (no props file); cell centres seeded: 100
[planted] C=100 Np=10000 grid 128^2 dtype=torch.float64 dx=0.0078125  warm-up 165 frames
          reference config at tick 0: |F(0) - I| max 0.00e+00  (must be 0 for X to be the configuration p.F is measured against)
[state] tick 165: |F0 - I| med 9.2182e-03, |dF|/|F| over the frame 7.872e-03; interior 7877/10000; ||act0|| 4213, ||pass0|| 1236
[analytic] scaling p.F by 2.5x changes the active-force delta by 0.000e+00 (||act0|| = 4213) and the drag delta by 0.000e+00

[F error] how far each injected F is from the true per-substep F (sigma_F = 0.0039; median |F_true - I| = 9.4831e-03)
    variant            med|dF|    rms|dF|    relFro               ls_scale(4ch) on F-I
    true             0.000e+00  0.000e+00 0.000e+00               [1.0, 1.0, 1.0, 1.0]
    lerp_true        7.072e-06  3.232e-04 4.584e-04      [0.9999, 1.0, 1.0001, 0.9998]
    sF_indep         2.616e-03  3.892e-03 5.520e-03   [0.9976, 1.0001, 0.9999, 1.0014]
    sF_grid48        2.671e-03  3.971e-03 5.632e-03   [0.9941, 1.0002, 1.0004, 1.0029]
    lerp_sF_indep    1.080e-03  1.623e-03 2.302e-03      [0.9991, 1.0, 1.0002, 0.9997]
    derived_15px     1.464e-02  1.008e-01 1.429e-01    [0.7162, 0.4214, 0.386, 0.6792]
    derived_34px     2.477e-02  1.123e-01 1.593e-01   [0.8991, 0.2653, 0.2023, 0.8525]
    shatter_I        9.483e-03  9.294e-02 1.318e-01               [0.0, 0.0, 0.0, 0.0]
    shatter_1.5x     3.436e-01  3.525e-01 5.000e-01        [-3.111, 1.5, 1.5, -2.8749]

[nsub=1, base=base0] assembling 9 variants (step_E=100, step_gain=1)
    variant         |   E: dA/A  dcol med  |col| ch |   g: dA/A  dcol med  |col| ch | wall frac(g) |      E/g ratio
    true            |  0.00e+00  0.00e+00  0.00e+00 |  0.00e+00  0.00e+00  0.00e+00 |          nan | E/g        inf
    lerp_true       |  1.25e-02  4.17e-03  7.41e-04 |  0.00e+00  0.00e+00  0.00e+00 |          nan | E/g        inf
    sF_indep        |  3.22e-01  1.65e+00  9.02e-01 |  0.00e+00  0.00e+00  0.00e+00 |          nan | E/g        inf
    sF_grid48       |  4.70e-01  2.29e+00  1.57e+00 |  0.00e+00  0.00e+00  0.00e+00 |          nan | E/g        inf
    lerp_sF_indep   |  1.45e-01  7.20e-01  2.44e-01 |  0.00e+00  0.00e+00  0.00e+00 |          nan | E/g        inf
    derived_15px    |  1.02e+01  3.58e+01  3.49e+01 |  0.00e+00  0.00e+00  0.00e+00 |          nan | E/g        inf
    derived_34px    |  1.26e+01  4.71e+01  4.64e+01 |  0.00e+00  0.00e+00  0.00e+00 |          nan | E/g        inf
    shatter_I       |  1.00e+00  1.00e+00  1.00e+00 |  0.00e+00  0.00e+00  0.00e+00 |          nan | E/g        inf
    shatter_1.5x    |  1.18e+02  6.83e+02  6.82e+02 |  0.00e+00  0.00e+00  0.00e+00 |          nan | E/g        inf

    [attenuation, nsub=1] slope of theta_hat on theta_true (1.000 = perfect; joint solve, ridge0)
    variant         |   E slope  E mean_r   E corr  E medErr |   g slope  g mean_r   g corr  g medErr | g-only(E*) g-only(130)
    true            |    0.9999    1.0000   1.0000    0.0000 |    1.0042    1.0008   0.9995    0.0000 |     1.0021      1.6972 | pivot g slope   1.3530 corr  0.2500 medErr  0.3973
    lerp_true       |    1.0059    1.0044   0.9999    0.0039 |    1.0018    0.9981   0.9991    0.0020 |     1.0015      1.6967 | pivot g slope   1.3526 corr  0.2498 medErr  0.3985
    sF_indep        |    0.1010    0.1925   0.1661    0.8957 |    1.3992    1.7565   0.2250    0.2517 |   -10.1996    -16.2942 | pivot g slope  -1.6120 corr -0.0634 medErr  0.4613
    sF_grid48       |    0.0538    0.1334   0.1151    0.9563 |    1.3235    1.7687   0.2087    0.2980 |    10.5401     21.0428 | pivot g slope   3.8437 corr  0.1481 medErr  0.4512
    lerp_sF_indep   |    0.2961    0.3765   0.3224    0.6039 |    1.4613    1.5964   0.2534    0.1232 |    -1.7639     -2.3535 | pivot g slope   0.5071 corr  0.0542 medErr  0.4165
    derived_15px    |    0.0014    0.0068   0.0660    0.9964 |    1.1601    1.6805   0.1828    0.4923 |  -928.5517  -1402.9256 | pivot g slope  -3.3613 corr -0.1001 medErr  0.4825
    derived_34px    |   -0.0002    0.0069  -0.0100    0.9974 |    1.0814    1.6260   0.1746    0.4715 |  -722.5267  -1110.3065 | pivot g slope  -3.1527 corr -0.0923 medErr  0.5086
    shatter_I       | -201437.0288 -996305.0339  -0.0220 477170.3095 |    1.0619    1.5795   0.1952    0.4810 |     1.2543      1.2543 | pivot g slope   0.2023 corr  0.0233 medErr  0.5262
    shatter_1.5x    |   -0.0000   -0.0003  -0.0144    0.9999 |    1.0719    1.5766   0.1968    0.4830 |  2707.7666   9322.9394 | pivot g slope   0.3278 corr  0.0409 medErr  0.5274

[nsub=1, base=baseTrue] assembling 9 variants (step_E=1, step_gain=0.01)
    variant         |   E: dA/A  dcol med  |col| ch |   g: dA/A  dcol med  |col| ch | wall frac(g) |      E/g ratio
    true            |  0.00e+00  0.00e+00  0.00e+00 |  0.00e+00  0.00e+00  0.00e+00 |          nan | E/g        inf
    lerp_true       |  1.25e-02  4.17e-03  7.41e-04 |  6.15e-09  2.32e-08  6.91e-10 |       0.1607 | E/g  2.038e+06
    sF_indep        |  3.21e-01  1.65e+00  9.02e-01 |  1.67e-04  2.14e-08  5.82e-10 |       1.0000 | E/g  1.927e+03
    sF_grid48       |  4.70e-01  2.29e+00  1.57e+00 |  1.55e-04  2.26e-08  8.13e-10 |       1.0000 | E/g  3.028e+03
    lerp_sF_indep   |  1.45e-01  7.20e-01  2.44e-01 |  1.62e-04  2.19e-08  6.59e-10 |       1.0000 | E/g  8.955e+02
    derived_15px    |  1.02e+01  3.58e+01  3.49e+01 |  2.80e-04  2.21e-08  7.66e-10 |       1.0000 | E/g  3.635e+04
    derived_34px    |  1.26e+01  4.71e+01  4.64e+01 |  2.84e-04  2.22e-08  6.76e-10 |       1.0000 | E/g  4.437e+04
    shatter_I       |  1.00e+00  1.00e+00  1.00e+00 |  2.77e-05  2.17e-08  8.76e-10 |       1.0000 | E/g  3.612e+04
    shatter_1.5x    |  1.18e+02  6.83e+02  6.82e+02 |  3.07e-05  2.34e-08  7.26e-10 |       1.0000 | E/g  3.836e+06

[nsub=10, base=base0] assembling 9 variants (step_E=100, step_gain=1)
    variant         |   E: dA/A  dcol med  |col| ch |   g: dA/A  dcol med  |col| ch | wall frac(g) |      E/g ratio
    true            |  0.00e+00  0.00e+00  0.00e+00 |  0.00e+00  0.00e+00  0.00e+00 |          nan | E/g        inf
    lerp_true       |  2.10e-02  7.84e-03  1.37e-03 |  0.00e+00  0.00e+00  0.00e+00 |          nan | E/g        inf
    sF_indep        |  2.79e-01  1.48e+00  7.57e-01 |  0.00e+00  0.00e+00  0.00e+00 |          nan | E/g        inf
    sF_grid48       |  4.55e-01  2.52e+00  1.74e+00 |  0.00e+00  0.00e+00  0.00e+00 |          nan | E/g        inf
    lerp_sF_indep   |  1.02e-01  5.57e-01  1.31e-01 |  0.00e+00  0.00e+00  0.00e+00 |          nan | E/g        inf
    derived_15px    |  7.39e+00  2.89e+01  2.81e+01 |  0.00e+00  0.00e+00  0.00e+00 |          nan | E/g        inf
    derived_34px    |  1.01e+01  4.02e+01  3.94e+01 |  0.00e+00  0.00e+00  0.00e+00 |          nan | E/g        inf
    shatter_I       |  1.00e+00  1.00e+00  1.00e+00 |  0.00e+00  0.00e+00  0.00e+00 |          nan | E/g        inf
    shatter_1.5x    |  6.83e+01  3.94e+02  3.94e+02 |  0.00e+00  0.00e+00  0.00e+00 |          nan | E/g        inf

    [attenuation, nsub=10] slope of theta_hat on theta_true (1.000 = perfect; joint solve, ridge0)
    variant         |   E slope  E mean_r   E corr  E medErr |   g slope  g mean_r   g corr  g medErr | g-only(E*) g-only(130)
    true            |    0.9926    0.9915   0.9997    0.0090 |    0.9908    0.9996   0.9970    0.0061 |     0.9967      2.3523 | pivot g slope   1.0637 corr  0.1857 medErr  0.4857
    lerp_true       |    1.0179    1.0122   0.9988    0.0078 |    0.9899    0.9875   0.9814    0.0043 |     0.9956      2.3517 | pivot g slope   1.0591 corr  0.1847 medErr  0.4879
    sF_indep        |    0.0725    0.1355   0.1724    0.9357 |    1.0771    1.6852   0.1791    0.3613 |   -26.6017    -39.5045 | pivot g slope  -1.6469 corr -0.0842 medErr  0.5015
    sF_grid48       |    0.0283    0.0714   0.1109    0.9690 |    1.0436    1.6924   0.1758    0.4661 |    28.2391     76.6547 | pivot g slope   4.5026 corr  0.2048 medErr  0.5074
    lerp_sF_indep   |    0.3310    0.3894   0.3765    0.5188 |    1.0725    1.4433   0.2260    0.1334 |    -1.9488     -3.2934 | pivot g slope   0.6030 corr  0.0993 medErr  0.5047
    derived_15px    |    0.0004    0.0033   0.0339    0.9985 |    1.3030    1.7116   0.1993    0.5312 |  -853.1673   -943.2862 | pivot g slope  -1.1963 corr -0.0758 medErr  0.5378
    derived_34px    |   -0.0005    0.0038  -0.0446    0.9977 |    0.9781    1.6070   0.1706    0.5261 |  -339.1503   -302.0120 | pivot g slope   0.1626 corr  0.0199 medErr  0.5401
    shatter_I       | -203490.8066 -366599.6964  -0.0451 382277.7858 |    0.7588    1.5240   0.1348    0.4907 |     0.9420      0.9420 | pivot g slope   1.1476 corr  0.1852 medErr  0.5322
    shatter_1.5x    |   -0.0001   -0.0000  -0.0686    0.9999 |    0.7928    1.5118   0.1469    0.5339 |  -302.1038   9961.0138 | pivot g slope   1.2481 corr  0.1975 medErr  0.5444

[nsub=10, base=baseTrue] assembling 9 variants (step_E=1, step_gain=0.01)
    variant         |   E: dA/A  dcol med  |col| ch |   g: dA/A  dcol med  |col| ch | wall frac(g) |      E/g ratio
    true            |  0.00e+00  0.00e+00  0.00e+00 |  0.00e+00  0.00e+00  0.00e+00 |          nan | E/g        inf
    lerp_true       |  2.09e-02  7.85e-03  1.37e-03 |  5.06e-04  2.50e-05  1.48e-06 |       0.0000 | E/g  4.132e+01
    sF_indep        |  2.79e-01  1.48e+00  7.57e-01 |  3.67e-03  3.90e-03  1.02e-04 |       0.0002 | E/g  7.613e+01
    sF_grid48       |  4.56e-01  2.47e+00  1.74e+00 |  4.23e-03  4.49e-03  1.39e-04 |       0.0002 | E/g  1.079e+02
    lerp_sF_indep   |  1.02e-01  5.57e-01  1.31e-01 |  1.43e-03  1.52e-03  3.44e-05 |       0.0012 | E/g  7.123e+01
    derived_15px    |  6.24e+00  2.76e+01  2.68e+01 |  9.28e-02  6.83e-02  2.86e-03 |       0.0000 | E/g  6.728e+01
    derived_34px    |  8.21e+00  3.66e+01  3.58e+01 |  1.12e-01  8.27e-02  2.94e-03 |       0.0000 | E/g  7.348e+01
    shatter_I       |  1.00e+00  1.00e+00  1.00e+00 |  1.06e-02  3.10e-03  2.27e-04 |       0.0000 | E/g  9.456e+01
    shatter_1.5x    |  7.96e+01  3.91e+02  3.90e+02 |  7.47e-01  7.16e-01  1.43e-01 |       0.0000 | E/g  1.066e+02

====================================================================================================
HEADLINE -- attenuation of the GAIN half next to the E half, under REALIZABLE F error
====================================================================================================
  nsub1_base0          true            E slope    0.9999   GAIN slope   1.0042  (gain corr 0.9995, pivot gain slope 1.3530)
  nsub1_base0          lerp_true       E slope    1.0059   GAIN slope   1.0018  (gain corr 0.9991, pivot gain slope 1.3526)
  nsub1_base0          sF_indep        E slope    0.1010   GAIN slope   1.3992  (gain corr 0.2250, pivot gain slope -1.6120)
  nsub1_base0          sF_grid48       E slope    0.0538   GAIN slope   1.3235  (gain corr 0.2087, pivot gain slope 3.8437)
  nsub1_base0          derived_15px    E slope    0.0014   GAIN slope   1.1601  (gain corr 0.1828, pivot gain slope -3.3613)
  nsub1_base0          derived_34px    E slope   -0.0002   GAIN slope   1.0814  (gain corr 0.1746, pivot gain slope -3.1527)
  nsub10_base0         true            E slope    0.9926   GAIN slope   0.9908  (gain corr 0.9970, pivot gain slope 1.0637)
  nsub10_base0         lerp_true       E slope    1.0179   GAIN slope   0.9899  (gain corr 0.9814, pivot gain slope 1.0591)
  nsub10_base0         sF_indep        E slope    0.0725   GAIN slope   1.0771  (gain corr 0.1791, pivot gain slope -1.6469)
  nsub10_base0         sF_grid48       E slope    0.0283   GAIN slope   1.0436  (gain corr 0.1758, pivot gain slope 4.5026)
  nsub10_base0         derived_15px    E slope    0.0004   GAIN slope   1.3030  (gain corr 0.1993, pivot gain slope -1.1963)
  nsub10_base0         derived_34px    E slope   -0.0005   GAIN slope   0.9781  (gain corr 0.1706, pivot gain slope 0.1626)

wrote p1b_gaincol.json  [249 s]
