[    0.0s] 
################################################################################################################
#  DETERMINISM
################################################################################################################
/workspace/Plexus/src/plexus/operators/segmentation_seed.py:161: UserWarning: _bincount_cuda does not have a deterministic implementation, but you set 'torch.use_deterministic_algorithms(True, warn_only=True)'. You can file an issue at https://github.com/pytorch/pytorch/issues to help us prioritize adding deterministic support for this operation. (Triggered internally at /pytorch/aten/src/ATen/Context.cpp:157.)
  cx = torch.bincount(lab_in, weights=wx_in, minlength=n_cells + 1) / cnt
/workspace/Plexus/src/plexus/operators/segmentation_seed.py:162: UserWarning: _bincount_cuda does not have a deterministic implementation, but you set 'torch.use_deterministic_algorithms(True, warn_only=True)'. You can file an issue at https://github.com/pytorch/pytorch/issues to help us prioritize adding deterministic support for this operation. (Triggered internally at /pytorch/aten/src/ATen/Context.cpp:157.)
  cy = torch.bincount(lab_in, weights=wy_in, minlength=n_cells + 1) / cnt
  [seed_from_segmentation] 100 cells from 'cells'; 10000 particles (100 per cell); youngs 45-220 from deterministic spread (no props file); cell centres seeded: 100
[   29.0s]   two rollouts of theta_true differ by 0 (bitwise identical: True)
[   40.9s]   E x1.001 : STAT    0.028 steps
[   52.8s]   gain x1.001: STAT    0.093 steps
[   60.7s]   E x1.01  : STAT    0.293 steps
[   68.3s]   gain x1.01: STAT    0.934 steps
[   75.9s]   E x1.1   : STAT    0.502 steps
[   83.5s]   gain x1.1: STAT    8.228 steps
[   83.5s]   -> /workspace/Plexus/prototype/cardio_cells/crash/p1c_determinism.json
[   83.5s] 
################################################################################################################
#  INSTRUMENTS
################################################################################################################
/workspace/Plexus/src/plexus/operators/segmentation_seed.py:161: UserWarning: _bincount_cuda does not have a deterministic implementation, but you set 'torch.use_deterministic_algorithms(True, warn_only=True)'. You can file an issue at https://github.com/pytorch/pytorch/issues to help us prioritize adding deterministic support for this operation. (Triggered internally at /pytorch/aten/src/ATen/Context.cpp:157.)
  cx = torch.bincount(lab_in, weights=wx_in, minlength=n_cells + 1) / cnt
/workspace/Plexus/src/plexus/operators/segmentation_seed.py:162: UserWarning: _bincount_cuda does not have a deterministic implementation, but you set 'torch.use_deterministic_algorithms(True, warn_only=True)'. You can file an issue at https://github.com/pytorch/pytorch/issues to help us prioritize adding deterministic support for this operation. (Triggered internally at /pytorch/aten/src/ATen/Context.cpp:157.)
  cy = torch.bincount(lab_in, weights=wy_in, minlength=n_cells + 1) / cnt
  [seed_from_segmentation] 100 cells from 'cells'; 10000 particles (100 per cell); youngs 45-220 from deterministic spread (no props file); cell centres seeded: 100
[   92.9s] [planted] C=100 Np=10000 grid 128^2 dtype=torch.float64 dx=0.0078125
[   92.9s]           E in [40.0,216.3]  gain in [0.503,1.499]  dt=0.002 dt_sub=0.0002 (10 substeps/frame)
[   92.9s]           warm-up 180 frames; window A = ticks 31..180 recorded
[  100.6s] reference = theta_true rollout, 150 frames x 100 probes; peak_excursion reading 0.00957049, path_length 0.0318574
[  100.6s] planted E: min 40.0 mean 128.4 median 128.0 max 216.3
[  100.6s] 
  UNIFORM E, gain = gain_true, scored against the theta_true rollout, in steps
[  100.6s]            E  path_length peak_excurs orientation coordinatio     STAT  loopscore   peak_exc
[  108.2s]        20.00         0.54        5.07        0.72        1.01     5.07     0.3187   0.008930
[  115.9s]        27.20         1.86        5.10        0.63        0.60     5.10     0.3970   0.008926
[  123.6s]        36.99         2.34        3.22        0.58        0.46     3.22     0.5292   0.009164
[  131.3s]        50.30         1.20        3.30        0.42        0.16     3.30     0.6214   0.009153
[  139.1s]        68.40         1.97        0.73        0.26        0.05     1.97     0.7535   0.009478
[  146.8s]        93.02         0.73        0.31        0.19        0.01     0.73     0.7905   0.009531
[  154.5s]       126.49         0.00        3.83        0.26        0.03     3.83     0.6664   0.010055
[  162.3s]       172.01         0.11        6.22        0.38        0.18     6.22     0.6507   0.010356
[  171.3s]       233.92         0.16        8.84        0.53        0.24     8.84     0.5555   0.010687
[  183.1s]       318.11         1.02        4.51        0.60        0.41     4.51     0.4556   0.010140
[  195.1s]       432.59         1.64        2.28        0.94        0.60     2.28     0.4312   0.009859
[  207.1s]       588.28         3.79        0.45        1.34        0.90     3.79     0.2179   0.009627
[  219.1s]       800.00         1.01        4.36        1.53        1.06     4.36     0.0561   0.010121
[  219.1s]   ------------------------------------------------------------------------------------------------
[  219.1s]   KNOWS NOTHING         6.65        8.71       10.94        8.00     6.65
[  219.1s] 
  SPAN over the 40x sweep, per instrument (max - min of the steps column):
[  219.1s]     path_length          span     3.79 steps   range [0.00, 3.79]   monotone False  turning points 5   null 6.65
[  219.1s]     peak_excursion       span     8.53 steps   range [0.31, 8.84]   monotone False  turning points 6   null 8.71
[  219.1s]     orientation_error    span     1.34 steps   range [0.19, 1.53]   monotone False  turning points 1   null 10.94
[  219.1s]     coordination         span     1.05 steps   range [0.01, 1.06]   monotone False  turning points 1   null 8.00
[  219.1s]     STAT                 span     8.11 steps   range [0.73, 8.84]   monotone False  turning points 6   null nan
[  219.1s]   -> /workspace/Plexus/prototype/cardio_cells/crash/p1c_instruments.json
[  219.1s] 
################################################################################################################
#  CHECKER
################################################################################################################
  [seed_from_segmentation] 100 cells from 'cells'; 10000 particles (100 per cell); youngs 45-220 from deterministic spread (no props file); cell centres seeded: 100
[  233.7s] [planted] C=100 Np=10000 grid 128^2 dtype=torch.float64 dx=0.0078125
[  233.7s]           E in [40.0,216.3]  gain in [0.503,1.499]  dt=0.002 dt_sub=0.0002 (10 substeps/frame)
[  233.7s]           warm-up 180 frames; window A = ticks 31..180 recorded
[  233.7s] 
================================================================================================================
  CONTRAST planted 45/220 (x4.9)   arithmetic mean 132.5;  checkerboard 51 stiff / 49 soft cells
================================================================================================================
[  270.6s]   pair                                 path_length peak_excurs orientation coordinatio     STAT
[  270.6s]   checker vs uniform(mean)                    1.37        1.59        0.55        0.01     1.59
[  270.7s]   checker vs ANTI-checker                     0.42        4.46        0.80        0.33     4.46
[  270.7s]   checker(space) vs checker(index)            0.77        3.39        0.54        0.02     3.39
[  270.7s]   index-checker vs uniform(mean)              2.14        1.80        0.43        0.01     2.14
[  270.7s] 
  the best UNIFORM E impostor for the checkerboard (if one gets under a step, the pattern is invisible):
[  270.7s]    uniform E  path_length peak_excurs orientation coordinatio     STAT  loopscore   peak_exc
[  283.3s]        31.50         1.09        6.77        0.65        0.82     6.77     0.4837   0.008996
[  296.0s]        39.57         0.79        5.18        0.59        0.60     5.18     0.5566   0.009196
[  308.7s]        49.70         0.16        5.69        0.47        0.43     5.69     0.6153   0.009133
[  321.3s]        62.43         0.26        3.20        0.35        0.33     3.20     0.6473   0.009446
[  334.1s]        78.42         0.32        2.14        0.47        0.22     2.14     0.6831   0.009581
[  346.9s]        98.50         1.06        2.59        0.49        0.02     2.59     0.6669   0.009524
[  359.6s]       123.72         1.39        1.56        0.56        0.01     1.56     0.6161   0.010049
[  372.5s]       155.41         1.32        2.64        0.51        0.02     2.64     0.6328   0.010184
[  385.3s]       195.21         1.77        5.73        0.50        0.03     5.73     0.5999   0.010575
[  398.0s]       245.20         1.83        6.20        0.69        0.06     6.20     0.4966   0.010634
[  410.7s]       308.00         2.51        1.77        0.70        0.20     2.51     0.3851   0.010075
[  410.7s]     BEST uniform impostor: E = 123.7 at 1.56 steps (limiting peak_excursion)
[  410.7s] 
================================================================================================================
  CONTRAST wide 20/800 (x40)   arithmetic mean 410;  checkerboard 51 stiff / 49 soft cells
================================================================================================================
[  461.9s]   pair                                 path_length peak_excurs orientation coordinatio     STAT
[  462.0s]   checker vs uniform(mean)                    4.54        0.54        1.33        0.70     4.54
[  462.0s]   checker vs ANTI-checker                     3.48        8.87        1.23        0.64     8.87
[  462.0s]   checker(space) vs checker(index)            1.76        6.35        1.40        0.38     6.35
[  462.0s]   index-checker vs uniform(mean)              6.29        5.81        1.18        0.67     6.29
[  462.0s] 
  the best UNIFORM E impostor for the checkerboard (if one gets under a step, the pattern is invisible):
[  462.0s]    uniform E  path_length peak_excurs orientation coordinatio     STAT  loopscore   peak_exc
[  474.8s]        14.00         1.47        7.40        0.91        1.14     7.40     0.3081   0.008897
[  487.6s]        21.70         2.48        7.15        0.84        1.15     7.15     0.4049   0.008928
[  500.4s]        33.63         0.89        6.16        0.76        0.80     6.16     0.4879   0.009054
[  513.1s]        52.13         2.13        4.88        0.75        0.64     4.88     0.4956   0.009216
[  525.9s]        80.79         1.73        1.57        0.80        0.50     1.73     0.5255   0.009634
[  538.7s]       125.22         3.34        1.74        0.90        0.40     3.34     0.5102   0.010052
[  551.3s]       194.08         4.00        5.81        0.85        0.44     5.81     0.4471   0.010566
[  564.0s]       300.81         4.49        1.97        1.07        0.73     4.49     0.3315   0.010081
[  576.8s]       466.23         6.40        2.42        1.39        0.95     6.40     0.2622   0.009526
[  589.6s]       722.62         6.98        1.31        1.82        1.37     6.98     0.1298   0.009666
[  602.4s]      1120.00         4.78        2.55        2.44        1.22     4.78    -0.1860   0.010155
[  602.4s]     BEST uniform impostor: E = 80.8 at 1.73 steps (limiting path_length)
[  602.4s] 
================================================================================================================
  THE SAME EXPERIMENT ON GAIN -- the parameter P0 says the data DOES constrain
================================================================================================================
[  640.6s]   gain checker vs uniform(1.0)                5.76       13.80        0.45        0.03    13.80
[  640.7s]   gain checker vs ANTI-checker                9.98       18.89        0.80        0.16    18.89
[  640.7s] 
  the best UNIFORM GAIN impostor for the gain checkerboard:
[  640.7s]    uniform g  path_length peak_excurs orientation coordinatio     STAT  loopscore   peak_exc
[  653.3s]        0.500        14.06       32.33        0.66        0.17    32.33     0.8673   0.005323
[  666.1s]        0.600        10.70       23.06        0.54        0.09    23.06     0.9028   0.006494
[  678.9s]        0.700         6.98       14.93        0.43        0.05    14.93     0.9275   0.007522
[  691.7s]        0.800         2.67        5.66        0.47        0.03     5.66     0.9407   0.008693
[  704.4s]        0.900         1.47        4.21        0.45        0.02     4.21     0.9416   0.009939
[  719.4s]        1.000         5.76       13.80        0.45        0.03    13.80     0.9289   0.011151
[  780.5s]        1.100         9.58       22.87        0.45        0.04    22.87     0.9032   0.012297
[  793.7s]        1.200        12.32       31.99        0.40        0.05    31.99     0.8673   0.013449
[  805.0s]        1.300        15.90       35.89        0.43        0.05    35.89     0.8149   0.013942
[  812.6s]        1.400        18.97       42.26        0.47        0.06    42.26     0.7457   0.014747
[  820.2s]        1.500        22.70       50.81        0.51        0.07    50.81     0.6626   0.015827
[  827.8s]        1.600        26.59       59.03        0.51        0.08    59.03     0.5635   0.016867
[  827.8s]     BEST uniform-gain impostor: gain = 0.900 at 4.21 steps
[  827.8s] 
================================================================================================================
  THE PLANTED FIELD -- flatten it and see what it costs
================================================================================================================
[  843.0s]   uniform E at planted mean                       0.05        3.82        0.27        0.03     3.82
[  850.6s]   uniform E at planted median                     0.04        3.82        0.27        0.03     3.82
[  858.2s]   planted E SHUFFLED across cells                 3.18        5.21        0.37        0.01     5.21
[  865.8s]   uniform gain at planted mean (control)          2.31        5.28        0.32        0.00     5.28
[  865.8s] 
  the null (knowing nothing): path_length 6.65, peak_excursion 8.71, orientation_error 10.94, coordination 8.00
[  865.9s]   -> /workspace/Plexus/prototype/cardio_cells/crash/p1c_checker.json
[  865.9s] done
