/workspace/Plexus/src/plexus/operators/segmentation_seed.py:161: UserWarning: _bincount_cuda does not have a deterministic implementation, but you set 'torch.use_deterministic_algorithms(True, warn_only=True)'. You can file an issue at https://github.com/pytorch/pytorch/issues to help us prioritize adding deterministic support for this operation. (Triggered internally at /pytorch/aten/src/ATen/Context.cpp:157.)
  cx = torch.bincount(lab_in, weights=wx_in, minlength=n_cells + 1) / cnt
/workspace/Plexus/src/plexus/operators/segmentation_seed.py:162: UserWarning: _bincount_cuda does not have a deterministic implementation, but you set 'torch.use_deterministic_algorithms(True, warn_only=True)'. You can file an issue at https://github.com/pytorch/pytorch/issues to help us prioritize adding deterministic support for this operation. (Triggered internally at /pytorch/aten/src/ATen/Context.cpp:157.)
  cy = torch.bincount(lab_in, weights=wy_in, minlength=n_cells + 1) / cnt
  [seed_from_segmentation] 100 cells from 'cells'; 10000 particles (100 per cell); youngs 45-220 from deterministic spread (no props file); cell centres seeded: 100
[planted] C=100 Np=10000 grid 128^2 dtype=torch.float64 dx=0.0078125
          E in [40.0,216.3]  gain in [0.503,1.499]  dt=0.002 dt_sub=0.0002 (10 substeps/frame)
          warm-up 165 frames; window A = ticks 16..165 recorded
[repro] theta_true identical to round 1 to 0.000e+00
[consistency] recA[-1] == x0 to 0.000e+00; step(n_sub=10) end position == ref_full[0] to 0.000e+00
[attack A] frame cadence: ||a_fd - a_step||/||a_step|| = 0.3364  <-- the target round 1 fitted was off by this much BEFORE any nonlinearity
[repro] theta_hat_frame reproduced to 0.000e+00 (abs)
[solve] frame_vel_fd         res 0.8016  med|dE/E| 0.5107  med|dg/g| 0.3990  l2 0.5443
[solve] frame_vel_ORACLEb    res 0.8192  med|dE/E| 0.5159  med|dg/g| 0.4199  l2 0.5414
[solve] frame_DISP           res 0.5146  med|dE/E| 0.2572  med|dg/g| 0.2486  l2 0.2900  cond 3.949e+10
[solve] substep_DISP         res 2.861e-04  med|dE/E| 2.449e-07
[attack B] oracle per-block rescale kE 1.851 kg 0.496 -> med|dE/E| 0.2255 (was 0.5107); corr(E_hat,E) 0.692

[crash test] 150-frame FREE rollouts, margin-20 grid
    candidate                           medE    medg |   coord  orient |   loopsc |        R2  Eratio  rms/dx
    theta_true                        0.0000  0.0000 |  1.0000  0.0000 |   1.0000 |    1.0000  1.0000  0.0000
    frame_vel_fd (ROUND 1)            0.5107  0.3990 |  0.9223  0.0391 |  -0.1636 |   -1.1943  2.0308  0.6083
    frame_vel_ORACLEb                 0.5159  0.4199 |  0.9338  0.0389 |  -0.1009 |   -0.8730  1.9022  0.5610
    frame_DISP                        0.2572  0.2486 |  0.9945  0.0208 |   0.5865 |    0.7471  1.2156  0.2097
    frame_vel_fd_RESCALED(oracle k)   0.2255  0.4989 |  0.9905  0.0401 |   0.7471 |    0.6533  0.6709  0.2662
    prior_draw                        0.3621  0.3434 |  0.9975  0.0409 |   0.6755 |    0.6176  0.7802  0.2844
    blind_E40_g1                      0.6887  0.2798 |  0.9522  0.0466 |  -0.1799 |   -0.7665  1.9458  0.5442
    blind_E130_g2                     0.3180  1.0228 |  0.9828  0.0713 |  -0.2414 |   -0.2938  2.0728  0.4961
    blind_E60_g1.4                    0.5330  0.4160 |  0.9883  0.0691 |  -0.3705 |   -0.7765  2.1802  0.5538

wrote refute1.json  [111 s]
