/workspace/Plexus/src/plexus/operators/segmentation_seed.py:161: UserWarning: _bincount_cuda does not have a deterministic implementation, but you set 'torch.use_deterministic_algorithms(True, warn_only=True)'. You can file an issue at https://github.com/pytorch/pytorch/issues to help us prioritize adding deterministic support for this operation. (Triggered internally at /pytorch/aten/src/ATen/Context.cpp:157.)
  cx = torch.bincount(lab_in, weights=wx_in, minlength=n_cells + 1) / cnt
/workspace/Plexus/src/plexus/operators/segmentation_seed.py:162: UserWarning: _bincount_cuda does not have a deterministic implementation, but you set 'torch.use_deterministic_algorithms(True, warn_only=True)'. You can file an issue at https://github.com/pytorch/pytorch/issues to help us prioritize adding deterministic support for this operation. (Triggered internally at /pytorch/aten/src/ATen/Context.cpp:157.)
  cy = torch.bincount(lab_in, weights=wy_in, minlength=n_cells + 1) / cnt
  [seed_from_segmentation] 100 cells from 'cells'; 10000 particles (100 per cell); youngs 45-220 from deterministic spread (no props file); cell centres seeded: 100
[planted] C=100 Np=10000 grid 128^2 dtype=torch.float64 dx=0.0078125
          E in [40.0,216.3]  gain in [0.503,1.499]  dt=0.002 dt_sub=0.0002 (10 substeps/frame)
          warm-up 159 frames; window A = ticks 10..159 recorded
[collect] ticks 159..186 (28); fit [165, 166, 167, 168, 169, 170, 171, 172]; holdout 180; dt=0.002 n_sub=10 [15s]

[f] T=8 stacked, ticks 165..172; noise = refute5 grid-48, sigma_F=0.0039, sigma_x=1.996e-05, K=6
    controls: cleanF|oracle|naive must be 0.008562 (round 5); noisyF|oracle|naive ~0.73 and eiv_box ~0.15 (refute5 grid48)
    cell                         solver        medE     p90   relL2  neg     mr  hoCLEAN   hoMEAS    relv    relC
    cleanF|oracle                naive       0.0086  0.0181  0.0125    0  0.996  0.00692  0.00692  0.0000  0.0000 [95s]
    cleanF|oracle                naive_box   0.0086  0.0181  0.0125    0  0.996  0.00692  0.00692  0.0000  0.0000 [95s]
    cleanF|derived               naive       0.0456  0.0671  0.0496    0  0.953  0.01008  0.01008  0.0074  0.1604 [176s]
    cleanF|derived               naive_box   0.0456  0.0671  0.0496    0  0.953  0.01008  0.01008  0.0074  0.1604 [176s]
    cleanF|v_only                naive       0.0471  0.0690  0.0511    0  0.952  0.00975  0.00975  0.0074  0.0000 [256s]
    cleanF|v_only                naive_box   0.0471  0.0690  0.0511    0  0.952  0.00975  0.00975  0.0074  0.0000 [256s]
    cleanF|C_only                naive       0.0073  0.0175  0.0122    0  0.998  0.00673  0.00673  0.0000  0.1604 [343s]
    cleanF|C_only                naive_box   0.0073  0.0175  0.0122    0  0.998  0.00673  0.00673  0.0000  0.1604 [343s]
