/workspace/Plexus/src/plexus/operators/segmentation_seed.py:161: UserWarning: _bincount_cuda does not have a deterministic implementation, but you set 'torch.use_deterministic_algorithms(True, warn_only=True)'. You can file an issue at https://github.com/pytorch/pytorch/issues to help us prioritize adding deterministic support for this operation. (Triggered internally at /pytorch/aten/src/ATen/Context.cpp:157.)
  cx = torch.bincount(lab_in, weights=wx_in, minlength=n_cells + 1) / cnt
/workspace/Plexus/src/plexus/operators/segmentation_seed.py:162: UserWarning: _bincount_cuda does not have a deterministic implementation, but you set 'torch.use_deterministic_algorithms(True, warn_only=True)'. You can file an issue at https://github.com/pytorch/pytorch/issues to help us prioritize adding deterministic support for this operation. (Triggered internally at /pytorch/aten/src/ATen/Context.cpp:157.)
  cy = torch.bincount(lab_in, weights=wy_in, minlength=n_cells + 1) / cnt
  [seed_from_segmentation] 100 cells from 'cells'; 10000 particles (100 per cell); youngs 45-220 from deterministic spread (no props file); cell centres seeded: 100
[planted] C=100 Np=10000 grid 128^2 dtype=torch.float64 dx=0.0078125
          E in [40.0,216.3]  gain in [0.503,1.499]  dt=0.002 dt_sub=0.0002 (10 substeps/frame)
          warm-up 165 frames; window A = ticks 16..165 recorded
[pacemaker] clock at ticks [164, 165, 166] = 0.9945, 1.0000, 0.9945;  ||active_force delta|| = 4213, ||drag delta|| = 1236
[surface] anchored band 0.0857 world = 21.2% of particles; probes inside it: margin 20 -> 0/100, margin 10 -> 36/100
          tracer snap distance (margin 20): median 0.00423 world (0.54 dx)
[reference] window B = ticks 166..315; max particle displacement 0.03405 world = 4.36 dx; median peak interior displacement 0.01217
[solve/substep] A (20000, 200) in 5.4s; ||A.theta_true-b||/||b|| = 2.861e-04; cond(G) 1.717e+10
                ridge0: med|dE/E| 2.449e-07  med|dg/g| 1.132e-07  p90 E 6.233e-05  ||dtheta||/||theta|| 3.126e-04
                column norms: E med 1.835e+00, gain med 9.128e+01; zero gain columns 0/100; rank 200/200
[solve/frame  ] A in 52.0s; ||A.theta_true-b||/||b|| = 8.192e-01; cond(G) 4.986e+10
                ridge0:    med|dE/E| 5.107e-01  med|dg/g| 3.990e-01  l2 5.443e-01
                ridge1e-2: med|dE/E| 7.690e-01  med|dg/g| 4.923e-01  l2 8.057e-01
[candidates] mean E: true 128.4; hat_substep 128.4(neg 0)  hat_frame_ridge0 63.3(neg 0)  hat_frame_ridge1e-2 28.0(neg 13)

[crash test] 150-frame free rollouts from the tick-165 snapshot, scored on the margin-20 grid
    candidate                      anchor     medE    medg |   coord   pathlen   peakexc  orient |  loopsc |       R2  Eratio  rms/dx   lsM10
    theta_true                     anchored  0.0000  0.0000 |  1.0000    0.0000    0.0000  0.0001 |  1.0000 |   1.0000  1.0001  0.0005  1.0000  band 0.0000
    theta_true                     free     0.0000  0.0000 |  1.0000    0.0000    0.0000  0.0000 |  1.0000 |   1.0000  1.0000  0.0000  1.0000  band 0.0000
    theta_hat_substep              anchored  0.0000  0.0000 |  1.0000    0.0000    0.0000  0.0001 |  1.0000 |   1.0000  1.0001  0.0005  1.0000  band 0.0000
    theta_hat_substep              free     0.0000  0.0000 |  1.0000    0.0000    0.0000  0.0000 |  1.0000 |   1.0000  1.0000  0.0000  1.0000  band 0.0000
    theta_hat_frame_ridge0         anchored  0.5107  0.3990 |  0.9233    0.0054    0.0024  0.0397 | -0.1545 |  -1.1885  2.0276  0.6071  0.2394  band 0.0000
    theta_hat_frame_ridge0         free     0.5107  0.3990 |  0.9223    0.0054    0.0024  0.0391 | -0.1636 |  -1.1943  2.0308  0.6083  0.2145  band 0.0234
    theta_hat_frame_ridge1e-2      anchored  0.7690  0.4923 |  0.8517    0.0021    0.0019  0.0894 |  0.0039 |  -1.3084  1.8342  0.6349  0.2977  band 0.0000
    theta_hat_frame_ridge1e-2      free     0.7690  0.4923 |  0.8326    0.0013    0.0017  0.0694 | -0.0854 |  -1.3241  1.8662  0.6296 -0.0377  band 0.3443
    theta_const_E130_g1            anchored  0.3180  0.2798 |  0.9954    0.0004    0.0006  0.0399 |  0.7380 |   0.8033  0.9081  0.2050  0.7307  band 0.0000
    theta_const_E130_g1            free     0.3180  0.2798 |  0.9968    0.0004    0.0005  0.0413 |  0.7372 |   0.8023  0.9083  0.2056  0.7275  band 0.0110
    theta_shuffled_true            anchored  0.5194  0.2708 |  0.9978    0.0019    0.0008  0.0556 |  0.4974 |   0.5625  1.2156  0.3065  0.6024  band 0.0000
    theta_shuffled_true            free     0.5194  0.2708 |  0.9979    0.0019    0.0008  0.0578 |  0.4955 |   0.5596  1.2161  0.3075  0.5887  band 0.0190
    theta_true_perturbed_0.01      anchored  0.0023  0.0022 |  1.0000    0.0000    0.0000  0.0007 |  0.9998 |   1.0000  1.0006  0.0024  0.9999  band 0.0000
    theta_true_perturbed_0.01      free     0.0023  0.0022 |  1.0000    0.0000    0.0000  0.0005 |  0.9998 |   1.0000  1.0005  0.0024  0.9999  band 0.0001
    theta_true_perturbed_0.03      anchored  0.0069  0.0066 |  1.0000    0.0000    0.0000  0.0015 |  0.9978 |   0.9998  1.0017  0.0072  0.9990  band 0.0000
    theta_true_perturbed_0.03      free     0.0069  0.0066 |  1.0000    0.0000    0.0000  0.0014 |  0.9978 |   0.9998  1.0017  0.0072  0.9990  band 0.0003
    theta_true_perturbed_0.1       anchored  0.0230  0.0219 |  1.0000    0.0002    0.0000  0.0042 |  0.9751 |   0.9973  1.0068  0.0240  0.9889  band 0.0000
    theta_true_perturbed_0.1       free     0.0230  0.0219 |  1.0000    0.0002    0.0000  0.0043 |  0.9752 |   0.9972  1.0068  0.0240  0.9890  band 0.0010
    theta_true_perturbed_0.3       anchored  0.0691  0.0656 |  0.9999    0.0009    0.0001  0.0134 |  0.8846 |   0.9772  1.0224  0.0696  0.9370  band 0.0000
    theta_true_perturbed_0.3       free     0.0691  0.0656 |  0.9999    0.0009    0.0001  0.0134 |  0.8849 |   0.9771  1.0224  0.0698  0.9366  band 0.0031
    theta_true_x0jitter_0.01dx     anchored  0.0000  0.0000 |  1.0000    0.0000    0.0000  0.0048 |  0.9856 |   0.9978  0.9986  0.0217  0.9786  band 0.0000
    theta_true_x0jitter_0.01dx     free     0.0000  0.0000 |  1.0000    0.0000    0.0000  0.0051 |  0.9855 |   0.9978  0.9984  0.0217  0.9782  band 0.0137
    theta_true_x0jitter_0.1dx      anchored  0.0000  0.0000 |  0.9998    0.0003    0.0000  0.0402 |  0.6541 |   0.7960  1.0006  0.2104  0.7576  band 0.0000
    theta_true_x0jitter_0.1dx      free     0.0000  0.0000 |  0.9999    0.0003    0.0000  0.0375 |  0.6522 |   0.7947  1.0000  0.2110  0.7334  band 0.1363

[nulls]
    do_nothing               coord      n/a  path    0.0309  peak    0.0077  orient   0.7320  loopscore   0.2603
    replay_previous_beat     coord   0.8736  path    0.0023  peak    0.0024  orient   0.1047  loopscore   0.2917
    identity                 coord   1.0000  path    0.0000  peak    0.0000  orient   0.0000  loopscore   1.0000

wrote /workspace/Plexus/prototype/cardio_cells/crash/crash_round1.json
[1075 s]
