/workspace/Plexus/src/plexus/operators/segmentation_seed.py:161: UserWarning: _bincount_cuda does not have a deterministic implementation, but you set 'torch.use_deterministic_algorithms(True, warn_only=True)'. You can file an issue at https://github.com/pytorch/pytorch/issues to help us prioritize adding deterministic support for this operation. (Triggered internally at /pytorch/aten/src/ATen/Context.cpp:157.)
  cx = torch.bincount(lab_in, weights=wx_in, minlength=n_cells + 1) / cnt
/workspace/Plexus/src/plexus/operators/segmentation_seed.py:162: UserWarning: _bincount_cuda does not have a deterministic implementation, but you set 'torch.use_deterministic_algorithms(True, warn_only=True)'. You can file an issue at https://github.com/pytorch/pytorch/issues to help us prioritize adding deterministic support for this operation. (Triggered internally at /pytorch/aten/src/ATen/Context.cpp:157.)
  cy = torch.bincount(lab_in, weights=wy_in, minlength=n_cells + 1) / cnt
  [seed_from_segmentation] 100 cells from 'cells'; 10000 particles (100 per cell); youngs 45-220 from deterministic spread (no props file); cell centres seeded: 100
[planted] C=100 Np=10000 grid 128^2 dtype=torch.float64 dx=0.0078125
          E in [40.0,216.3]  gain in [0.503,1.499]  dt=0.002 dt_sub=0.0002 (10 substeps/frame)
          warm-up 165 frames; window A = ticks 16..165 recorded
[percell] 95/100 cells kept; a_ref/dx 0.003 .. 1.310 .. 3.259
[solve] substep med|dE/E| 2.449e-07; frame med|dE/E| 0.5107
[shard 0/2] 15/30 candidates

[crash test] 150-frame free rollouts from tick 165, margin-20; RAW and 2-D GAUGED (|t1-1|,|t2-1| <= 0.01)
    candidate                         medE  rawloop     t1     t2     kE     kg  gauloop    gauR2  r2cell  nx
    theta_true                      0.0000   1.0000  1.000  1.000  1.000  1.000   1.0000   1.0000  1.0000   0  [already at (1,1), 8s]
    theta_hat_frame_ridge0          0.5107  -0.1636  2.031  0.892  4.052  1.175   0.6647   0.8762  0.9464   6  [converged, 65s]
    theta_shuffled_true             0.5194   0.4955  1.216  0.960  3.265  1.290   0.4638  -0.1203  0.8185   8  [converged, 81s]
    theta_true_perturbed_0.03       0.0069   0.9978  1.002  0.998  1.000  1.000   0.9978   0.9998  1.0000   0  [already at (1,1), 8s]
    theta_true_perturbed_0.3        0.0691   0.8849  1.022  1.039  0.841  0.890   0.8761   0.9559  0.9932   4  [converged, 49s]
    theta_true_x0jitter_0.1dx       0.0000   0.6522  1.000  0.985  1.073  1.038   0.6516   0.7961  0.9926   3  [converged, 41s]
    frame_DISP_oracle_rescale       0.1228   0.7572  0.611  0.888  1.358  1.888   0.8260   0.9463  0.9735   6  [converged, 66s]
    true_E_x1.8                     0.8000   0.6978  0.718  1.019  0.568  1.014   0.9993   0.9997  1.0000   5  [converged, 57s]
    true_both_x1.8                  0.8000   0.4989  1.383  1.117  0.551  0.554   0.9999   0.9999  1.0000   7  [converged, 73s]
    bank_blind_E60_g1               0.5330   0.1804  1.469  0.954  3.226  1.329   0.5809   0.6491  0.9347   6  [converged, 65s]
    bank_blind_E130_g1              0.3180   0.7372  0.908  0.947  1.474  1.318   0.5896   0.6547  0.9355   6  [converged, 65s]
    bank_blind_E240_g1              0.8680   0.5904  0.655  1.088  0.808  1.330   0.5811   0.6482  0.9345  10  [converged, 98s]
    bank_blind_E130_g0.95           0.3180   0.7599  0.863  0.986  1.460  1.381   0.5957   0.6600  0.9360   7  [converged, 73s]
    bank_prior_draw_202             0.3639   0.6456  0.986  0.981  1.118  1.077   0.6089   0.7119  0.9360   4  [converged, 49s]
    bank_prior_draw_404             0.3163   0.6322  1.029  0.996  0.968  0.957   0.6475   0.6573  0.9148   3  [converged, 41s]
/workspace/.conda_envs/neural-graph-linux/lib/python3.12/site-packages/numpy/lib/_function_base_impl.py:3045: RuntimeWarning: invalid value encountered in divide
  c /= stddev[:, None]
/workspace/.conda_envs/neural-graph-linux/lib/python3.12/site-packages/numpy/lib/_function_base_impl.py:3046: RuntimeWarning: invalid value encountered in divide
  c /= stddev[None, :]

[nulls]
    do_nothing                     loop   0.2603  r2cell      n/a
    replay_raw                     loop      n/a  r2cell   0.8549
    replay_energy_matched          loop      n/a  r2cell   0.8549
    identity                       loop   1.0000  r2cell   1.0000
    percell_shuffled_reference     loop      n/a  r2cell  -1.0906
    percell_flat_mean              loop      n/a  r2cell   0.0000

wrote crash_round3_s0.json  [871 s]
