/workspace/Plexus/src/plexus/operators/segmentation_seed.py:161: UserWarning: _bincount_cuda does not have a deterministic implementation, but you set 'torch.use_deterministic_algorithms(True, warn_only=True)'. You can file an issue at https://github.com/pytorch/pytorch/issues to help us prioritize adding deterministic support for this operation. (Triggered internally at /pytorch/aten/src/ATen/Context.cpp:157.)
  cx = torch.bincount(lab_in, weights=wx_in, minlength=n_cells + 1) / cnt
/workspace/Plexus/src/plexus/operators/segmentation_seed.py:162: UserWarning: _bincount_cuda does not have a deterministic implementation, but you set 'torch.use_deterministic_algorithms(True, warn_only=True)'. You can file an issue at https://github.com/pytorch/pytorch/issues to help us prioritize adding deterministic support for this operation. (Triggered internally at /pytorch/aten/src/ATen/Context.cpp:157.)
  cy = torch.bincount(lab_in, weights=wy_in, minlength=n_cells + 1) / cnt
  [seed_from_segmentation] 100 cells from 'cells'; 10000 particles (100 per cell); youngs 45-220 from deterministic spread (no props file); cell centres seeded: 100
[planted] C=100 Np=10000 grid 128^2 dtype=torch.float64 dx=0.0078125
          E in [40.0,216.3]  gain in [0.503,1.499]  dt=0.002 dt_sub=0.0002 (10 substeps/frame)
          warm-up 165 frames; window A = ticks 16..165 recorded

[bank_prior_draw_101]  rows k_E, cols k_g;  cell = t1 / t2 / loopscore
                          0.60                  0.85                  1.10                  1.40                  1.80
   0.50   0.988/ 0.940/ 0.675  1.449/ 0.922/ 0.469  1.940/ 0.968/-0.000  2.645/ 0.934/-0.354  3.650/ 0.942/-0.563
   0.80   0.766/ 0.935/ 0.681  1.117/ 0.991/ 0.704  1.525/ 0.956/ 0.438  2.053/ 0.962/ 0.063  2.857/ 0.977/-0.311
   1.20   0.629/ 0.988/ 0.647  0.919/ 0.980/ 0.609  1.238/ 1.005/ 0.565  1.696/ 0.960/ 0.368  2.392/ 0.979/ 0.103
   2.00   0.528/ 0.992/ 0.516  0.728/ 1.021/ 0.536  0.990/ 0.971/ 0.504  1.350/ 0.945/ 0.419  1.898/ 0.943/ 0.310
   3.20   0.495/ 0.983/ 0.447  0.628/ 0.957/ 0.427  0.820/ 1.013/ 0.410  1.098/ 0.962/ 0.413  1.632/ 0.936/ 0.252
  grid cells with |t1-1|<0.15 and |t2-1|<0.05: 4; loopscore among them 0.4128 .. 0.7043

[theta_true]  rows k_E, cols k_g;  cell = t1 / t2 / loopscore
                          0.60                  0.85                  1.10                  1.40                  1.80
   0.50   0.906/ 0.880/ 0.748  1.265/ 0.924/ 0.488  1.708/ 1.019/ 0.075  2.321/ 1.058/-0.348  3.141/ 1.074/-0.614
   0.80   0.678/ 0.869/ 0.801  0.965/ 0.969/ 0.948  1.239/ 1.028/ 0.598  1.670/ 1.066/ 0.133  2.254/ 1.102/-0.394
   1.20   0.554/ 0.908/ 0.683  0.757/ 0.961/ 0.812  0.998/ 1.024/ 0.963  1.284/ 1.067/ 0.574  1.768/ 1.107/ 0.050
   2.00   0.445/ 0.949/ 0.572  0.584/ 1.031/ 0.642  0.754/ 1.039/ 0.682  0.980/ 1.127/ 0.744  1.329/ 1.096/ 0.559
   3.20   0.411/ 1.016/ 0.484  0.477/ 1.022/ 0.515  0.614/ 1.006/ 0.510  0.792/ 1.077/ 0.564  1.050/ 1.143/ 0.483
  grid cells with |t1-1|<0.15 and |t2-1|<0.05: 2; loopscore among them 0.9475 .. 0.9626

wrote gauge_scan.json [477 s]
