/workspace/Plexus/src/plexus/operators/segmentation_seed.py:161: UserWarning: _bincount_cuda does not have a deterministic implementation, but you set 'torch.use_deterministic_algorithms(True, warn_only=True)'. You can file an issue at https://github.com/pytorch/pytorch/issues to help us prioritize adding deterministic support for this operation. (Triggered internally at /pytorch/aten/src/ATen/Context.cpp:157.)
  cx = torch.bincount(lab_in, weights=wx_in, minlength=n_cells + 1) / cnt
/workspace/Plexus/src/plexus/operators/segmentation_seed.py:162: UserWarning: _bincount_cuda does not have a deterministic implementation, but you set 'torch.use_deterministic_algorithms(True, warn_only=True)'. You can file an issue at https://github.com/pytorch/pytorch/issues to help us prioritize adding deterministic support for this operation. (Triggered internally at /pytorch/aten/src/ATen/Context.cpp:157.)
  cy = torch.bincount(lab_in, weights=wy_in, minlength=n_cells + 1) / cnt
  [seed_from_segmentation] 100 cells from 'cells'; 10000 particles (100 per cell); youngs 45-220 from deterministic spread (no props file); cell centres seeded: 100
[planted] C=100 Np=10000 grid 128^2 dtype=torch.float64 dx=0.0078125
          E in [40.0,216.3]  gain in [0.503,1.499]  dt=0.002 dt_sub=0.0002 (10 substeps/frame)
          warm-up 160 frames; window A = ticks 11..160 recorded
[collect] 160..185, dt=0.002, n_sub=10, dx=0.0078125, grid 128x128 [28s]

[e] T=8 stacked, grid-48 F noise sigma_F=0.0039, sigma_x=1.99592e-05, K=4 EIV re-noisings, seed 555  (refute5 grid48 reference, oracle state: T8 naive 0.730/0.738, eiv_box 0.160/0.150)
    ctrl_oracle        naive      medE  0.7335 p90   1.006 relL2   0.770 negE  14 mr  0.291 [785s]
    ctrl_oracle        eiv_snr0   medE  0.1541 p90   1.485 relL2   1.085 negE   8 mr  0.927 [785s]
    ctrl_oracle        naive_box  medE  0.7341 p90   0.958 relL2   0.754 negE   0 mr  0.306 [785s]
    ctrl_oracle        eiv_box    medE  0.1713 p90   0.682 relL2   0.377 negE   0 mr  0.794 [785s]
    t_c2 (sibling)     naive      medE  0.7223 p90   0.988 relL2   0.758 negE   5 mr  0.304 [1529s]
    t_c2 (sibling)     eiv_snr0   medE  0.1537 p90   1.789 relL2   1.229 negE   8 mr  1.093 [1529s]
    t_c2 (sibling)     naive_box  medE  0.7230 p90   0.957 relL2   0.748 negE   0 mr  0.313 [1529s]
    t_c2 (sibling)     eiv_box    medE  0.1951 p90   0.575 relL2   0.340 negE   0 mr  0.805 [1529s]
    t_p11d6            naive      medE  0.7303 p90   0.998 relL2   0.766 negE   9 mr  0.295 [2127s]
    t_p11d6            eiv_snr0   medE  0.1440 p90   1.536 relL2   1.127 negE   8 mr  0.981 [2127s]
    t_p11d6            naive_box  medE  0.7309 p90   0.960 relL2   0.753 negE   0 mr  0.307 [2127s]
    t_p11d6            eiv_box    medE  0.1852 p90   0.655 relL2   0.375 negE   0 mr  0.771 [2127s]
    ctrl_zero          naive      medE  0.7106 p90   1.007 relL2   0.759 negE  15 mr  0.308 [2599s]
    ctrl_zero          eiv_snr0   medE  0.1735 p90   1.701 relL2   1.216 negE   8 mr  1.003 [2599s]
    ctrl_zero          naive_box  medE  0.7113 p90   0.954 relL2   0.742 negE   0 mr  0.323 [2599s]
    ctrl_zero          eiv_box    medE  0.1058 p90   0.731 relL2   0.363 negE   0 mr  0.864 [2599s]

wrote bestvc_C_e_s555.json [2599 s]
