/workspace/Plexus/src/plexus/operators/segmentation_seed.py:161: UserWarning: _bincount_cuda does not have a deterministic implementation, but you set 'torch.use_deterministic_algorithms(True, warn_only=True)'. You can file an issue at https://github.com/pytorch/pytorch/issues to help us prioritize adding deterministic support for this operation. (Triggered internally at /pytorch/aten/src/ATen/Context.cpp:157.)
  cx = torch.bincount(lab_in, weights=wx_in, minlength=n_cells + 1) / cnt
/workspace/Plexus/src/plexus/operators/segmentation_seed.py:162: UserWarning: _bincount_cuda does not have a deterministic implementation, but you set 'torch.use_deterministic_algorithms(True, warn_only=True)'. You can file an issue at https://github.com/pytorch/pytorch/issues to help us prioritize adding deterministic support for this operation. (Triggered internally at /pytorch/aten/src/ATen/Context.cpp:157.)
  cy = torch.bincount(lab_in, weights=wy_in, minlength=n_cells + 1) / cnt
  [seed_from_segmentation] 100 cells from 'cells'; 10000 particles (100 per cell); youngs 45-220 from deterministic spread (no props file); cell centres seeded: 100
[planted] C=100 Np=10000 grid 128^2 dtype=torch.float64 dx=0.0078125
          E in [40.0,216.3]  gain in [0.503,1.499]  dt=0.002 dt_sub=0.0002 (10 substeps/frame)
          warm-up 165 frames; window A = ticks 16..165 recorded
[frames] 8 consecutive frames from tick 165; |F1-F0| per frame ['7.87e-03', '8.28e-03', '8.47e-03', '8.67e-03']
    frame 0 (tick 165) assembled + 6 re-noisings [84s]
    frame 1 (tick 166) assembled + 6 re-noisings [155s]
    frame 2 (tick 167) assembled + 6 re-noisings [226s]
    frame 3 (tick 168) assembled + 6 re-noisings [296s]
    frame 4 (tick 169) assembled + 6 re-noisings [368s]
    frame 5 (tick 170) assembled + 6 re-noisings [439s]
    frame 6 (tick 171) assembled + 6 re-noisings [510s]
    frame 7 (tick 172) assembled + 6 re-noisings [581s]

[stack] sigma_F 0.0039 coherent per boundary, K=6
      T  naive medE  naive mr  snr0 medE  snr0 mr  snr.3 medE  snr.3 mr  snr1 medE  snr1 mr  rank1   n>1
      1      0.5276     0.403     0.3475    1.688      0.2181     0.496     0.2556    0.449    130   130
      2      0.5475     0.395     0.2043    3.926      0.1532     0.515     0.2380    0.453    134   134
      4      0.5056     0.417     0.0815    1.427      0.1321     0.566     0.2451    0.456    134   134
      8      0.4774     0.437     0.0313    0.986      0.0810     0.594     0.2499    0.457    140   140

wrote round4_stack_s777.json [581 s]
