====================================================================================================
STAGE R -- the recording.  Are ch 6..11 independent of ch 2..5?
====================================================================================================
[R.geom] [239, 137, 137, 12]   X varies along axis 1 (h = 15.026 px), Y along axis 0 (h = 14.976 px)
[R.mask] 17499 / 18769 nodes

[R1] every measured second derivative vs every 30-px central difference of ch2..5
    measured           best coarse cd                    r    scale   rms_meas     rms_cd  rms_dif/rms_cd
    ch6  d2u/dx2       d/dx ch2(du/dx)              0.8630   1.5466  2.783e-03  1.553e-03           1.058
    ch7  d2u/dy2       d/dy ch3(du/dy)              0.8723   1.5016  2.667e-03  1.549e-03           0.980
    ch8  d2u/dxdy      d/dy ch2(du/dx)              0.9333   1.3528  1.723e-03  1.189e-03           0.629
    ch9  d2v/dx2       d/dx ch4(dv/dx)              0.8763   1.5077  2.717e-03  1.579e-03           0.972
    ch10 d2v/dy2       d/dy ch5(dv/dy)              0.8620   1.5369  2.716e-03  1.523e-03           1.051
    ch11 d2v/dxdy      d/dx ch5(dv/dy)              0.9311   1.3568  1.709e-03  1.173e-03           0.640

[R2] HELD-OUT NODE: predict the omitted 15-px node's ch2..5 from a 30-px grid
     baselines use ch2..5 ONLY.  `cubic4` and `hermite_cd` spend the SAME four numbers as
     `hermite` but take the two slopes from ch2..5 instead of ch6..11 -- that is the
     control that decides whether ch6..11 carry anything of their own.
    channel       dir  rms_true   nearest    linear    cubic4 hermite_cd  taylorSym   hermite  shuf_null  /linear  /cubic4
    ch2 du/dx      x 2.980e-02 3.845e-02 2.980e-02 3.120e-02  3.120e-02  1.805e-02 1.823e-02  3.397e-02    0.606    0.579
    ch2 du/dx      y 3.039e-02 2.331e-02 1.476e-02 1.420e-02  1.420e-02  8.944e-03 5.274e-03  1.834e-02    0.357    0.371
    ch3 du/dy      x 3.044e-02 2.283e-02 1.485e-02 1.444e-02  1.444e-02  8.898e-03 5.526e-03  1.841e-02    0.372    0.383
    ch3 du/dy      y 3.002e-02 3.608e-02 2.831e-02 2.938e-02  2.938e-02  1.721e-02 1.679e-02  3.261e-02    0.593    0.572
    ch4 dv/dx      x 3.064e-02 3.698e-02 2.837e-02 2.950e-02  2.950e-02  1.718e-02 1.674e-02  3.265e-02    0.590    0.568
    ch4 dv/dx      y 3.106e-02 2.316e-02 1.457e-02 1.412e-02  1.412e-02  8.824e-03 5.403e-03  1.806e-02    0.371    0.383
    ch5 dv/dy      x 3.001e-02 2.321e-02 1.463e-02 1.417e-02  1.417e-02  8.882e-03 5.270e-03  1.813e-02    0.360    0.372
    ch5 dv/dy      y 2.951e-02 3.656e-02 2.908e-02 3.045e-02  3.045e-02  1.755e-02 1.770e-02  3.324e-02    0.603    0.576
    [step 1] coarse grid 30 px, predicting 15 px away:  best2nd/linear 0.481   best2nd/cubic4 0.475  (8/8 beat the cubic control)
    [step 2] coarse grid 60 px, predicting 30 px away:  best2nd/linear 1.062   best2nd/cubic4 1.017  (4/8 beat the cubic control)
    [step 4] coarse grid 120 px, predicting 60 px away:  best2nd/linear 1.581   best2nd/cubic4 1.513  (0/8 beat the cubic control)

[R3] temporal noise from the quiet stretch (frames 30-49), per channel
    ch2  du/dx     rms 3.0198e-02  sigma 2.3912e-03  SNR 12.63
    ch3  du/dy     rms 3.0175e-02  sigma 2.3929e-03  SNR 12.61
    ch4  dv/dx     rms 3.0951e-02  sigma 2.4424e-03  SNR 12.67
    ch5  dv/dy     rms 2.9970e-02  sigma 2.3947e-03  SNR 12.52
    ch6  d2u/dx2   rms 2.7723e-03  sigma 2.5587e-04  SNR 10.83
    ch7  d2u/dy2   rms 2.6556e-03  sigma 2.5202e-04  SNR 10.54
    ch8  d2u/dxdy  rms 1.7144e-03  sigma 1.6346e-04  SNR 10.49
    ch9  d2v/dx2   rms 2.7058e-03  sigma 2.5326e-04  SNR 10.68
    ch10 d2v/dy2   rms 2.7069e-03  sigma 2.5303e-04  SNR 10.70
    ch11 d2v/dxdy  rms 1.7027e-03  sigma 1.6480e-04  SNR 10.33

====================================================================================================
STAGE S -- the synthetic system.  Does SUB-CELL F structure matter?
====================================================================================================
/workspace/Plexus/src/plexus/operators/segmentation_seed.py:161: UserWarning: _bincount_cuda does not have a deterministic implementation, but you set 'torch.use_deterministic_algorithms(True, warn_only=True)'. You can file an issue at https://github.com/pytorch/pytorch/issues to help us prioritize adding deterministic support for this operation. (Triggered internally at /pytorch/aten/src/ATen/Context.cpp:157.)
  cx = torch.bincount(lab_in, weights=wx_in, minlength=n_cells + 1) / cnt
/workspace/Plexus/src/plexus/operators/segmentation_seed.py:162: UserWarning: _bincount_cuda does not have a deterministic implementation, but you set 'torch.use_deterministic_algorithms(True, warn_only=True)'. You can file an issue at https://github.com/pytorch/pytorch/issues to help us prioritize adding deterministic support for this operation. (Triggered internally at /pytorch/aten/src/ATen/Context.cpp:157.)
  cy = torch.bincount(lab_in, weights=wy_in, minlength=n_cells + 1) / cnt
  [seed_from_segmentation] 100 cells from 'cells'; 10000 particles (100 per cell); youngs 45-220 from deterministic spread (no props file); cell centres seeded: 100
[planted] C=100 Np=10000 grid 128^2 dtype=torch.float64 dx=0.0078125
          E in [40.0,216.3]  gain in [0.503,1.499]  dt=0.002 dt_sub=0.0002 (10 substeps/frame)
          warm-up 163 frames; window A = ticks 14..163 recorded
[collect] tick 165, C=100 Np=10000 n_sub=10  [36s]

[S.geom] median cell span 0.1090 world = 13.96 mpm-dx; a control grid with 6 points per cell is K=56 nodes, h=0.01818 (3.31 particles per control cell)
          RECORDING equivalent: 137 nodes, 15 px, cell ~6 points

[S.recon] F reconstruction error at the particles, |F_rec - F_true| / |F_true - I|.  `nearest` is what the pipeline does today; `bilinear` and `taylor_cd` use ch2..5 only; `taylor_ls*` is the ch6..11 idea with an IDEAL gradient (upper bound).
     pts/cell     K    h/dx  p/cell  empty  rankdef  subcellVar   nearest  bilinear  taylor_cd  taylor_ls  ls_const  tay_lsfull  lsfull/const
            2    19    7.11   30.86      0        0      0.8110    0.9116    0.9173     0.9028     0.8687    0.9130      0.8680        0.9506
            3    29    4.57   12.76      0        4      0.6811    0.8504    0.8569     0.8283     0.7666    0.8524      0.7631        0.8952
            4    38    3.46    7.30      0       28      0.5946    0.8060    0.8050     0.7786     0.6877    0.8150      0.6830        0.8380
            6    56    2.33    3.31     16      311      0.3619    0.6611    0.6722     0.6247     0.5292    0.6872      0.5067        0.7374
            8    74    1.75    1.88    384     1144      0.2099    0.5506    0.5664     0.5051     0.3872    0.5961      0.3341        0.5606
           12   111    1.16    0.83   1761     6337      0.0658    0.3518    0.3595     0.3104     0.3291    0.4748      0.1577        0.3321

====================================================================================================
STAGE I -- inject each reconstruction and fit theta.  acceptance statistic = the HELD-OUT one-frame residual
====================================================================================================
[I.band] held-out floor 0.00474  permuted null 0.59239  zero null 0.16934  (xv_ladder: 0.00474 / 0.59239 / 0.16934)

[I] control grid K=56, h=0.01818 (6 points per cell); frame cadence n_sub=10, displacement read-out
    variant             F_err   affinity       bias   fit_res     medE     medg   HELDOUT
    none                  nan  5.146e-01  0.000e+00 3.925e-01   0.2572   0.2486   0.07795
    F_lerp_TRUE        0.0000  8.038e-02  5.256e-03 1.061e-01   0.0078   0.0045   0.00674
    F_true_substep     0.0000  7.967e-02  0.000e+00 7.782e-02   0.0091   0.0062   0.00685
