/workspace/Plexus/src/plexus/operators/segmentation_seed.py:161: UserWarning: _bincount_cuda does not have a deterministic implementation, but you set 'torch.use_deterministic_algorithms(True, warn_only=True)'. You can file an issue at https://github.com/pytorch/pytorch/issues to help us prioritize adding deterministic support for this operation. (Triggered internally at /pytorch/aten/src/ATen/Context.cpp:157.)
  cx = torch.bincount(lab_in, weights=wx_in, minlength=n_cells + 1) / cnt
/workspace/Plexus/src/plexus/operators/segmentation_seed.py:162: UserWarning: _bincount_cuda does not have a deterministic implementation, but you set 'torch.use_deterministic_algorithms(True, warn_only=True)'. You can file an issue at https://github.com/pytorch/pytorch/issues to help us prioritize adding deterministic support for this operation. (Triggered internally at /pytorch/aten/src/ATen/Context.cpp:157.)
  cy = torch.bincount(lab_in, weights=wy_in, minlength=n_cells + 1) / cnt
  [seed_from_segmentation] 100 cells from 'cells'; 10000 particles (100 per cell); youngs 45-220 from deterministic spread (no props file); cell centres seeded: 100
[planted] C=100 Np=10000 grid 128^2 dtype=torch.float64 dx=0.0078125
          E in [40.0,216.3]  gain in [0.503,1.499]  dt=0.002 dt_sub=0.0002 (10 substeps/frame)
          warm-up 165 frames; window A = ticks 16..165 recorded
[percell] 95/100 cells have >=5 interior particles; reference peak displacement per cell: 0.003 .. 1.310 .. 3.259 dx
[solve] substep med|dE/E| 2.449e-07; frame med|dE/E| 0.5107
[shard 0/2] 9/17 candidates: theta_true, theta_hat_frame_ridge0, theta_const_E130_g1, theta_true_perturbed_0.01, theta_true_perturbed_0.1, theta_true_x0jitter_0.01dx, frame_DISP, blind_E130_g0.95, true_gain_x1.8

[crash test] 150-frame FREE rollouts from tick 165, margin-20 grid; each candidate scored RAW and GAUGE-FIXED (|E_ratio-1| <= 0.005)
    candidate                       medE | gauge                        |      k   Erat     loop       R2  r2cell  coord orient  rms/dx
    theta_true                    0.0000 | raw                          |  1.000  1.000   1.0000   1.0000  1.0000 1.0000 0.0000  0.0000
    theta_true                    0.0000 | gauged                       |  1.000  1.000   1.0000   1.0000  1.0000 1.0000 0.0000  0.0000
    theta_hat_frame_ridge0        0.5107 | raw                          |  1.000  2.031  -0.1636  -1.1943  0.9661 0.9223 0.0391  0.6083
    theta_hat_frame_ridge0        0.5107 | gauged                       |  0.497  1.000   0.5862   0.2405  0.9681 0.9522 0.0322  0.3639
    theta_const_E130_g1           0.3180 | raw                          |  1.000  0.908   0.7372   0.8023  0.9620 0.9968 0.0413  0.2056
    theta_const_E130_g1           0.3180 | gauged                       |  1.088  1.003   0.6503   0.8162  0.9633 0.9971 0.0443  0.1983
    theta_true_perturbed_0.01     0.0023 | raw                          |  1.000  1.001   0.9998   1.0000  1.0000 1.0000 0.0005  0.0024
    theta_true_perturbed_0.01     0.0023 | gauged                       |  1.000  1.001   0.9998   1.0000  1.0000 1.0000 0.0005  0.0024
    theta_true_perturbed_0.1      0.0230 | raw                          |  1.000  1.007   0.9752   0.9972  0.9997 1.0000 0.0043  0.0240
    theta_true_perturbed_0.1      0.0230 | gauged                       |  0.997  1.004   0.9762   0.9974  0.9997 1.0000 0.0038  0.0235
    theta_true_x0jitter_0.01dx    0.0000 | raw                          |  1.000  0.998   0.9855   0.9978  0.9999 1.0000 0.0051  0.0217
    theta_true_x0jitter_0.01dx    0.0000 | gauged                       |  1.000  0.998   0.9855   0.9978  0.9999 1.0000 0.0051  0.0217
    frame_DISP                    0.2572 | raw                          |  1.000  1.216   0.5865   0.7471  0.9959 0.9945 0.0208  0.2097
    frame_DISP                    0.2572 | gauged                       |  0.810  1.000   0.8575   0.8637  0.9973 0.9957 0.0157  0.1590
    blind_E130_g0.95              0.3180 | raw                          |  1.000  0.863   0.7599   0.7842  0.9603 0.9964 0.0347  0.2141
    blind_E130_g0.95              0.3180 | gauged                       |  1.142  1.000   0.6545   0.8165  0.9633 0.9971 0.0445  0.1982
    true_gain_x1.8                0.0000 | raw                          |  1.000  1.943  -0.1764   0.0380  0.9850 0.9996 0.0542  0.4246
    true_gain_x1.8                0.0000 | gauged                       |  0.558  1.004   0.9995   0.9999  1.0000 1.0000 0.0006  0.0037

[nulls]
/workspace/.conda_envs/neural-graph-linux/lib/python3.12/site-packages/numpy/lib/_function_base_impl.py:3045: RuntimeWarning: invalid value encountered in divide
  c /= stddev[:, None]
/workspace/.conda_envs/neural-graph-linux/lib/python3.12/site-packages/numpy/lib/_function_base_impl.py:3046: RuntimeWarning: invalid value encountered in divide
  c /= stddev[None, :]
    do_nothing                   loopscore   0.2603  coord      n/a  r2_percell      n/a
    replay_previous_beat         loopscore   0.2917  coord   0.8736  r2_percell   0.8549
    identity                     loopscore   1.0000  coord   1.0000  r2_percell   1.0000
    percell_shuffled_reference   loopscore      n/a  coord      n/a  r2_percell  -1.0906
    percell_flat_mean            loopscore      n/a  coord      n/a  r2_percell   0.0000

wrote crash_round2_s0.json  [276 s]
