/workspace/Plexus/src/plexus/operators/segmentation_seed.py:161: UserWarning: _bincount_cuda does not have a deterministic implementation, but you set 'torch.use_deterministic_algorithms(True, warn_only=True)'. You can file an issue at https://github.com/pytorch/pytorch/issues to help us prioritize adding deterministic support for this operation. (Triggered internally at /pytorch/aten/src/ATen/Context.cpp:157.)
  cx = torch.bincount(lab_in, weights=wx_in, minlength=n_cells + 1) / cnt
/workspace/Plexus/src/plexus/operators/segmentation_seed.py:162: UserWarning: _bincount_cuda does not have a deterministic implementation, but you set 'torch.use_deterministic_algorithms(True, warn_only=True)'. You can file an issue at https://github.com/pytorch/pytorch/issues to help us prioritize adding deterministic support for this operation. (Triggered internally at /pytorch/aten/src/ATen/Context.cpp:157.)
  cy = torch.bincount(lab_in, weights=wy_in, minlength=n_cells + 1) / cnt
  [seed_from_segmentation] 100 cells from 'cells'; 10000 particles (100 per cell); youngs 45-220 from deterministic spread (no props file); cell centres seeded: 100
[planted] C=100 Np=10000 grid 128^2 dtype=torch.float64 dx=0.0078125
          E in [40.0,216.3]  gain in [0.503,1.499]  dt=0.002 dt_sub=0.0002 (10 substeps/frame)
          warm-up 165 frames; window A = ticks 16..165 recorded
[control] clean F_lerp at t0=165: med|dE/E| 0.007777 (finject.json 0.0077773; delta 3.21e-08)
[control] sigma_F = 0: ||Sigma||_F/||G0||_F 1.08e-16  ||Sigma||_2/||G0||_2 1.07e-16  naive medE 0.007777  eiv_trunc1 medE 0.007778 (rank 200/200)

[eiv] sigma_F = 0.0039 COHERENT per frame boundary, sigma_x = 2e-05; K = 8; 6 independent measurement draws
    draw           naive        eiv_full  naive_trunc0.3    naive_trunc1    eiv_trunc0.3      eiv_trunc1        eiv_snr0      eiv_snr0.3        eiv_snr1
       0  0.5364/ 0.395  0.2748/-1.872  0.5750/ 0.347  0.9941/ 0.108  0.5041/ 0.383  0.9975/ 0.062  0.1375/ 0.999  0.1737/ 0.549  0.2935/ 0.419
         min eig  corrected -3.222e-08  naive 7.043e-15;  ||Sigma||_2 2.653e-07 = 1.05e-03 of ||G0||_2;  ranks tau=0.3:104, tau=1:83, eiv_snr0:191, eiv_snr0.3:153, eiv_snr1:131
       1  0.5559/ 0.370  0.0993/ 0.062  0.4931/ 0.379  0.9878/ 0.151  0.4198/ 0.397  0.9875/ 0.132  0.1186/ 0.390  0.0954/ 0.592  0.4726/ 0.374
       2  0.5537/ 0.375  0.1671/ 0.817  0.5303/ 0.388  0.9606/ 0.171  0.2629/ 0.462  0.9891/ 0.123  0.1579/ 0.984  0.1595/ 0.530  0.4070/ 0.406
       3  0.5458/ 0.389  0.2221/ 9.921  0.5925/ 0.362  0.9783/ 0.146  0.4209/ 0.394  0.9981/ 0.059  0.2385/ 9.966  0.1572/ 0.544  0.4216/ 0.403
       4  0.5441/ 0.382  0.1828/ 0.494  0.5552/ 0.347  0.9996/ 0.013  0.6148/ 0.339  0.9992/ 0.018  0.1779/ 0.728  0.1320/ 0.561  0.2942/ 0.455
       5  0.5162/ 0.396  0.2105/ 0.841  0.5844/ 0.352  0.9956/ 0.090  0.3566/ 0.408  0.9990/ 0.044  0.1865/ 1.081  0.2262/ 0.571  0.3684/ 0.404

[summary] over 6 draws
    solver              medE med   medE sd  medE max  mratio med  mratio min  mratio max   slope  negE  rank    lam_min
    naive                 0.5449    0.0132    0.5559       0.386       0.370       0.396   0.326    10  None        n/a
    eiv_full              0.1967    0.0538    0.2748       0.656      -1.872       9.921   0.454    14  None        n/a
    naive_trunc0.3        0.5651    0.0344    0.5925       0.357       0.347       0.388   0.279    23   123   6.04e-08
    naive_trunc1          0.9909    0.0132    0.9996       0.127       0.013       0.171   0.050    34    86   2.01e-07
    eiv_trunc0.3          0.4203    0.1104    0.6148       0.396       0.339       0.462   0.345    31   104   6.23e-08
    eiv_trunc1            0.9978    0.0048    0.9992       0.061       0.018       0.132  -0.016    40    83   2.11e-07
    eiv_snr0              0.1679    0.0384    0.2385       0.991       0.390       9.966   0.825    13   191   2.60e-07
    eiv_snr0.3            0.1583    0.0398    0.2262       0.555       0.530       0.592   0.515    24   153   3.09e-01
    eiv_snr1              0.3877    0.0657    0.4726       0.405       0.374       0.455   0.317    30   131   1.00e+00

[wrong sigma] the correction is run at a MIS-STATED sigma (draw 0's data)
    sigma used =  0.5 x true: eiv_trunc1 medE 0.5103  mean ratio 0.362  rank 107
    sigma used = 0.75 x true: eiv_trunc1 medE 0.9247  mean ratio 0.216  rank 95
    sigma used =    1 x true: eiv_trunc1 medE 0.9945  mean ratio 0.092  rank 87
    sigma used =  1.5 x true: eiv_trunc1 medE 1.0000  mean ratio 0.013  rank 73
    sigma used =    2 x true: eiv_trunc1 medE 1.0000  mean ratio -0.025  rank 63

wrote round4_eiv.json [1146 s]
